Renesas Optimizing Linker (W3.05.00 )             11-May-2024 11:01:30

*** Options ***

-subcommand=DefaultBuild\MilkshopAUTOSAR.clnk
-input=DefaultBuild\alarm.obj
-input=DefaultBuild\event.obj
-input=DefaultBuild\isr2.obj
-input=DefaultBuild\resource.obj
-input=DefaultBuild\scheduler.obj
-input=DefaultBuild\system.obj
-input=DefaultBuild\task.obj
-input=DefaultBuild\alarm_Cfg.obj
-input=DefaultBuild\event_Cfg.obj
-input=DefaultBuild\isr_Cfg.obj
-input=DefaultBuild\resource_Cfg.obj
-input=DefaultBuild\task_Cfg.obj
-input=DefaultBuild\board.obj
-input=DefaultBuild\boot.obj
-input=DefaultBuild\context.obj
-input=DefaultBuild\cstart1.obj
-input=DefaultBuild\cstart2.obj
-input=DefaultBuild\GPIO.obj
-input=DefaultBuild\ISRInit.obj
-input=DefaultBuild\timer.obj
-input=DefaultBuild\r_clkc.obj
-input=DefaultBuild\r_intc.obj
-input=DefaultBuild\r_port.obj
-input=DefaultBuild\r_rlin.obj
-input=DefaultBuild\r_uart.obj
-input=DefaultBuild\r_lin.obj
-input=DefaultBuild\application_Cfg.obj
-input=DefaultBuild\memprot_Cfg.obj
-input=DefaultBuild\os_Cfg.obj
-input=DefaultBuild\spinlock_Cfg.obj
-input=DefaultBuild\timingprot_Cfg.obj
-input=DefaultBuild\application.obj
-input=DefaultBuild\spinlock.obj
-input=DefaultBuild\timingprot.obj
-input=DefaultBuild\boot2.obj
-input=DefaultBuild\core.obj
-input=DefaultBuild\lock.obj
-input=DefaultBuild\memprot.obj
-input=DefaultBuild\systemcall.obj
-input=DefaultBuild\counter_Cfg.obj
-input=DefaultBuild\counter.obj
-input=DefaultBuild\ScheduleTable.obj
-input=DefaultBuild\scheduleTable_Cfg.obj
-input=DefaultBuild\string_format_test.obj
-input=DefaultBuild\softwaretimer_Cfg.obj
-input=DefaultBuild\softwaretimer.obj
-input=DefaultBuild\trustedfunc_Cfg.obj
-input=DefaultBuild\peripheral.obj
-input=DefaultBuild\Ioc.obj
-input=DefaultBuild\Rte_Client_Runnable_1.obj
-input=DefaultBuild\Rte_Server_Runnable_1.obj
-input=DefaultBuild\Rte_Client_Runnable_2.obj
-input=DefaultBuild\Rte_Server_Runnable_3.obj
-input=DefaultBuild\Rte_Server_Runnable_2.obj
-input=DefaultBuild\Rte.obj
-input=DefaultBuild\rte_event_cfg.obj
-input=DefaultBuild\Transformer_stub.obj
-input=DefaultBuild\app1.obj
-input=DefaultBuild\app2.obj
-input=DefaultBuild\app3.obj
-input=DefaultBuild\app4.obj
-input=DefaultBuild\hook.obj
-input=DefaultBuild\main.obj
-input=DefaultBuild\main_pe2.obj
-input=DefaultBuild\ringbuffer.obj
-input=DefaultBuild\Rte_Client_Response_Runnable_1.obj
-input=DefaultBuild\Rte_Client_Response_Runnable_2.obj
-input=DefaultBuild\Rte_Cs_Data_Management.obj
-debug
-nocompress
-NOOPtimize
-output=DefaultBuild\MilkshopAUTOSAR.abs
-library=v850e3v5\rhf8n.lib
-library=v850e3v5\libmalloc.lib
-list=DefaultBuild\MilkshopAUTOSAR.map
-start=RESET_PE1,EIINTTBL_PE1,SYSTEMCALLTBL/0,.text,IOC_RESERVED_SEC.text,USER_SHARED_SEC.text,LOCAL_RAM_PE1.text,LOCAL_RAM_PE2.text,SELF_AREA.text,GLOBAL_RAM_A.text,RETENTION_RAM.text,OSAPP_A01_SEC.text,ISR_I001_SEC.text,ISR_I002_SEC.text,ISR_I003_SEC.text,ISR_I004_SEC.text,TASK_T001_SEC.text,TASK_T002_SEC.text,TASK_T003_SEC.text,OSAPP_A02_SEC.text,ISR_I101_SEC.text,ISR_I102_SEC.text,ISR_I103_SEC.text,ISR_I104_SEC.text,TASK_T101_SEC.text,TASK_T102_SEC.text,TASK_T103_SEC.text,OSAPP_A03_SEC.text,ISR_I005_SEC.text,ISR_I006_SEC.text,TASK_T004_SEC.text,TASK_T005_SEC.text,TASK_T006_SEC.text,OSAPP_A04_SEC.text,ISR_I105_SEC.text,ISR_I106_SEC.text,TASK_T104_SEC.text,TASK_T105_SEC.text,TASK_T106_SEC.text,GLOBAL_RAM_B.text/00008000,RESET_PE2,EIINTTBL_PE2,.const,IOC_RESERVED_SEC.const,USER_SHARED_SEC.const,LOCAL_RAM_PE1.const,LOCAL_RAM_PE2.const,SELF_AREA.const,OSAPP_A01_SEC.const,ISR_I001_SEC.const,ISR_I002_SEC.const,ISR_I003_SEC.const,ISR_I004_SEC.const,TASK_T001_SEC.const,TASK_T002_SEC.const,TASK_T003_SEC.const,OSAPP_A02_SEC.const,ISR_I101_SEC.const,ISR_I102_SEC.const,ISR_I103_SEC.const,ISR_I104_SEC.const,TASK_T101_SEC.const,TASK_T102_SEC.const,TASK_T103_SEC.const,OSAPP_A03_SEC.const,ISR_I005_SEC.const,ISR_I006_SEC.const,TASK_T004_SEC.const,TASK_T005_SEC.const,TASK_T006_SEC.const,OSAPP_A04_SEC.const,ISR_I105_SEC.const,ISR_I106_SEC.const,TASK_T104_SEC.const,TASK_T105_SEC.const,TASK_T106_SEC.const,TASK_SysTask_core0.const,TASK_SysTask_core1.const,GLOBAL_RAM_A.const,RETENTION_RAM.const,GLOBAL_RAM_B.const,.data,IOC_RESERVED_SEC.data,USER_SHARED_SEC.data,LOCAL_RAM_PE1.data,LOCAL_RAM_PE2.data,SELF_AREA.data,OSAPP_A01_SEC.data,ISR_I001_SEC.data,ISR_I002_SEC.data,ISR_I003_SEC.data,ISR_I004_SEC.data,TASK_T001_SEC.data,TASK_T002_SEC.data,TASK_T003_SEC.data,OSAPP_A02_SEC.data,ISR_I101_SEC.data,ISR_I102_SEC.data,ISR_I103_SEC.data,ISR_I104_SEC.data,TASK_T101_SEC.data,TASK_T102_SEC.data,TASK_T103_SEC.data,OSAPP_A03_SEC.data,ISR_I005_SEC.data,ISR_I006_SEC.data,TASK_T004_SEC.data,TASK_T005_SEC.data,TASK_T006_SEC.data,OSAPP_A04_SEC.data,ISR_I105_SEC.data,ISR_I106_SEC.data,TASK_T104_SEC.data,TASK_T105_SEC.data,TASK_T106_SEC.data,TASK_SysTask_core0.data,TASK_SysTask_core1.data,GLOBAL_RAM_A.data,RETENTION_RAM.data,GLOBAL_RAM_B.data/00800000,LOCAL_RAM_PE2.bss,LOCAL_RAM_PE2.data.R,OSAPP_A02_SEC.bss,OSAPP_A02_SEC.data.R,ISR_I101_SEC.bss,ISR_I101_SEC.data.R,ISR_I102_SEC.bss,ISR_I102_SEC.data.R,ISR_I103_SEC.bss,ISR_I103_SEC.data.R,ISR_I104_SEC.bss,ISR_I104_SEC.data.R,TASK_T101_SEC.bss,TASK_T101_SEC.data.R,TASK_T102_SEC.bss,TASK_T102_SEC.data.R,TASK_T103_SEC.bss,TASK_T103_SEC.data.R,OSAPP_A04_SEC.bss,OSAPP_A04_SEC.data.R,ISR_I105_SEC.bss,ISR_I105_SEC.data.R,ISR_I106_SEC.bss,ISR_I106_SEC.data.R,TASK_T104_SEC.bss,TASK_T104_SEC.data.R,TASK_T105_SEC.bss,TASK_T105_SEC.data.R,TASK_T106_SEC.bss,TASK_T106_SEC.data.R,TASK_SysTask_core1.bss,TASK_SysTask_core1.data.R,ALL_TASK_ISR_STACK_PE2.bss,system_pe2_stack.bss/FE9E0000,LOCAL_RAM_PE1.bss,LOCAL_RAM_PE1.data.R,OSAPP_A01_SEC.bss,OSAPP_A01_SEC.data.R,ISR_I001_SEC.bss,ISR_I001_SEC.data.R,ISR_I002_SEC.bss,ISR_I002_SEC.data.R,ISR_I003_SEC.bss,ISR_I003_SEC.data.R,ISR_I004_SEC.bss,ISR_I004_SEC.data.R,TASK_T001_SEC.bss,TASK_T001_SEC.data.R,TASK_T002_SEC.bss,TASK_T002_SEC.data.R,TASK_T003_SEC.bss,TASK_T003_SEC.data.R,OSAPP_A03_SEC.bss,OSAPP_A03_SEC.data.R,ISR_I005_SEC.bss,ISR_I005_SEC.data.R,ISR_I006_SEC.bss,ISR_I006_SEC.data.R,TASK_T004_SEC.bss,TASK_T004_SEC.data.R,TASK_T005_SEC.bss,TASK_T005_SEC.data.R,TASK_T006_SEC.bss,TASK_T006_SEC.data.R,TASK_SysTask_core0.bss,TASK_SysTask_core0.data.R,ALL_TASK_ISR_STACK_PE1.bss,system_pe1_stack.bss/FEBC0000,SELF_AREA.bss,SELF_AREA.data.R/FEDFE000,IOC_RESERVED_SEC.bss,IOC_RESERVED_SEC.data.R,GLOBAL_RAM_A.bss,GLOBAL_RAM_A.data.R/FEEF8000,.bss,.data.R,RETENTION_RAM.bss,RETENTION_RAM.data.R/FEF01000,USER_SHARED_SEC.bss,USER_SHARED_SEC.data.R,GLOBAL_RAM_B.bss,GLOBAL_RAM_B.data.R/FEFF8000
-rom=.data=.data.R,IOC_RESERVED_SEC.data=IOC_RESERVED_SEC.data.R,USER_SHARED_SEC.data=USER_SHARED_SEC.data.R,LOCAL_RAM_PE2.data=LOCAL_RAM_PE2.data.R,LOCAL_RAM_PE1.data=LOCAL_RAM_PE1.data.R,SELF_AREA.data=SELF_AREA.data.R,GLOBAL_RAM_A.data=GLOBAL_RAM_A.data.R,RETENTION_RAM.data=RETENTION_RAM.data.R,GLOBAL_RAM_B.data=GLOBAL_RAM_B.data.R,OSAPP_A01_SEC.data=OSAPP_A01_SEC.data.R,ISR_I001_SEC.data=ISR_I001_SEC.data.R,ISR_I002_SEC.data=ISR_I002_SEC.data.R,ISR_I003_SEC.data=ISR_I003_SEC.data.R,ISR_I004_SEC.data=ISR_I004_SEC.data.R,TASK_T001_SEC.data=TASK_T001_SEC.data.R,TASK_T002_SEC.data=TASK_T002_SEC.data.R,TASK_T003_SEC.data=TASK_T003_SEC.data.R,OSAPP_A02_SEC.data=OSAPP_A02_SEC.data.R,ISR_I101_SEC.data=ISR_I101_SEC.data.R,ISR_I102_SEC.data=ISR_I102_SEC.data.R,ISR_I103_SEC.data=ISR_I103_SEC.data.R,ISR_I104_SEC.data=ISR_I104_SEC.data.R,TASK_T101_SEC.data=TASK_T101_SEC.data.R,TASK_T102_SEC.data=TASK_T102_SEC.data.R,TASK_T103_SEC.data=TASK_T103_SEC.data.R,OSAPP_A03_SEC.data=OSAPP_A03_SEC.data.R,ISR_I005_SEC.data=ISR_I005_SEC.data.R,ISR_I006_SEC.data=ISR_I006_SEC.data.R,TASK_T004_SEC.data=TASK_T004_SEC.data.R,TASK_T005_SEC.data=TASK_T005_SEC.data.R,TASK_T006_SEC.data=TASK_T006_SEC.data.R,OSAPP_A04_SEC.data=OSAPP_A04_SEC.data.R,ISR_I105_SEC.data=ISR_I105_SEC.data.R,ISR_I106_SEC.data=ISR_I106_SEC.data.R,TASK_T104_SEC.data=TASK_T104_SEC.data.R,TASK_T105_SEC.data=TASK_T105_SEC.data.R,TASK_T106_SEC.data=TASK_T106_SEC.data.R,TASK_SysTask_core0.data=TASK_SysTask_core0.data.R,TASK_SysTask_core1.data=TASK_SysTask_core1.data.R
-memory=high
-nologo
-end

*** Error information ***

W0561120:Section address is not assigned to "TASK_SysTask_core0.text"
W0561120:Section address is not assigned to "TASK_SysTask_core1.text"

*** Mapping List ***

SECTION                            START      END         SIZE   ALIGN
RESET_PE1
                                  00000000  000001f7       1f8   200
EIINTTBL_PE1
                                  00000200  0000077b       57c   200
SYSTEMCALLTBL
                                  00000800  00000863        64   200
.text
                                  00008000  00024e39     1ce3a   2
IOC_RESERVED_SEC.text
                                  00024e3a  00024e3b         2   2
USER_SHARED_SEC.text
                                  00024e3c  00025abd       c82   2
LOCAL_RAM_PE1.text
                                  00025abe  00025abf         2   2
LOCAL_RAM_PE2.text
                                  00025ac0  00025ac1         2   2
SELF_AREA.text
                                  00025ac2  00025ac3         2   2
GLOBAL_RAM_A.text
                                  00025ac4  00025ac5         2   2
RETENTION_RAM.text
                                  00025ac6  00025ac7         2   2
OSAPP_A01_SEC.text
                                  00025ac8  00025c9d       1d6   2
ISR_I001_SEC.text
                                  00025c9e  00025cb1        14   2
ISR_I002_SEC.text
                                  00025cb2  00025cc5        14   2
ISR_I003_SEC.text
                                  00025cc6  00025cd9        14   2
ISR_I004_SEC.text
                                  00025cda  00025ced        14   2
TASK_T001_SEC.text
                                  00025cee  0002642b       73e   2
TASK_T002_SEC.text
                                  0002642c  00026453        28   2
TASK_T003_SEC.text
                                  00026454  0002647b        28   2
OSAPP_A02_SEC.text
                                  0002647c  00026617       19c   2
ISR_I101_SEC.text
                                  00026618  0002662b        14   2
ISR_I102_SEC.text
                                  0002662c  0002663f        14   2
ISR_I103_SEC.text
                                  00026640  00026653        14   2
ISR_I104_SEC.text
                                  00026654  00026667        14   2
TASK_T101_SEC.text
                                  00026668  00026dbb       754   2
TASK_T102_SEC.text
                                  00026dbc  00026dbf         4   2
TASK_T103_SEC.text
                                  00026dc0  00026dc3         4   2
OSAPP_A03_SEC.text
                                  00026dc4  00026f35       172   2
ISR_I005_SEC.text
                                  00026f36  00026f49        14   2
ISR_I006_SEC.text
                                  00026f4a  00026f5d        14   2
TASK_T004_SEC.text
                                  00026f5e  00026f81        24   2
TASK_T005_SEC.text
                                  00026f82  00026f99        18   2
TASK_T006_SEC.text
                                  00026f9a  00026fb1        18   2
OSAPP_A04_SEC.text
                                  00026fb2  0002710f       15e   2
ISR_I105_SEC.text
                                  00027110  00027123        14   2
ISR_I106_SEC.text
                                  00027124  00027137        14   2
TASK_T104_SEC.text
                                  00027138  00027145         e   2
TASK_T105_SEC.text
                                  00027146  00027153         e   2
TASK_T106_SEC.text
                                  00027154  00027161         e   2
GLOBAL_RAM_B.text
                                  00027162  00027163         2   2
RESET_PE2
                                  00800000  008001f7       1f8   200
EIINTTBL_PE2
                                  00800200  008009ff       800   200
.const
                                  00800a00  00801cd9      12da   4
IOC_RESERVED_SEC.const
                                  00801cdc  00801cdf         4   4
USER_SHARED_SEC.const
                                  00801ce0  00801ce3         4   4
LOCAL_RAM_PE1.const
                                  00801ce4  00801ce7         4   4
LOCAL_RAM_PE2.const
                                  00801ce8  00801ceb         4   4
SELF_AREA.const
                                  00801cec  00801cef         4   4
OSAPP_A01_SEC.const
                                  00801cf0  00801f22       233   4
ISR_I001_SEC.const
                                  00801f24  00801f3f        1c   4
ISR_I002_SEC.const
                                  00801f40  00801f5b        1c   4
ISR_I003_SEC.const
                                  00801f5c  00801f77        1c   4
ISR_I004_SEC.const
                                  00801f78  00801f93        1c   4
TASK_T001_SEC.const
                                  00801f94  00801fd1        3e   4
TASK_T002_SEC.const
                                  00801fd4  00801fd7         4   4
TASK_T003_SEC.const
                                  00801fd8  00801fdb         4   4
OSAPP_A02_SEC.const
                                  00801fdc  008021ea       20f   4
ISR_I101_SEC.const
                                  008021ec  00802206        1b   4
ISR_I102_SEC.const
                                  00802208  00802222        1b   4
ISR_I103_SEC.const
                                  00802224  0080223e        1b   4
ISR_I104_SEC.const
                                  00802240  0080225a        1b   4
TASK_T101_SEC.const
                                  0080225c  00802280        25   4
TASK_T102_SEC.const
                                  00802284  00802287         4   4
TASK_T103_SEC.const
                                  00802288  0080228b         4   4
OSAPP_A03_SEC.const
                                  0080228c  00802492       207   4
ISR_I005_SEC.const
                                  00802494  008024af        1c   4
ISR_I006_SEC.const
                                  008024b0  008024cb        1c   4
TASK_T004_SEC.const
                                  008024cc  008024db        10   4
TASK_T005_SEC.const
                                  008024dc  008024eb        10   4
TASK_T006_SEC.const
                                  008024ec  008024fb        10   4
OSAPP_A04_SEC.const
                                  008024fc  008026e0       1e5   4
ISR_I105_SEC.const
                                  008026e4  008026fe        1b   4
ISR_I106_SEC.const
                                  00802700  0080271a        1b   4
TASK_T104_SEC.const
                                  0080271c  0080271f         4   4
TASK_T105_SEC.const
                                  00802720  00802723         4   4
TASK_T106_SEC.const
                                  00802724  00802727         4   4
TASK_SysTask_core0.const
                                  00802728  0080272b         4   4
TASK_SysTask_core1.const
                                  0080272c  0080272f         4   4
GLOBAL_RAM_A.const
                                  00802730  00802733         4   4
RETENTION_RAM.const
                                  00802734  00802737         4   4
GLOBAL_RAM_B.const
                                  00802738  0080273b         4   4
.data
                                  0080273c  008042df      1ba4   4
IOC_RESERVED_SEC.data
                                  008042e0  008042e3         4   4
USER_SHARED_SEC.data
                                  008042e4  008042ed         a   4
LOCAL_RAM_PE1.data
                                  008042f0  008042f5         6   4
LOCAL_RAM_PE2.data
                                  008042f8  008042fb         4   4
SELF_AREA.data
                                  008042fc  008042ff         4   4
OSAPP_A01_SEC.data
                                  00804300  00804309         a   4
ISR_I001_SEC.data
                                  0080430c  0080430f         4   4
ISR_I002_SEC.data
                                  00804310  00804317         8   4
ISR_I003_SEC.data
                                  00804318  0080431b         4   4
ISR_I004_SEC.data
                                  0080431c  0080431f         4   4
TASK_T001_SEC.data
                                  00804320  00804327         8   4
TASK_T002_SEC.data
                                  00804328  0080432f         8   4
TASK_T003_SEC.data
                                  00804330  00804333         4   4
OSAPP_A02_SEC.data
                                  00804334  0080433b         8   4
ISR_I101_SEC.data
                                  0080433c  0080433f         4   4
ISR_I102_SEC.data
                                  00804340  00804343         4   4
ISR_I103_SEC.data
                                  00804344  00804347         4   4
ISR_I104_SEC.data
                                  00804348  0080434b         4   4
TASK_T101_SEC.data
                                  0080434c  0080434f         4   4
TASK_T102_SEC.data
                                  00804350  00804353         4   4
TASK_T103_SEC.data
                                  00804354  00804357         4   4
OSAPP_A03_SEC.data
                                  00804358  00804363         c   4
ISR_I005_SEC.data
                                  00804364  00804367         4   4
ISR_I006_SEC.data
                                  00804368  0080436b         4   4
TASK_T004_SEC.data
                                  0080436c  0080436f         4   4
TASK_T005_SEC.data
                                  00804370  00804373         4   4
TASK_T006_SEC.data
                                  00804374  00804377         4   4
OSAPP_A04_SEC.data
                                  00804378  0080437f         8   4
ISR_I105_SEC.data
                                  00804380  00804383         4   4
ISR_I106_SEC.data
                                  00804384  00804387         4   4
TASK_T104_SEC.data
                                  00804388  0080438b         4   4
TASK_T105_SEC.data
                                  0080438c  0080438f         4   4
TASK_T106_SEC.data
                                  00804390  00804393         4   4
TASK_SysTask_core0.data
                                  00804394  00804397         4   4
TASK_SysTask_core1.data
                                  00804398  0080439b         4   4
GLOBAL_RAM_A.data
                                  0080439c  0080439f         4   4
RETENTION_RAM.data
                                  008043a0  008043a3         4   4
GLOBAL_RAM_B.data
                                  008043a4  008043a7         4   4
LOCAL_RAM_PE2.bss
                                  fe9e0000  fe9e0003         4   4
LOCAL_RAM_PE2.data.R
                                  fe9e0004  fe9e0007         4   4
OSAPP_A02_SEC.bss
                                  fe9e0008  fe9e000b         4   4
OSAPP_A02_SEC.data.R
                                  fe9e000c  fe9e0013         8   4
ISR_I101_SEC.bss
                                  fe9e0014  fe9e0017         4   4
ISR_I101_SEC.data.R
                                  fe9e0018  fe9e001b         4   4
ISR_I102_SEC.bss
                                  fe9e001c  fe9e001f         4   4
ISR_I102_SEC.data.R
                                  fe9e0020  fe9e0023         4   4
ISR_I103_SEC.bss
                                  fe9e0024  fe9e0027         4   4
ISR_I103_SEC.data.R
                                  fe9e0028  fe9e002b         4   4
ISR_I104_SEC.bss
                                  fe9e002c  fe9e002f         4   4
ISR_I104_SEC.data.R
                                  fe9e0030  fe9e0033         4   4
TASK_T101_SEC.bss
                                  fe9e0034  fe9e0037         4   4
TASK_T101_SEC.data.R
                                  fe9e0038  fe9e003b         4   4
TASK_T102_SEC.bss
                                  fe9e003c  fe9e003f         4   4
TASK_T102_SEC.data.R
                                  fe9e0040  fe9e0043         4   4
TASK_T103_SEC.bss
                                  fe9e0044  fe9e0047         4   4
TASK_T103_SEC.data.R
                                  fe9e0048  fe9e004b         4   4
OSAPP_A04_SEC.bss
                                  fe9e004c  fe9e004f         4   4
OSAPP_A04_SEC.data.R
                                  fe9e0050  fe9e0057         8   4
ISR_I105_SEC.bss
                                  fe9e0058  fe9e005b         4   4
ISR_I105_SEC.data.R
                                  fe9e005c  fe9e005f         4   4
ISR_I106_SEC.bss
                                  fe9e0060  fe9e0063         4   4
ISR_I106_SEC.data.R
                                  fe9e0064  fe9e0067         4   4
TASK_T104_SEC.bss
                                  fe9e0068  fe9e006b         4   4
TASK_T104_SEC.data.R
                                  fe9e006c  fe9e006f         4   4
TASK_T105_SEC.bss
                                  fe9e0070  fe9e0073         4   4
TASK_T105_SEC.data.R
                                  fe9e0074  fe9e0077         4   4
TASK_T106_SEC.bss
                                  fe9e0078  fe9e007b         4   4
TASK_T106_SEC.data.R
                                  fe9e007c  fe9e007f         4   4
TASK_SysTask_core1.bss
                                  fe9e0080  fe9e0093        14   4
TASK_SysTask_core1.data.R
                                  fe9e0094  fe9e0097         4   4
ALL_TASK_ISR_STACK_PE2.bss
                                  fe9e0098  fe9e1897      1800   4
system_pe2_stack.bss
                                  fe9e1898  fe9e1c97       400   4
LOCAL_RAM_PE1.bss
                                  febc0000  febc0003         4   4
LOCAL_RAM_PE1.data.R
                                  febc0004  febc0009         6   4
OSAPP_A01_SEC.bss
                                  febc000c  febc000f         4   4
OSAPP_A01_SEC.data.R
                                  febc0010  febc0019         a   4
ISR_I001_SEC.bss
                                  febc001c  febc001f         4   4
ISR_I001_SEC.data.R
                                  febc0020  febc0023         4   4
ISR_I002_SEC.bss
                                  febc0024  febc0027         4   4
ISR_I002_SEC.data.R
                                  febc0028  febc002f         8   4
ISR_I003_SEC.bss
                                  febc0030  febc0033         4   4
ISR_I003_SEC.data.R
                                  febc0034  febc0037         4   4
ISR_I004_SEC.bss
                                  febc0038  febc003b         4   4
ISR_I004_SEC.data.R
                                  febc003c  febc003f         4   4
TASK_T001_SEC.bss
                                  febc0040  febc0043         4   4
TASK_T001_SEC.data.R
                                  febc0044  febc004b         8   4
TASK_T002_SEC.bss
                                  febc004c  febc004f         4   4
TASK_T002_SEC.data.R
                                  febc0050  febc0057         8   4
TASK_T003_SEC.bss
                                  febc0058  febc005b         4   4
TASK_T003_SEC.data.R
                                  febc005c  febc005f         4   4
OSAPP_A03_SEC.bss
                                  febc0060  febc0063         4   4
OSAPP_A03_SEC.data.R
                                  febc0064  febc006f         c   4
ISR_I005_SEC.bss
                                  febc0070  febc0073         4   4
ISR_I005_SEC.data.R
                                  febc0074  febc0077         4   4
ISR_I006_SEC.bss
                                  febc0078  febc007b         4   4
ISR_I006_SEC.data.R
                                  febc007c  febc007f         4   4
TASK_T004_SEC.bss
                                  febc0080  febc0083         4   4
TASK_T004_SEC.data.R
                                  febc0084  febc0087         4   4
TASK_T005_SEC.bss
                                  febc0088  febc008b         4   4
TASK_T005_SEC.data.R
                                  febc008c  febc008f         4   4
TASK_T006_SEC.bss
                                  febc0090  febc0093         4   4
TASK_T006_SEC.data.R
                                  febc0094  febc0097         4   4
TASK_SysTask_core0.bss
                                  febc0098  febc00ab        14   4
TASK_SysTask_core0.data.R
                                  febc00ac  febc00af         4   4
ALL_TASK_ISR_STACK_PE1.bss
                                  febc00b0  febc18af      1800   4
system_pe1_stack.bss
                                  febc18b0  febc1caf       400   4
SELF_AREA.bss
                                  fedfe000  fedfe053        54   4
SELF_AREA.data.R
                                  fedfe054  fedfe057         4   4
IOC_RESERVED_SEC.bss
                                  feef8000  feef8003         4   4
IOC_RESERVED_SEC.data.R
                                  feef8004  feef8007         4   4
GLOBAL_RAM_A.bss
                                  feef8008  feef802b        24   4
GLOBAL_RAM_A.data.R
                                  feef802c  feef802f         4   4
.bss
                                  fef01000  fef02d45      1d46   4
.data.R
                                  fef02d48  fef048eb      1ba4   4
RETENTION_RAM.bss
                                  fef048ec  fef048ef         4   4
RETENTION_RAM.data.R
                                  fef048f0  fef048f3         4   4
USER_SHARED_SEC.bss
                                  feff8000  feff8043        44   4
USER_SHARED_SEC.data.R
                                  feff8044  feff804d         a   4
GLOBAL_RAM_B.bss
                                  feff8050  feff8053         4   4
GLOBAL_RAM_B.data.R
                                  feff8054  feff8057         4   4
TASK_SysTask_core0.text
                                  feff8058  feff8059         2   2
TASK_SysTask_core1.text
                                  feff805a  feff805b         2   2
