Renesas Optimizing Linker (W3.05.00 )             21-Apr-2024 13:45:03

*** Options ***

-subcommand=DefaultBuild\MilkshopAUTOSAR_rte.clnk
-input=DefaultBuild\alarm.obj
-input=DefaultBuild\event.obj
-input=DefaultBuild\isr2.obj
-input=DefaultBuild\resource.obj
-input=DefaultBuild\scheduler.obj
-input=DefaultBuild\system.obj
-input=DefaultBuild\task.obj
-input=DefaultBuild\alarm_Cfg.obj
-input=DefaultBuild\event_Cfg.obj
-input=DefaultBuild\isr_Cfg.obj
-input=DefaultBuild\resource_Cfg.obj
-input=DefaultBuild\task_Cfg.obj
-input=DefaultBuild\board.obj
-input=DefaultBuild\boot.obj
-input=DefaultBuild\context.obj
-input=DefaultBuild\cstart1.obj
-input=DefaultBuild\cstart2.obj
-input=DefaultBuild\GPIO.obj
-input=DefaultBuild\ISRInit.obj
-input=DefaultBuild\timer.obj
-input=DefaultBuild\r_clkc.obj
-input=DefaultBuild\r_intc.obj
-input=DefaultBuild\r_port.obj
-input=DefaultBuild\r_rlin.obj
-input=DefaultBuild\r_uart.obj
-input=DefaultBuild\r_lin.obj
-input=DefaultBuild\hook.obj
-input=DefaultBuild\main_pe2.obj
-input=DefaultBuild\main.obj
-input=DefaultBuild\application_Cfg.obj
-input=DefaultBuild\memprot_Cfg.obj
-input=DefaultBuild\os_Cfg.obj
-input=DefaultBuild\spinlock_Cfg.obj
-input=DefaultBuild\timingprot_Cfg.obj
-input=DefaultBuild\application.obj
-input=DefaultBuild\spinlock.obj
-input=DefaultBuild\timingprot.obj
-input=DefaultBuild\boot2.obj
-input=DefaultBuild\core.obj
-input=DefaultBuild\lock.obj
-input=DefaultBuild\memprot.obj
-input=DefaultBuild\systemcall.obj
-input=DefaultBuild\counter_Cfg.obj
-input=DefaultBuild\counter.obj
-input=DefaultBuild\ScheduleTable.obj
-input=DefaultBuild\scheduleTable_Cfg.obj
-input=DefaultBuild\string_format_test.obj
-input=DefaultBuild\softwaretimer_Cfg.obj
-input=DefaultBuild\softwaretimer.obj
-input=DefaultBuild\app2.obj
-input=DefaultBuild\app3.obj
-input=DefaultBuild\app4.obj
-input=DefaultBuild\trustedfunc_Cfg.obj
-input=DefaultBuild\app1.obj
-input=DefaultBuild\peripheral.obj
-input=DefaultBuild\Ioc.obj
-input=DefaultBuild\ring_buffer.obj
-input=DefaultBuild\Rte_Event_Cfg.obj
-input=DefaultBuild\Rte_Mode_Data_Management_Cfg.obj
-input=DefaultBuild\Rte_App1Swc_ModeManager_RE_AC_ModeSwitch.obj
-input=DefaultBuild\Rte_App1Swc_ModeManager_RE_AC_ModeSwitchAck.obj
-input=DefaultBuild\Rte_App1Swc_ModeManager_RE_AC_test.obj
-input=DefaultBuild\Rte_App2Swc_ModeUser_RE_0.obj
-input=DefaultBuild\Rte_App2Swc_ModeUser_RE_1.obj
-input=DefaultBuild\Rte_App2Swc_ModeUser_RE_2.obj
-input=DefaultBuild\Rte_App2Swc_ModeUser_RE_3.obj
-input=DefaultBuild\Rte_App2Swc_ModeUser_RE_Mode0_Entry.obj
-input=DefaultBuild\Rte_App2Swc_ModeUser_RE_Mode0_Exit.obj
-input=DefaultBuild\Rte_App2Swc_ModeUser_RE_Mode0_Transition.obj
-input=DefaultBuild\Rte_App2Swc_ModeUser_RE_Mode1_Entry.obj
-input=DefaultBuild\Rte_App2Swc_ModeUser_RE_Mode1_Exit.obj
-input=DefaultBuild\Rte_App2Swc_ModeUser_RE_Mode1_Transition.obj
-input=DefaultBuild\Rte_App2Swc_ModeUser_RE_Mode2_Entry.obj
-input=DefaultBuild\Rte_App2Swc_ModeUser_RE_Mode2_Exit.obj
-input=DefaultBuild\Rte_App2Swc_ModeUser_RE_Mode2_Transition.obj
-debug
-nocompress
-NOOPtimize
-output=DefaultBuild\MilkshopAUTOSAR_rte.abs
-library=v850e3v5\rhf8n.lib
-library=v850e3v5\libmalloc.lib
-list=DefaultBuild\MilkshopAUTOSAR_rte.map
-start=RESET_PE1,EIINTTBL_PE1,SYSTEMCALLTBL/0,.text,IOC_RESERVED_SEC.text,USER_SHARED_SEC.text,LOCAL_RAM_PE1.text,LOCAL_RAM_PE2.text,SELF_AREA.text,GLOBAL_RAM_A.text,RETENTION_RAM.text,OSAPP_A01_SEC.text,ISR_I001_SEC.text,ISR_I002_SEC.text,ISR_I003_SEC.text,ISR_I004_SEC.text,TASK_T001_SEC.text,TASK_T002_SEC.text,TASK_T003_SEC.text,OSAPP_A02_SEC.text,ISR_I101_SEC.text,ISR_I102_SEC.text,ISR_I103_SEC.text,ISR_I104_SEC.text,TASK_T101_SEC.text,TASK_T102_SEC.text,TASK_T103_SEC.text,OSAPP_A03_SEC.text,ISR_I005_SEC.text,ISR_I006_SEC.text,TASK_T004_SEC.text,TASK_T005_SEC.text,TASK_T006_SEC.text,OSAPP_A04_SEC.text,ISR_I105_SEC.text,ISR_I106_SEC.text,TASK_T104_SEC.text,TASK_T105_SEC.text,TASK_T106_SEC.text,GLOBAL_RAM_B.text/00008000,RESET_PE2,EIINTTBL_PE2,.const,IOC_RESERVED_SEC.const,USER_SHARED_SEC.const,LOCAL_RAM_PE1.const,LOCAL_RAM_PE2.const,SELF_AREA.const,OSAPP_A01_SEC.const,ISR_I001_SEC.const,ISR_I002_SEC.const,ISR_I003_SEC.const,ISR_I004_SEC.const,TASK_T001_SEC.const,TASK_T002_SEC.const,TASK_T003_SEC.const,OSAPP_A02_SEC.const,ISR_I101_SEC.const,ISR_I102_SEC.const,ISR_I103_SEC.const,ISR_I104_SEC.const,TASK_T101_SEC.const,TASK_T102_SEC.const,TASK_T103_SEC.const,OSAPP_A03_SEC.const,ISR_I005_SEC.const,ISR_I006_SEC.const,TASK_T004_SEC.const,TASK_T005_SEC.const,TASK_T006_SEC.const,OSAPP_A04_SEC.const,ISR_I105_SEC.const,ISR_I106_SEC.const,TASK_T104_SEC.const,TASK_T105_SEC.const,TASK_T106_SEC.const,TASK_SysTask_core0.const,TASK_SysTask_core1.const,GLOBAL_RAM_A.const,RETENTION_RAM.const,GLOBAL_RAM_B.const,.data,IOC_RESERVED_SEC.data,USER_SHARED_SEC.data,LOCAL_RAM_PE1.data,LOCAL_RAM_PE2.data,SELF_AREA.data,OSAPP_A01_SEC.data,ISR_I001_SEC.data,ISR_I002_SEC.data,ISR_I003_SEC.data,ISR_I004_SEC.data,TASK_T001_SEC.data,TASK_T002_SEC.data,TASK_T003_SEC.data,OSAPP_A02_SEC.data,ISR_I101_SEC.data,ISR_I102_SEC.data,ISR_I103_SEC.data,ISR_I104_SEC.data,TASK_T101_SEC.data,TASK_T102_SEC.data,TASK_T103_SEC.data,OSAPP_A03_SEC.data,ISR_I005_SEC.data,ISR_I006_SEC.data,TASK_T004_SEC.data,TASK_T005_SEC.data,TASK_T006_SEC.data,OSAPP_A04_SEC.data,ISR_I105_SEC.data,ISR_I106_SEC.data,TASK_T104_SEC.data,TASK_T105_SEC.data,TASK_T106_SEC.data,TASK_SysTask_core0.data,TASK_SysTask_core1.data,GLOBAL_RAM_A.data,RETENTION_RAM.data,GLOBAL_RAM_B.data/00800000,LOCAL_RAM_PE2.bss,LOCAL_RAM_PE2.data.R,OSAPP_A02_SEC.bss,OSAPP_A02_SEC.data.R,ISR_I101_SEC.bss,ISR_I101_SEC.data.R,ISR_I102_SEC.bss,ISR_I102_SEC.data.R,ISR_I103_SEC.bss,ISR_I103_SEC.data.R,ISR_I104_SEC.bss,ISR_I104_SEC.data.R,TASK_T101_SEC.bss,TASK_T101_SEC.data.R,TASK_T102_SEC.bss,TASK_T102_SEC.data.R,TASK_T103_SEC.bss,TASK_T103_SEC.data.R,OSAPP_A04_SEC.bss,OSAPP_A04_SEC.data.R,ISR_I105_SEC.bss,ISR_I105_SEC.data.R,ISR_I106_SEC.bss,ISR_I106_SEC.data.R,TASK_T104_SEC.bss,TASK_T104_SEC.data.R,TASK_T105_SEC.bss,TASK_T105_SEC.data.R,TASK_T106_SEC.bss,TASK_T106_SEC.data.R,TASK_SysTask_core1.bss,TASK_SysTask_core1.data.R,ALL_TASK_ISR_STACK_PE2.bss,system_pe2_stack.bss/FE9E0000,LOCAL_RAM_PE1.bss,LOCAL_RAM_PE1.data.R,OSAPP_A01_SEC.bss,OSAPP_A01_SEC.data.R,ISR_I001_SEC.bss,ISR_I001_SEC.data.R,ISR_I002_SEC.bss,ISR_I002_SEC.data.R,ISR_I003_SEC.bss,ISR_I003_SEC.data.R,ISR_I004_SEC.bss,ISR_I004_SEC.data.R,TASK_T001_SEC.bss,TASK_T001_SEC.data.R,TASK_T002_SEC.bss,TASK_T002_SEC.data.R,TASK_T003_SEC.bss,TASK_T003_SEC.data.R,OSAPP_A03_SEC.bss,OSAPP_A03_SEC.data.R,ISR_I005_SEC.bss,ISR_I005_SEC.data.R,ISR_I006_SEC.bss,ISR_I006_SEC.data.R,TASK_T004_SEC.bss,TASK_T004_SEC.data.R,TASK_T005_SEC.bss,TASK_T005_SEC.data.R,TASK_T006_SEC.bss,TASK_T006_SEC.data.R,TASK_SysTask_core0.bss,TASK_SysTask_core0.data.R,ALL_TASK_ISR_STACK_PE1.bss,system_pe1_stack.bss/FEBC0000,SELF_AREA.bss,SELF_AREA.data.R/FEDFE000,IOC_RESERVED_SEC.bss,IOC_RESERVED_SEC.data.R,GLOBAL_RAM_A.bss,GLOBAL_RAM_A.data.R/FEEF8000,.bss,.data.R,RETENTION_RAM.bss,RETENTION_RAM.data.R/FEF01000,USER_SHARED_SEC.bss,USER_SHARED_SEC.data.R,GLOBAL_RAM_B.bss,GLOBAL_RAM_B.data.R/FEFF8000
-rom=.data=.data.R,IOC_RESERVED_SEC.data=IOC_RESERVED_SEC.data.R,USER_SHARED_SEC.data=USER_SHARED_SEC.data.R,LOCAL_RAM_PE2.data=LOCAL_RAM_PE2.data.R,LOCAL_RAM_PE1.data=LOCAL_RAM_PE1.data.R,SELF_AREA.data=SELF_AREA.data.R,GLOBAL_RAM_A.data=GLOBAL_RAM_A.data.R,RETENTION_RAM.data=RETENTION_RAM.data.R,GLOBAL_RAM_B.data=GLOBAL_RAM_B.data.R,OSAPP_A01_SEC.data=OSAPP_A01_SEC.data.R,ISR_I001_SEC.data=ISR_I001_SEC.data.R,ISR_I002_SEC.data=ISR_I002_SEC.data.R,ISR_I003_SEC.data=ISR_I003_SEC.data.R,ISR_I004_SEC.data=ISR_I004_SEC.data.R,TASK_T001_SEC.data=TASK_T001_SEC.data.R,TASK_T002_SEC.data=TASK_T002_SEC.data.R,TASK_T003_SEC.data=TASK_T003_SEC.data.R,OSAPP_A02_SEC.data=OSAPP_A02_SEC.data.R,ISR_I101_SEC.data=ISR_I101_SEC.data.R,ISR_I102_SEC.data=ISR_I102_SEC.data.R,ISR_I103_SEC.data=ISR_I103_SEC.data.R,ISR_I104_SEC.data=ISR_I104_SEC.data.R,TASK_T101_SEC.data=TASK_T101_SEC.data.R,TASK_T102_SEC.data=TASK_T102_SEC.data.R,TASK_T103_SEC.data=TASK_T103_SEC.data.R,OSAPP_A03_SEC.data=OSAPP_A03_SEC.data.R,ISR_I005_SEC.data=ISR_I005_SEC.data.R,ISR_I006_SEC.data=ISR_I006_SEC.data.R,TASK_T004_SEC.data=TASK_T004_SEC.data.R,TASK_T005_SEC.data=TASK_T005_SEC.data.R,TASK_T006_SEC.data=TASK_T006_SEC.data.R,OSAPP_A04_SEC.data=OSAPP_A04_SEC.data.R,ISR_I105_SEC.data=ISR_I105_SEC.data.R,ISR_I106_SEC.data=ISR_I106_SEC.data.R,TASK_T104_SEC.data=TASK_T104_SEC.data.R,TASK_T105_SEC.data=TASK_T105_SEC.data.R,TASK_T106_SEC.data=TASK_T106_SEC.data.R,TASK_SysTask_core0.data=TASK_SysTask_core0.data.R,TASK_SysTask_core1.data=TASK_SysTask_core1.data.R
-memory=high
-nologo
-end

*** Error information ***

W0561120:Section address is not assigned to "TASK_SysTask_core0.text"
W0561120:Section address is not assigned to "TASK_SysTask_core1.text"

*** Mapping List ***

SECTION                            START      END         SIZE   ALIGN
RESET_PE1
                                  00000000  000001f7       1f8   200
EIINTTBL_PE1
                                  00000200  0000077b       57c   200
SYSTEMCALLTBL
                                  00000800  00000863        64   200
.text
                                  00008000  00023bf9     1bbfa   2
IOC_RESERVED_SEC.text
                                  00023bfa  00023bfb         2   2
USER_SHARED_SEC.text
                                  00023bfc  00023bfd         2   2
LOCAL_RAM_PE1.text
                                  00023bfe  00023bff         2   2
LOCAL_RAM_PE2.text
                                  00023c00  00023c01         2   2
SELF_AREA.text
                                  00023c02  00023c03         2   2
GLOBAL_RAM_A.text
                                  00023c04  00023c05         2   2
RETENTION_RAM.text
                                  00023c06  00023c07         2   2
OSAPP_A01_SEC.text
                                  00023c08  00023e15       20e   2
ISR_I001_SEC.text
                                  00023e16  00023e29        14   2
ISR_I002_SEC.text
                                  00023e2a  00023e3d        14   2
ISR_I003_SEC.text
                                  00023e3e  00023e51        14   2
ISR_I004_SEC.text
                                  00023e52  00023e65        14   2
TASK_T001_SEC.text
                                  00023e66  00024067       202   2
TASK_T002_SEC.text
                                  00024068  0002436d       306   2
TASK_T003_SEC.text
                                  0002436e  00024677       30a   2
OSAPP_A02_SEC.text
                                  00024678  00024813       19c   2
ISR_I101_SEC.text
                                  00024814  00024827        14   2
ISR_I102_SEC.text
                                  00024828  0002483b        14   2
ISR_I103_SEC.text
                                  0002483c  0002484f        14   2
ISR_I104_SEC.text
                                  00024850  00024863        14   2
TASK_T101_SEC.text
                                  00024864  000248a5        42   2
TASK_T102_SEC.text
                                  000248a6  00024a61       1bc   2
TASK_T103_SEC.text
                                  00024a62  00024c1d       1bc   2
OSAPP_A03_SEC.text
                                  00024c1e  00024d8f       172   2
ISR_I005_SEC.text
                                  00024d90  00024da3        14   2
ISR_I006_SEC.text
                                  00024da4  00024db7        14   2
TASK_T004_SEC.text
                                  00024db8  00024dcf        18   2
TASK_T005_SEC.text
                                  00024dd0  00024de7        18   2
TASK_T006_SEC.text
                                  00024de8  00024dff        18   2
OSAPP_A04_SEC.text
                                  00024e00  00024f5d       15e   2
ISR_I105_SEC.text
                                  00024f5e  00024f71        14   2
ISR_I106_SEC.text
                                  00024f72  00024f85        14   2
TASK_T104_SEC.text
                                  00024f86  00025141       1bc   2
TASK_T105_SEC.text
                                  00025142  00025307       1c6   2
TASK_T106_SEC.text
                                  00025308  00025315         e   2
GLOBAL_RAM_B.text
                                  00025316  00025317         2   2
RESET_PE2
                                  00800000  008001f7       1f8   200
EIINTTBL_PE2
                                  00800200  008009ff       800   200
.const
                                  00800a00  00801d2e      132f   4
IOC_RESERVED_SEC.const
                                  00801d30  00801d33         4   4
USER_SHARED_SEC.const
                                  00801d34  00801d37         4   4
LOCAL_RAM_PE1.const
                                  00801d38  00801d3b         4   4
LOCAL_RAM_PE2.const
                                  00801d3c  00801d3f         4   4
SELF_AREA.const
                                  00801d40  00801d43         4   4
OSAPP_A01_SEC.const
                                  00801d44  00801f82       23f   4
ISR_I001_SEC.const
                                  00801f84  00801f9f        1c   4
ISR_I002_SEC.const
                                  00801fa0  00801fbb        1c   4
ISR_I003_SEC.const
                                  00801fbc  00801fd7        1c   4
ISR_I004_SEC.const
                                  00801fd8  00801ff3        1c   4
TASK_T001_SEC.const
                                  00801ff4  00802003        10   4
TASK_T002_SEC.const
                                  00802004  00802013        10   4
TASK_T003_SEC.const
                                  00802014  00802023        10   4
OSAPP_A02_SEC.const
                                  00802024  00802232       20f   4
ISR_I101_SEC.const
                                  00802234  0080224e        1b   4
ISR_I102_SEC.const
                                  00802250  0080226a        1b   4
ISR_I103_SEC.const
                                  0080226c  00802286        1b   4
ISR_I104_SEC.const
                                  00802288  008022a2        1b   4
TASK_T101_SEC.const
                                  008022a4  008022b4        11   4
TASK_T102_SEC.const
                                  008022b8  008022c8        11   4
TASK_T103_SEC.const
                                  008022cc  008022dc        11   4
OSAPP_A03_SEC.const
                                  008022e0  008024e6       207   4
ISR_I005_SEC.const
                                  008024e8  00802503        1c   4
ISR_I006_SEC.const
                                  00802504  0080251f        1c   4
TASK_T004_SEC.const
                                  00802520  0080252f        10   4
TASK_T005_SEC.const
                                  00802530  0080253f        10   4
TASK_T006_SEC.const
                                  00802540  0080254f        10   4
OSAPP_A04_SEC.const
                                  00802550  00802734       1e5   4
ISR_I105_SEC.const
                                  00802738  00802752        1b   4
ISR_I106_SEC.const
                                  00802754  0080276e        1b   4
TASK_T104_SEC.const
                                  00802770  00802780        11   4
TASK_T105_SEC.const
                                  00802784  00802794        11   4
TASK_T106_SEC.const
                                  00802798  0080279b         4   4
TASK_SysTask_core0.const
                                  0080279c  0080279f         4   4
TASK_SysTask_core1.const
                                  008027a0  008027a3         4   4
GLOBAL_RAM_A.const
                                  008027a4  008027a7         4   4
RETENTION_RAM.const
                                  008027a8  008027ab         4   4
GLOBAL_RAM_B.const
                                  008027ac  008027af         4   4
.data
                                  008027b0  00803fb7      1808   4
IOC_RESERVED_SEC.data
                                  00803fb8  00803fbb         4   4
USER_SHARED_SEC.data
                                  00803fbc  00803fe3        28   4
LOCAL_RAM_PE1.data
                                  00803fe4  00803fe9         6   4
LOCAL_RAM_PE2.data
                                  00803fec  00803fef         4   4
SELF_AREA.data
                                  00803ff0  00803ff3         4   4
OSAPP_A01_SEC.data
                                  00803ff4  00803ffd         a   4
ISR_I001_SEC.data
                                  00804000  00804003         4   4
ISR_I002_SEC.data
                                  00804004  0080400b         8   4
ISR_I003_SEC.data
                                  0080400c  0080400f         4   4
ISR_I004_SEC.data
                                  00804010  00804013         4   4
TASK_T001_SEC.data
                                  00804014  0080401b         8   4
TASK_T002_SEC.data
                                  0080401c  00804023         8   4
TASK_T003_SEC.data
                                  00804024  00804027         4   4
OSAPP_A02_SEC.data
                                  00804028  0080402f         8   4
ISR_I101_SEC.data
                                  00804030  00804033         4   4
ISR_I102_SEC.data
                                  00804034  00804037         4   4
ISR_I103_SEC.data
                                  00804038  0080403b         4   4
ISR_I104_SEC.data
                                  0080403c  0080403f         4   4
TASK_T101_SEC.data
                                  00804040  00804043         4   4
TASK_T102_SEC.data
                                  00804044  00804047         4   4
TASK_T103_SEC.data
                                  00804048  0080404b         4   4
OSAPP_A03_SEC.data
                                  0080404c  00804057         c   4
ISR_I005_SEC.data
                                  00804058  0080405b         4   4
ISR_I006_SEC.data
                                  0080405c  0080405f         4   4
TASK_T004_SEC.data
                                  00804060  00804063         4   4
TASK_T005_SEC.data
                                  00804064  00804067         4   4
TASK_T006_SEC.data
                                  00804068  0080406b         4   4
OSAPP_A04_SEC.data
                                  0080406c  00804073         8   4
ISR_I105_SEC.data
                                  00804074  00804077         4   4
ISR_I106_SEC.data
                                  00804078  0080407b         4   4
TASK_T104_SEC.data
                                  0080407c  0080407f         4   4
TASK_T105_SEC.data
                                  00804080  00804083         4   4
TASK_T106_SEC.data
                                  00804084  00804087         4   4
TASK_SysTask_core0.data
                                  00804088  0080408b         4   4
TASK_SysTask_core1.data
                                  0080408c  0080408f         4   4
GLOBAL_RAM_A.data
                                  00804090  00804093         4   4
RETENTION_RAM.data
                                  00804094  00804097         4   4
GLOBAL_RAM_B.data
                                  00804098  0080409b         4   4
LOCAL_RAM_PE2.bss
                                  fe9e0000  fe9e0003         4   4
LOCAL_RAM_PE2.data.R
                                  fe9e0004  fe9e0007         4   4
OSAPP_A02_SEC.bss
                                  fe9e0008  fe9e000b         4   4
OSAPP_A02_SEC.data.R
                                  fe9e000c  fe9e0013         8   4
ISR_I101_SEC.bss
                                  fe9e0014  fe9e0017         4   4
ISR_I101_SEC.data.R
                                  fe9e0018  fe9e001b         4   4
ISR_I102_SEC.bss
                                  fe9e001c  fe9e001f         4   4
ISR_I102_SEC.data.R
                                  fe9e0020  fe9e0023         4   4
ISR_I103_SEC.bss
                                  fe9e0024  fe9e0027         4   4
ISR_I103_SEC.data.R
                                  fe9e0028  fe9e002b         4   4
ISR_I104_SEC.bss
                                  fe9e002c  fe9e002f         4   4
ISR_I104_SEC.data.R
                                  fe9e0030  fe9e0033         4   4
TASK_T101_SEC.bss
                                  fe9e0034  fe9e0037         4   4
TASK_T101_SEC.data.R
                                  fe9e0038  fe9e003b         4   4
TASK_T102_SEC.bss
                                  fe9e003c  fe9e003f         4   4
TASK_T102_SEC.data.R
                                  fe9e0040  fe9e0043         4   4
TASK_T103_SEC.bss
                                  fe9e0044  fe9e0047         4   4
TASK_T103_SEC.data.R
                                  fe9e0048  fe9e004b         4   4
OSAPP_A04_SEC.bss
                                  fe9e004c  fe9e004f         4   4
OSAPP_A04_SEC.data.R
                                  fe9e0050  fe9e0057         8   4
ISR_I105_SEC.bss
                                  fe9e0058  fe9e005b         4   4
ISR_I105_SEC.data.R
                                  fe9e005c  fe9e005f         4   4
ISR_I106_SEC.bss
                                  fe9e0060  fe9e0063         4   4
ISR_I106_SEC.data.R
                                  fe9e0064  fe9e0067         4   4
TASK_T104_SEC.bss
                                  fe9e0068  fe9e006b         4   4
TASK_T104_SEC.data.R
                                  fe9e006c  fe9e006f         4   4
TASK_T105_SEC.bss
                                  fe9e0070  fe9e0073         4   4
TASK_T105_SEC.data.R
                                  fe9e0074  fe9e0077         4   4
TASK_T106_SEC.bss
                                  fe9e0078  fe9e007b         4   4
TASK_T106_SEC.data.R
                                  fe9e007c  fe9e007f         4   4
TASK_SysTask_core1.bss
                                  fe9e0080  fe9e0093        14   4
TASK_SysTask_core1.data.R
                                  fe9e0094  fe9e0097         4   4
ALL_TASK_ISR_STACK_PE2.bss
                                  fe9e0098  fe9e1897      1800   4
system_pe2_stack.bss
                                  fe9e1898  fe9e1c97       400   4
LOCAL_RAM_PE1.bss
                                  febc0000  febc0003         4   4
LOCAL_RAM_PE1.data.R
                                  febc0004  febc0009         6   4
OSAPP_A01_SEC.bss
                                  febc000c  febc000f         4   4
OSAPP_A01_SEC.data.R
                                  febc0010  febc0019         a   4
ISR_I001_SEC.bss
                                  febc001c  febc001f         4   4
ISR_I001_SEC.data.R
                                  febc0020  febc0023         4   4
ISR_I002_SEC.bss
                                  febc0024  febc0027         4   4
ISR_I002_SEC.data.R
                                  febc0028  febc002f         8   4
ISR_I003_SEC.bss
                                  febc0030  febc0033         4   4
ISR_I003_SEC.data.R
                                  febc0034  febc0037         4   4
ISR_I004_SEC.bss
                                  febc0038  febc003b         4   4
ISR_I004_SEC.data.R
                                  febc003c  febc003f         4   4
TASK_T001_SEC.bss
                                  febc0040  febc0043         4   4
TASK_T001_SEC.data.R
                                  febc0044  febc004b         8   4
TASK_T002_SEC.bss
                                  febc004c  febc004f         4   4
TASK_T002_SEC.data.R
                                  febc0050  febc0057         8   4
TASK_T003_SEC.bss
                                  febc0058  febc005b         4   4
TASK_T003_SEC.data.R
                                  febc005c  febc005f         4   4
OSAPP_A03_SEC.bss
                                  febc0060  febc0063         4   4
OSAPP_A03_SEC.data.R
                                  febc0064  febc006f         c   4
ISR_I005_SEC.bss
                                  febc0070  febc0073         4   4
ISR_I005_SEC.data.R
                                  febc0074  febc0077         4   4
ISR_I006_SEC.bss
                                  febc0078  febc007b         4   4
ISR_I006_SEC.data.R
                                  febc007c  febc007f         4   4
TASK_T004_SEC.bss
                                  febc0080  febc0083         4   4
TASK_T004_SEC.data.R
                                  febc0084  febc0087         4   4
TASK_T005_SEC.bss
                                  febc0088  febc008b         4   4
TASK_T005_SEC.data.R
                                  febc008c  febc008f         4   4
TASK_T006_SEC.bss
                                  febc0090  febc0093         4   4
TASK_T006_SEC.data.R
                                  febc0094  febc0097         4   4
TASK_SysTask_core0.bss
                                  febc0098  febc00ab        14   4
TASK_SysTask_core0.data.R
                                  febc00ac  febc00af         4   4
ALL_TASK_ISR_STACK_PE1.bss
                                  febc00b0  febc18af      1800   4
system_pe1_stack.bss
                                  febc18b0  febc1caf       400   4
SELF_AREA.bss
                                  fedfe000  fedfe053        54   4
SELF_AREA.data.R
                                  fedfe054  fedfe057         4   4
IOC_RESERVED_SEC.bss
                                  feef8000  feef8003         4   4
IOC_RESERVED_SEC.data.R
                                  feef8004  feef8007         4   4
GLOBAL_RAM_A.bss
                                  feef8008  feef802b        24   4
GLOBAL_RAM_A.data.R
                                  feef802c  feef802f         4   4
.bss
                                  fef01000  fef02779      177a   4
.data.R
                                  fef0277c  fef03f83      1808   4
RETENTION_RAM.bss
                                  fef03f84  fef03f87         4   4
RETENTION_RAM.data.R
                                  fef03f88  fef03f8b         4   4
USER_SHARED_SEC.bss
                                  feff8000  feff807b        7c   4
USER_SHARED_SEC.data.R
                                  feff807c  feff80a3        28   4
GLOBAL_RAM_B.bss
                                  feff80a4  feff80a7         4   4
GLOBAL_RAM_B.data.R
                                  feff80a8  feff80ab         4   4
TASK_SysTask_core0.text
                                  feff80ac  feff80ad         2   2
TASK_SysTask_core1.text
                                  feff80ae  feff80af         2   2
