Renesas Optimizing Linker (W3.05.00 )             17-Jun-2024 19:17:53

*** Options ***

-subcommand=DefaultBuild\MilkshopAUTOSAR _schm_0603.clnk
-input=DefaultBuild\alarm.obj
-input=DefaultBuild\event.obj
-input=DefaultBuild\isr2.obj
-input=DefaultBuild\resource.obj
-input=DefaultBuild\scheduler.obj
-input=DefaultBuild\system.obj
-input=DefaultBuild\task.obj
-input=DefaultBuild\alarm_Cfg.obj
-input=DefaultBuild\event_Cfg.obj
-input=DefaultBuild\isr_Cfg.obj
-input=DefaultBuild\resource_Cfg.obj
-input=DefaultBuild\task_Cfg.obj
-input=DefaultBuild\board.obj
-input=DefaultBuild\boot.obj
-input=DefaultBuild\context.obj
-input=DefaultBuild\cstart1.obj
-input=DefaultBuild\cstart2.obj
-input=DefaultBuild\GPIO.obj
-input=DefaultBuild\ISRInit.obj
-input=DefaultBuild\timer.obj
-input=DefaultBuild\r_clkc.obj
-input=DefaultBuild\r_intc.obj
-input=DefaultBuild\r_port.obj
-input=DefaultBuild\r_rlin.obj
-input=DefaultBuild\r_uart.obj
-input=DefaultBuild\r_lin.obj
-input=DefaultBuild\hook.obj
-input=DefaultBuild\main_pe2.obj
-input=DefaultBuild\main.obj
-input=DefaultBuild\application_Cfg.obj
-input=DefaultBuild\memprot_Cfg.obj
-input=DefaultBuild\os_Cfg.obj
-input=DefaultBuild\spinlock_Cfg.obj
-input=DefaultBuild\timingprot_Cfg.obj
-input=DefaultBuild\application.obj
-input=DefaultBuild\spinlock.obj
-input=DefaultBuild\timingprot.obj
-input=DefaultBuild\boot2.obj
-input=DefaultBuild\core.obj
-input=DefaultBuild\lock.obj
-input=DefaultBuild\memprot.obj
-input=DefaultBuild\systemcall.obj
-input=DefaultBuild\counter_Cfg.obj
-input=DefaultBuild\counter.obj
-input=DefaultBuild\ScheduleTable.obj
-input=DefaultBuild\scheduleTable_Cfg.obj
-input=DefaultBuild\string_format_test.obj
-input=DefaultBuild\softwaretimer_Cfg.obj
-input=DefaultBuild\softwaretimer.obj
-input=DefaultBuild\app2.obj
-input=DefaultBuild\app3.obj
-input=DefaultBuild\app4.obj
-input=DefaultBuild\trustedfunc_Cfg.obj
-input=DefaultBuild\app1.obj
-input=DefaultBuild\peripheral.obj
-input=DefaultBuild\Ioc.obj
-input=DefaultBuild\ring_buffer.obj
-input=DefaultBuild\Bsw_Event_Cfg.obj
-input=DefaultBuild\SchM_Mode_Data_Management_Cfg.obj
-input=DefaultBuild\SchM_Sender_Receive_Data_Management_Cfg.obj
-input=DefaultBuild\SchM_Bsw1_Engine_Controller_BE_Engine_ModeSwitch.obj
-input=DefaultBuild\SchM_Bsw1_Engine_Controller_BE_Engine_Test.obj
-input=DefaultBuild\SchM_Bsw2_Engine_Mode_Display_BE_0.obj
-input=DefaultBuild\SchM_Bsw2_Engine_Mode_Display_BE_1.obj
-input=DefaultBuild\SchM_Bsw2_Engine_Mode_Display_BE_2.obj
-input=DefaultBuild\SchM_Bsw2_Engine_Mode_Display_BE_3.obj
-input=DefaultBuild\SchM_Bsw2_Engine_Mode_Display_BE_4.obj
-input=DefaultBuild\SchM_Bsw2_Engine_Mode_Display_BE_5.obj
-input=DefaultBuild\SchM_Bsw2_Engine_Mode_Display_BE_Mode0_Entry.obj
-input=DefaultBuild\SchM_Bsw2_Engine_Mode_Display_BE_Mode0_Exit.obj
-input=DefaultBuild\SchM_Bsw2_Engine_Mode_Display_BE_Mode0_Transition.obj
-input=DefaultBuild\SchM_Bsw2_Engine_Mode_Display_BE_Mode1_Entry.obj
-input=DefaultBuild\SchM_Bsw2_Engine_Mode_Display_BE_Mode1_Exit.obj
-input=DefaultBuild\SchM_Bsw2_Engine_Mode_Display_BE_Mode1_Transition.obj
-input=DefaultBuild\SchM_Bsw2_Engine_Mode_Display_BE_Mode2_Entry.obj
-input=DefaultBuild\SchM_Bsw2_Engine_Mode_Display_BE_Mode2_Exit.obj
-input=DefaultBuild\SchM_Bsw2_Engine_Mode_Display_BE_Mode2_Transition.obj
-input=DefaultBuild\SchM_Bsw2_Engine_Mode_Display_BE_Mode3_Entry.obj
-input=DefaultBuild\SchM_Bsw2_Engine_Mode_Display_BE_Mode3_Exit.obj
-input=DefaultBuild\SchM_Bsw2_Engine_Mode_Display_BE_Mode3_Transition.obj
-input=DefaultBuild\SchM_Bsw2_Engine_Mode_Display_BE_Mode4_Entry.obj
-input=DefaultBuild\SchM_Bsw2_Engine_Mode_Display_BE_Mode4_Exit.obj
-input=DefaultBuild\SchM_Bsw2_Engine_Mode_Display_BE_Mode4_Transition.obj
-input=DefaultBuild\SchM_Bsw3_controller_BE_Acc_controller.obj
-input=DefaultBuild\SchM_Bsw3_controller_BE_Temp_controller.obj
-input=DefaultBuild\SchM_Bsw4_Temp_display_BE_Temp_display.obj
-input=DefaultBuild\SchM_Bsw5_Acc_display_BE_Acc_display.obj
-input=DefaultBuild\SchM_Bsw1_Engine_Controller_BE_Engine_ModeSwitchAck.obj
-input=DefaultBuild\Share_Function.obj
-input=DefaultBuild\Rte_Event_Cfg.obj
-input=DefaultBuild\Rte_Mode_Data_Management_Cfg.obj
-input=DefaultBuild\Rte_App1Swc_ModeManager_RE_AC_ModeSwitch.obj
-input=DefaultBuild\Rte_App1Swc_ModeManager_RE_AC_ModeSwitchAck.obj
-input=DefaultBuild\Rte_App1Swc_ModeManager_RE_AC_test.obj
-input=DefaultBuild\Rte_App2Swc_ModeUser_RE_0.obj
-input=DefaultBuild\Rte_App2Swc_ModeUser_RE_1.obj
-input=DefaultBuild\Rte_App2Swc_ModeUser_RE_2.obj
-input=DefaultBuild\Rte_App2Swc_ModeUser_RE_3.obj
-input=DefaultBuild\Rte_App2Swc_ModeUser_RE_Mode0_Entry.obj
-input=DefaultBuild\Rte_App2Swc_ModeUser_RE_Mode0_Exit.obj
-input=DefaultBuild\Rte_App2Swc_ModeUser_RE_Mode0_Transition.obj
-input=DefaultBuild\Rte_App2Swc_ModeUser_RE_Mode1_Entry.obj
-input=DefaultBuild\Rte_App2Swc_ModeUser_RE_Mode1_Exit.obj
-input=DefaultBuild\Rte_App2Swc_ModeUser_RE_Mode1_Transition.obj
-input=DefaultBuild\Rte_App2Swc_ModeUser_RE_Mode2_Entry.obj
-input=DefaultBuild\Rte_App2Swc_ModeUser_RE_Mode2_Exit.obj
-input=DefaultBuild\Rte_App2Swc_ModeUser_RE_Mode2_Transition.obj
-input=DefaultBuild\SchM_Bsw6_client_sync_BE_client1_1.obj
-input=DefaultBuild\SchM_Bsw6_client_sync_BE_client1_2.obj
-input=DefaultBuild\SchM_Bsw7_server1_sync_BE_server1.obj
-input=DefaultBuild\SchM_Bsw8_server2_sync_BE_server2.obj
-input=DefaultBuild\SchM_Client_Server_Data_Management_Cfg.obj
-input=DefaultBuild\Transformer_stub.obj
-input=DefaultBuild\SchM_Bsw9_client_async_BE_client2_1.obj
-input=DefaultBuild\SchM_Bsw9_client_async_BE_client2_1_result.obj
-input=DefaultBuild\SchM_Bsw9_client_async_BE_client2_2.obj
-input=DefaultBuild\SchM_Bsw9_client_async_BE_client2_2_result.obj
-input=DefaultBuild\SchM_Bsw10_server3_async_BE_server3.obj
-input=DefaultBuild\SchM_Bsw11_server4_async_BE_server4.obj
-debug
-nocompress
-NOOPtimize
-output="DefaultBuild\MilkshopAUTOSAR _schm_0603.abs"
-library=v850e3v5\rhf8n.lib
-library=v850e3v5\libmalloc.lib
-list="DefaultBuild\MilkshopAUTOSAR _schm_0603.map"
-start=RESET_PE1,EIINTTBL_PE1,SYSTEMCALLTBL/0,.text,IOC_RESERVED_SEC.text,USER_SHARED_SEC.text,LOCAL_RAM_PE1.text,LOCAL_RAM_PE2.text,SELF_AREA.text,GLOBAL_RAM_A.text,RETENTION_RAM.text,OSAPP_A01_SEC.text,ISR_I001_SEC.text,ISR_I002_SEC.text,ISR_I003_SEC.text,ISR_I004_SEC.text,TASK_T001_SEC.text,TASK_T002_SEC.text,TASK_T003_SEC.text,OSAPP_A02_SEC.text,ISR_I101_SEC.text,ISR_I102_SEC.text,ISR_I103_SEC.text,ISR_I104_SEC.text,TASK_T101_SEC.text,TASK_T102_SEC.text,TASK_T103_SEC.text,OSAPP_A03_SEC.text,ISR_I005_SEC.text,ISR_I006_SEC.text,TASK_T004_SEC.text,TASK_T005_SEC.text,TASK_T006_SEC.text,OSAPP_A04_SEC.text,ISR_I105_SEC.text,ISR_I106_SEC.text,TASK_T104_SEC.text,TASK_T105_SEC.text,TASK_T106_SEC.text,GLOBAL_RAM_B.text/00008000,RESET_PE2,EIINTTBL_PE2,.const,IOC_RESERVED_SEC.const,USER_SHARED_SEC.const,LOCAL_RAM_PE1.const,LOCAL_RAM_PE2.const,SELF_AREA.const,OSAPP_A01_SEC.const,ISR_I001_SEC.const,ISR_I002_SEC.const,ISR_I003_SEC.const,ISR_I004_SEC.const,TASK_T001_SEC.const,TASK_T002_SEC.const,TASK_T003_SEC.const,OSAPP_A02_SEC.const,ISR_I101_SEC.const,ISR_I102_SEC.const,ISR_I103_SEC.const,ISR_I104_SEC.const,TASK_T101_SEC.const,TASK_T102_SEC.const,TASK_T103_SEC.const,OSAPP_A03_SEC.const,ISR_I005_SEC.const,ISR_I006_SEC.const,TASK_T004_SEC.const,TASK_T005_SEC.const,TASK_T006_SEC.const,OSAPP_A04_SEC.const,ISR_I105_SEC.const,ISR_I106_SEC.const,TASK_T104_SEC.const,TASK_T105_SEC.const,TASK_T106_SEC.const,TASK_SysTask_core0.const,TASK_SysTask_core1.const,GLOBAL_RAM_A.const,RETENTION_RAM.const,GLOBAL_RAM_B.const,.data,IOC_RESERVED_SEC.data,USER_SHARED_SEC.data,LOCAL_RAM_PE1.data,LOCAL_RAM_PE2.data,SELF_AREA.data,OSAPP_A01_SEC.data,ISR_I001_SEC.data,ISR_I002_SEC.data,ISR_I003_SEC.data,ISR_I004_SEC.data,TASK_T001_SEC.data,TASK_T002_SEC.data,TASK_T003_SEC.data,OSAPP_A02_SEC.data,ISR_I101_SEC.data,ISR_I102_SEC.data,ISR_I103_SEC.data,ISR_I104_SEC.data,TASK_T101_SEC.data,TASK_T102_SEC.data,TASK_T103_SEC.data,OSAPP_A03_SEC.data,ISR_I005_SEC.data,ISR_I006_SEC.data,TASK_T004_SEC.data,TASK_T005_SEC.data,TASK_T006_SEC.data,OSAPP_A04_SEC.data,ISR_I105_SEC.data,ISR_I106_SEC.data,TASK_T104_SEC.data,TASK_T105_SEC.data,TASK_T106_SEC.data,TASK_SysTask_core0.data,TASK_SysTask_core1.data,GLOBAL_RAM_A.data,RETENTION_RAM.data,GLOBAL_RAM_B.data/00800000,LOCAL_RAM_PE2.bss,LOCAL_RAM_PE2.data.R,OSAPP_A02_SEC.bss,OSAPP_A02_SEC.data.R,ISR_I101_SEC.bss,ISR_I101_SEC.data.R,ISR_I102_SEC.bss,ISR_I102_SEC.data.R,ISR_I103_SEC.bss,ISR_I103_SEC.data.R,ISR_I104_SEC.bss,ISR_I104_SEC.data.R,TASK_T101_SEC.bss,TASK_T101_SEC.data.R,TASK_T102_SEC.bss,TASK_T102_SEC.data.R,TASK_T103_SEC.bss,TASK_T103_SEC.data.R,OSAPP_A04_SEC.bss,OSAPP_A04_SEC.data.R,ISR_I105_SEC.bss,ISR_I105_SEC.data.R,ISR_I106_SEC.bss,ISR_I106_SEC.data.R,TASK_T104_SEC.bss,TASK_T104_SEC.data.R,TASK_T105_SEC.bss,TASK_T105_SEC.data.R,TASK_T106_SEC.bss,TASK_T106_SEC.data.R,TASK_SysTask_core1.bss,TASK_SysTask_core1.data.R,ALL_TASK_ISR_STACK_PE2.bss,system_pe2_stack.bss/FE9E0000,LOCAL_RAM_PE1.bss,LOCAL_RAM_PE1.data.R,OSAPP_A01_SEC.bss,OSAPP_A01_SEC.data.R,ISR_I001_SEC.bss,ISR_I001_SEC.data.R,ISR_I002_SEC.bss,ISR_I002_SEC.data.R,ISR_I003_SEC.bss,ISR_I003_SEC.data.R,ISR_I004_SEC.bss,ISR_I004_SEC.data.R,TASK_T001_SEC.bss,TASK_T001_SEC.data.R,TASK_T002_SEC.bss,TASK_T002_SEC.data.R,TASK_T003_SEC.bss,TASK_T003_SEC.data.R,OSAPP_A03_SEC.bss,OSAPP_A03_SEC.data.R,ISR_I005_SEC.bss,ISR_I005_SEC.data.R,ISR_I006_SEC.bss,ISR_I006_SEC.data.R,TASK_T004_SEC.bss,TASK_T004_SEC.data.R,TASK_T005_SEC.bss,TASK_T005_SEC.data.R,TASK_T006_SEC.bss,TASK_T006_SEC.data.R,TASK_SysTask_core0.bss,TASK_SysTask_core0.data.R,ALL_TASK_ISR_STACK_PE1.bss,system_pe1_stack.bss/FEBC0000,SELF_AREA.bss,SELF_AREA.data.R/FEDFE000,IOC_RESERVED_SEC.bss,IOC_RESERVED_SEC.data.R,GLOBAL_RAM_A.bss,GLOBAL_RAM_A.data.R/FEEF8000,.bss,.data.R,RETENTION_RAM.bss,RETENTION_RAM.data.R/FEF01000,USER_SHARED_SEC.bss,USER_SHARED_SEC.data.R,GLOBAL_RAM_B.bss,GLOBAL_RAM_B.data.R/FEFF8000
-rom=.data=.data.R,IOC_RESERVED_SEC.data=IOC_RESERVED_SEC.data.R,USER_SHARED_SEC.data=USER_SHARED_SEC.data.R,LOCAL_RAM_PE2.data=LOCAL_RAM_PE2.data.R,LOCAL_RAM_PE1.data=LOCAL_RAM_PE1.data.R,SELF_AREA.data=SELF_AREA.data.R,GLOBAL_RAM_A.data=GLOBAL_RAM_A.data.R,RETENTION_RAM.data=RETENTION_RAM.data.R,GLOBAL_RAM_B.data=GLOBAL_RAM_B.data.R,OSAPP_A01_SEC.data=OSAPP_A01_SEC.data.R,ISR_I001_SEC.data=ISR_I001_SEC.data.R,ISR_I002_SEC.data=ISR_I002_SEC.data.R,ISR_I003_SEC.data=ISR_I003_SEC.data.R,ISR_I004_SEC.data=ISR_I004_SEC.data.R,TASK_T001_SEC.data=TASK_T001_SEC.data.R,TASK_T002_SEC.data=TASK_T002_SEC.data.R,TASK_T003_SEC.data=TASK_T003_SEC.data.R,OSAPP_A02_SEC.data=OSAPP_A02_SEC.data.R,ISR_I101_SEC.data=ISR_I101_SEC.data.R,ISR_I102_SEC.data=ISR_I102_SEC.data.R,ISR_I103_SEC.data=ISR_I103_SEC.data.R,ISR_I104_SEC.data=ISR_I104_SEC.data.R,TASK_T101_SEC.data=TASK_T101_SEC.data.R,TASK_T102_SEC.data=TASK_T102_SEC.data.R,TASK_T103_SEC.data=TASK_T103_SEC.data.R,OSAPP_A03_SEC.data=OSAPP_A03_SEC.data.R,ISR_I005_SEC.data=ISR_I005_SEC.data.R,ISR_I006_SEC.data=ISR_I006_SEC.data.R,TASK_T004_SEC.data=TASK_T004_SEC.data.R,TASK_T005_SEC.data=TASK_T005_SEC.data.R,TASK_T006_SEC.data=TASK_T006_SEC.data.R,OSAPP_A04_SEC.data=OSAPP_A04_SEC.data.R,ISR_I105_SEC.data=ISR_I105_SEC.data.R,ISR_I106_SEC.data=ISR_I106_SEC.data.R,TASK_T104_SEC.data=TASK_T104_SEC.data.R,TASK_T105_SEC.data=TASK_T105_SEC.data.R,TASK_T106_SEC.data=TASK_T106_SEC.data.R,TASK_SysTask_core0.data=TASK_SysTask_core0.data.R,TASK_SysTask_core1.data=TASK_SysTask_core1.data.R
-memory=high
-nologo
-end

*** Error information ***

W0561120:Section address is not assigned to "TASK_SysTask_core0.text"
W0561120:Section address is not assigned to "TASK_SysTask_core1.text"

*** Mapping List ***

SECTION                            START      END         SIZE   ALIGN
RESET_PE1
                                  00000000  000001f7       1f8   200
EIINTTBL_PE1
                                  00000200  0000077b       57c   200
SYSTEMCALLTBL
                                  00000800  00000863        64   200
.text
                                  00008000  00025717     1d718   2
IOC_RESERVED_SEC.text
                                  00025718  00025719         2   2
USER_SHARED_SEC.text
                                  0002571a  0002571b         2   2
LOCAL_RAM_PE1.text
                                  0002571c  0002571d         2   2
LOCAL_RAM_PE2.text
                                  0002571e  0002571f         2   2
SELF_AREA.text
                                  00025720  00025721         2   2
GLOBAL_RAM_A.text
                                  00025722  00025723         2   2
RETENTION_RAM.text
                                  00025724  00025725         2   2
OSAPP_A01_SEC.text
                                  00025726  00025933       20e   2
ISR_I001_SEC.text
                                  00025934  00025947        14   2
ISR_I002_SEC.text
                                  00025948  0002595b        14   2
ISR_I003_SEC.text
                                  0002595c  0002596f        14   2
ISR_I004_SEC.text
                                  00025970  00025983        14   2
TASK_T001_SEC.text
                                  00025984  000259a3        20   2
TASK_T002_SEC.text
                                  000259a4  00025ff7       654   2
TASK_T003_SEC.text
                                  00025ff8  00026451       45a   2
OSAPP_A02_SEC.text
                                  00026452  000265ed       19c   2
ISR_I101_SEC.text
                                  000265ee  00026601        14   2
ISR_I102_SEC.text
                                  00026602  00026615        14   2
ISR_I103_SEC.text
                                  00026616  00026629        14   2
ISR_I104_SEC.text
                                  0002662a  0002663d        14   2
TASK_T101_SEC.text
                                  0002663e  0002667f        42   2
TASK_T102_SEC.text
                                  00026680  00026a45       3c6   2
TASK_T103_SEC.text
                                  00026a46  0002700b       5c6   2
OSAPP_A03_SEC.text
                                  0002700c  0002717d       172   2
ISR_I005_SEC.text
                                  0002717e  00027191        14   2
ISR_I006_SEC.text
                                  00027192  000271a5        14   2
TASK_T004_SEC.text
                                  000271a6  000271bd        18   2
TASK_T005_SEC.text
                                  000271be  000271d5        18   2
TASK_T006_SEC.text
                                  000271d6  000271ed        18   2
OSAPP_A04_SEC.text
                                  000271ee  0002734b       15e   2
ISR_I105_SEC.text
                                  0002734c  0002735f        14   2
ISR_I106_SEC.text
                                  00027360  00027373        14   2
TASK_T104_SEC.text
                                  00027374  00027739       3c6   2
TASK_T105_SEC.text
                                  0002773a  00027b09       3d0   2
TASK_T106_SEC.text
                                  00027b0a  00027b21        18   2
GLOBAL_RAM_B.text
                                  00027b22  00027b23         2   2
RESET_PE2
                                  00800000  008001f7       1f8   200
EIINTTBL_PE2
                                  00800200  008009ff       800   200
.const
                                  00800a00  008020f9      16fa   4
IOC_RESERVED_SEC.const
                                  008020fc  008020ff         4   4
USER_SHARED_SEC.const
                                  00802100  00802103         4   4
LOCAL_RAM_PE1.const
                                  00802104  00802107         4   4
LOCAL_RAM_PE2.const
                                  00802108  0080210b         4   4
SELF_AREA.const
                                  0080210c  0080210f         4   4
OSAPP_A01_SEC.const
                                  00802110  0080234e       23f   4
ISR_I001_SEC.const
                                  00802350  0080236b        1c   4
ISR_I002_SEC.const
                                  0080236c  00802387        1c   4
ISR_I003_SEC.const
                                  00802388  008023a3        1c   4
ISR_I004_SEC.const
                                  008023a4  008023bf        1c   4
TASK_T001_SEC.const
                                  008023c0  008023cf        10   4
TASK_T002_SEC.const
                                  008023d0  00802513       144   4
TASK_T003_SEC.const
                                  00802514  00802523        10   4
OSAPP_A02_SEC.const
                                  00802524  00802732       20f   4
ISR_I101_SEC.const
                                  00802734  0080274e        1b   4
ISR_I102_SEC.const
                                  00802750  0080276a        1b   4
ISR_I103_SEC.const
                                  0080276c  00802786        1b   4
ISR_I104_SEC.const
                                  00802788  008027a2        1b   4
TASK_T101_SEC.const
                                  008027a4  008027b4        11   4
TASK_T102_SEC.const
                                  008027b8  008027c8        11   4
TASK_T103_SEC.const
                                  008027cc  008027dc        11   4
OSAPP_A03_SEC.const
                                  008027e0  008029e6       207   4
ISR_I005_SEC.const
                                  008029e8  00802a03        1c   4
ISR_I006_SEC.const
                                  00802a04  00802a1f        1c   4
TASK_T004_SEC.const
                                  00802a20  00802a2f        10   4
TASK_T005_SEC.const
                                  00802a30  00802a3f        10   4
TASK_T006_SEC.const
                                  00802a40  00802a4f        10   4
OSAPP_A04_SEC.const
                                  00802a50  00802c34       1e5   4
ISR_I105_SEC.const
                                  00802c38  00802c52        1b   4
ISR_I106_SEC.const
                                  00802c54  00802c6e        1b   4
TASK_T104_SEC.const
                                  00802c70  00802c80        11   4
TASK_T105_SEC.const
                                  00802c84  00802c94        11   4
TASK_T106_SEC.const
                                  00802c98  00802ca8        11   4
TASK_SysTask_core0.const
                                  00802cac  00802caf         4   4
TASK_SysTask_core1.const
                                  00802cb0  00802cb3         4   4
GLOBAL_RAM_A.const
                                  00802cb4  00802cb7         4   4
RETENTION_RAM.const
                                  00802cb8  00802cbb         4   4
GLOBAL_RAM_B.const
                                  00802cbc  00802cbf         4   4
.data
                                  00802cc0  008054ab      27ec   4
IOC_RESERVED_SEC.data
                                  008054ac  008054af         4   4
USER_SHARED_SEC.data
                                  008054b0  0080551b        6c   4
LOCAL_RAM_PE1.data
                                  0080551c  00805521         6   4
LOCAL_RAM_PE2.data
                                  00805524  00805527         4   4
SELF_AREA.data
                                  00805528  0080552b         4   4
OSAPP_A01_SEC.data
                                  0080552c  00805535         a   4
ISR_I001_SEC.data
                                  00805538  0080553b         4   4
ISR_I002_SEC.data
                                  0080553c  00805543         8   4
ISR_I003_SEC.data
                                  00805544  00805547         4   4
ISR_I004_SEC.data
                                  00805548  0080554b         4   4
TASK_T001_SEC.data
                                  0080554c  00805553         8   4
TASK_T002_SEC.data
                                  00805554  0080555b         8   4
TASK_T003_SEC.data
                                  0080555c  0080555f         4   4
OSAPP_A02_SEC.data
                                  00805560  00805567         8   4
ISR_I101_SEC.data
                                  00805568  0080556b         4   4
ISR_I102_SEC.data
                                  0080556c  0080556f         4   4
ISR_I103_SEC.data
                                  00805570  00805573         4   4
ISR_I104_SEC.data
                                  00805574  00805577         4   4
TASK_T101_SEC.data
                                  00805578  0080557b         4   4
TASK_T102_SEC.data
                                  0080557c  0080557f         4   4
TASK_T103_SEC.data
                                  00805580  00805583         4   4
OSAPP_A03_SEC.data
                                  00805584  0080558f         c   4
ISR_I005_SEC.data
                                  00805590  00805593         4   4
ISR_I006_SEC.data
                                  00805594  00805597         4   4
TASK_T004_SEC.data
                                  00805598  0080559b         4   4
TASK_T005_SEC.data
                                  0080559c  0080559f         4   4
TASK_T006_SEC.data
                                  008055a0  008055a3         4   4
OSAPP_A04_SEC.data
                                  008055a4  008055ab         8   4
ISR_I105_SEC.data
                                  008055ac  008055af         4   4
ISR_I106_SEC.data
                                  008055b0  008055b3         4   4
TASK_T104_SEC.data
                                  008055b4  008055b7         4   4
TASK_T105_SEC.data
                                  008055b8  008055bb         4   4
TASK_T106_SEC.data
                                  008055bc  008055bf         4   4
TASK_SysTask_core0.data
                                  008055c0  008055c3         4   4
TASK_SysTask_core1.data
                                  008055c4  008055c7         4   4
GLOBAL_RAM_A.data
                                  008055c8  008055cb         4   4
RETENTION_RAM.data
                                  008055cc  008055cf         4   4
GLOBAL_RAM_B.data
                                  008055d0  008055d3         4   4
LOCAL_RAM_PE2.bss
                                  fe9e0000  fe9e0003         4   4
LOCAL_RAM_PE2.data.R
                                  fe9e0004  fe9e0007         4   4
OSAPP_A02_SEC.bss
                                  fe9e0008  fe9e000b         4   4
OSAPP_A02_SEC.data.R
                                  fe9e000c  fe9e0013         8   4
ISR_I101_SEC.bss
                                  fe9e0014  fe9e0017         4   4
ISR_I101_SEC.data.R
                                  fe9e0018  fe9e001b         4   4
ISR_I102_SEC.bss
                                  fe9e001c  fe9e001f         4   4
ISR_I102_SEC.data.R
                                  fe9e0020  fe9e0023         4   4
ISR_I103_SEC.bss
                                  fe9e0024  fe9e0027         4   4
ISR_I103_SEC.data.R
                                  fe9e0028  fe9e002b         4   4
ISR_I104_SEC.bss
                                  fe9e002c  fe9e002f         4   4
ISR_I104_SEC.data.R
                                  fe9e0030  fe9e0033         4   4
TASK_T101_SEC.bss
                                  fe9e0034  fe9e0037         4   4
TASK_T101_SEC.data.R
                                  fe9e0038  fe9e003b         4   4
TASK_T102_SEC.bss
                                  fe9e003c  fe9e003f         4   4
TASK_T102_SEC.data.R
                                  fe9e0040  fe9e0043         4   4
TASK_T103_SEC.bss
                                  fe9e0044  fe9e0047         4   4
TASK_T103_SEC.data.R
                                  fe9e0048  fe9e004b         4   4
OSAPP_A04_SEC.bss
                                  fe9e004c  fe9e004f         4   4
OSAPP_A04_SEC.data.R
                                  fe9e0050  fe9e0057         8   4
ISR_I105_SEC.bss
                                  fe9e0058  fe9e005b         4   4
ISR_I105_SEC.data.R
                                  fe9e005c  fe9e005f         4   4
ISR_I106_SEC.bss
                                  fe9e0060  fe9e0063         4   4
ISR_I106_SEC.data.R
                                  fe9e0064  fe9e0067         4   4
TASK_T104_SEC.bss
                                  fe9e0068  fe9e006b         4   4
TASK_T104_SEC.data.R
                                  fe9e006c  fe9e006f         4   4
TASK_T105_SEC.bss
                                  fe9e0070  fe9e0073         4   4
TASK_T105_SEC.data.R
                                  fe9e0074  fe9e0077         4   4
TASK_T106_SEC.bss
                                  fe9e0078  fe9e007b         4   4
TASK_T106_SEC.data.R
                                  fe9e007c  fe9e007f         4   4
TASK_SysTask_core1.bss
                                  fe9e0080  fe9e0093        14   4
TASK_SysTask_core1.data.R
                                  fe9e0094  fe9e0097         4   4
ALL_TASK_ISR_STACK_PE2.bss
                                  fe9e0098  fe9e1897      1800   4
system_pe2_stack.bss
                                  fe9e1898  fe9e1c97       400   4
LOCAL_RAM_PE1.bss
                                  febc0000  febc0003         4   4
LOCAL_RAM_PE1.data.R
                                  febc0004  febc0009         6   4
OSAPP_A01_SEC.bss
                                  febc000c  febc000f         4   4
OSAPP_A01_SEC.data.R
                                  febc0010  febc0019         a   4
ISR_I001_SEC.bss
                                  febc001c  febc001f         4   4
ISR_I001_SEC.data.R
                                  febc0020  febc0023         4   4
ISR_I002_SEC.bss
                                  febc0024  febc0027         4   4
ISR_I002_SEC.data.R
                                  febc0028  febc002f         8   4
ISR_I003_SEC.bss
                                  febc0030  febc0033         4   4
ISR_I003_SEC.data.R
                                  febc0034  febc0037         4   4
ISR_I004_SEC.bss
                                  febc0038  febc003b         4   4
ISR_I004_SEC.data.R
                                  febc003c  febc003f         4   4
TASK_T001_SEC.bss
                                  febc0040  febc0043         4   4
TASK_T001_SEC.data.R
                                  febc0044  febc004b         8   4
TASK_T002_SEC.bss
                                  febc004c  febc004f         4   4
TASK_T002_SEC.data.R
                                  febc0050  febc0057         8   4
TASK_T003_SEC.bss
                                  febc0058  febc005b         4   4
TASK_T003_SEC.data.R
                                  febc005c  febc005f         4   4
OSAPP_A03_SEC.bss
                                  febc0060  febc0063         4   4
OSAPP_A03_SEC.data.R
                                  febc0064  febc006f         c   4
ISR_I005_SEC.bss
                                  febc0070  febc0073         4   4
ISR_I005_SEC.data.R
                                  febc0074  febc0077         4   4
ISR_I006_SEC.bss
                                  febc0078  febc007b         4   4
ISR_I006_SEC.data.R
                                  febc007c  febc007f         4   4
TASK_T004_SEC.bss
                                  febc0080  febc0083         4   4
TASK_T004_SEC.data.R
                                  febc0084  febc0087         4   4
TASK_T005_SEC.bss
                                  febc0088  febc008b         4   4
TASK_T005_SEC.data.R
                                  febc008c  febc008f         4   4
TASK_T006_SEC.bss
                                  febc0090  febc0093         4   4
TASK_T006_SEC.data.R
                                  febc0094  febc0097         4   4
TASK_SysTask_core0.bss
                                  febc0098  febc00ab        14   4
TASK_SysTask_core0.data.R
                                  febc00ac  febc00af         4   4
ALL_TASK_ISR_STACK_PE1.bss
                                  febc00b0  febc18af      1800   4
system_pe1_stack.bss
                                  febc18b0  febc1caf       400   4
SELF_AREA.bss
                                  fedfe000  fedfe053        54   4
SELF_AREA.data.R
                                  fedfe054  fedfe057         4   4
IOC_RESERVED_SEC.bss
                                  feef8000  feef8003         4   4
IOC_RESERVED_SEC.data.R
                                  feef8004  feef8007         4   4
GLOBAL_RAM_A.bss
                                  feef8008  feef802b        24   4
GLOBAL_RAM_A.data.R
                                  feef802c  feef802f         4   4
.bss
                                  fef01000  fef02e77      1e78   4
.data.R
                                  fef02e78  fef05663      27ec   4
RETENTION_RAM.bss
                                  fef05664  fef05667         4   4
RETENTION_RAM.data.R
                                  fef05668  fef0566b         4   4
USER_SHARED_SEC.bss
                                  feff8000  feff8103       104   4
USER_SHARED_SEC.data.R
                                  feff8104  feff816f        6c   4
GLOBAL_RAM_B.bss
                                  feff8170  feff8173         4   4
GLOBAL_RAM_B.data.R
                                  feff8174  feff8177         4   4
TASK_SysTask_core0.text
                                  feff8178  feff8179         2   2
TASK_SysTask_core1.text
                                  feff817a  feff817b         2   2
