Renesas Optimizing Linker (W3.05.00 )             28-May-2024 00:23:59

*** Options ***

-subcommand=DefaultBuild\MilkshopAUTOSAR _schm_0526.clnk
-input=DefaultBuild\alarm.obj
-input=DefaultBuild\event.obj
-input=DefaultBuild\isr2.obj
-input=DefaultBuild\resource.obj
-input=DefaultBuild\scheduler.obj
-input=DefaultBuild\system.obj
-input=DefaultBuild\task.obj
-input=DefaultBuild\alarm_Cfg.obj
-input=DefaultBuild\event_Cfg.obj
-input=DefaultBuild\isr_Cfg.obj
-input=DefaultBuild\resource_Cfg.obj
-input=DefaultBuild\task_Cfg.obj
-input=DefaultBuild\board.obj
-input=DefaultBuild\boot.obj
-input=DefaultBuild\context.obj
-input=DefaultBuild\cstart1.obj
-input=DefaultBuild\cstart2.obj
-input=DefaultBuild\GPIO.obj
-input=DefaultBuild\ISRInit.obj
-input=DefaultBuild\timer.obj
-input=DefaultBuild\r_clkc.obj
-input=DefaultBuild\r_intc.obj
-input=DefaultBuild\r_port.obj
-input=DefaultBuild\r_rlin.obj
-input=DefaultBuild\r_uart.obj
-input=DefaultBuild\r_lin.obj
-input=DefaultBuild\hook.obj
-input=DefaultBuild\main_pe2.obj
-input=DefaultBuild\main.obj
-input=DefaultBuild\application_Cfg.obj
-input=DefaultBuild\memprot_Cfg.obj
-input=DefaultBuild\os_Cfg.obj
-input=DefaultBuild\spinlock_Cfg.obj
-input=DefaultBuild\timingprot_Cfg.obj
-input=DefaultBuild\application.obj
-input=DefaultBuild\spinlock.obj
-input=DefaultBuild\timingprot.obj
-input=DefaultBuild\boot2.obj
-input=DefaultBuild\core.obj
-input=DefaultBuild\lock.obj
-input=DefaultBuild\memprot.obj
-input=DefaultBuild\systemcall.obj
-input=DefaultBuild\counter_Cfg.obj
-input=DefaultBuild\counter.obj
-input=DefaultBuild\ScheduleTable.obj
-input=DefaultBuild\scheduleTable_Cfg.obj
-input=DefaultBuild\string_format_test.obj
-input=DefaultBuild\softwaretimer_Cfg.obj
-input=DefaultBuild\softwaretimer.obj
-input=DefaultBuild\app2.obj
-input=DefaultBuild\app3.obj
-input=DefaultBuild\app4.obj
-input=DefaultBuild\trustedfunc_Cfg.obj
-input=DefaultBuild\app1.obj
-input=DefaultBuild\peripheral.obj
-input=DefaultBuild\Ioc.obj
-input=DefaultBuild\ring_buffer.obj
-input=DefaultBuild\Bsw_Event_Cfg.obj
-input=DefaultBuild\SchM_Mode_Data_Management_Cfg.obj
-input=DefaultBuild\SchM_Sender_Receive_Data_Management_Cfg.obj
-input=DefaultBuild\SchM_Bsw1_Engine_Controller_BE_Engine_ModeSwitch.obj
-input=DefaultBuild\SchM_Bsw1_Engine_Controller_BE_Engine_Test.obj
-input=DefaultBuild\SchM_Bsw2_Engine_Mode_Display_BE_0.obj
-input=DefaultBuild\SchM_Bsw2_Engine_Mode_Display_BE_1.obj
-input=DefaultBuild\SchM_Bsw2_Engine_Mode_Display_BE_2.obj
-input=DefaultBuild\SchM_Bsw2_Engine_Mode_Display_BE_3.obj
-input=DefaultBuild\SchM_Bsw2_Engine_Mode_Display_BE_4.obj
-input=DefaultBuild\SchM_Bsw2_Engine_Mode_Display_BE_5.obj
-input=DefaultBuild\SchM_Bsw2_Engine_Mode_Display_BE_Mode0_Entry.obj
-input=DefaultBuild\SchM_Bsw2_Engine_Mode_Display_BE_Mode0_Exit.obj
-input=DefaultBuild\SchM_Bsw2_Engine_Mode_Display_BE_Mode0_Transition.obj
-input=DefaultBuild\SchM_Bsw2_Engine_Mode_Display_BE_Mode1_Entry.obj
-input=DefaultBuild\SchM_Bsw2_Engine_Mode_Display_BE_Mode1_Exit.obj
-input=DefaultBuild\SchM_Bsw2_Engine_Mode_Display_BE_Mode1_Transition.obj
-input=DefaultBuild\SchM_Bsw2_Engine_Mode_Display_BE_Mode2_Entry.obj
-input=DefaultBuild\SchM_Bsw2_Engine_Mode_Display_BE_Mode2_Exit.obj
-input=DefaultBuild\SchM_Bsw2_Engine_Mode_Display_BE_Mode2_Transition.obj
-input=DefaultBuild\SchM_Bsw2_Engine_Mode_Display_BE_Mode3_Entry.obj
-input=DefaultBuild\SchM_Bsw2_Engine_Mode_Display_BE_Mode3_Exit.obj
-input=DefaultBuild\SchM_Bsw2_Engine_Mode_Display_BE_Mode3_Transition.obj
-input=DefaultBuild\SchM_Bsw2_Engine_Mode_Display_BE_Mode4_Entry.obj
-input=DefaultBuild\SchM_Bsw2_Engine_Mode_Display_BE_Mode4_Exit.obj
-input=DefaultBuild\SchM_Bsw2_Engine_Mode_Display_BE_Mode4_Transition.obj
-input=DefaultBuild\SchM_Bsw3_controller_BE_Acc_controller.obj
-input=DefaultBuild\SchM_Bsw3_controller_BE_Temp_controller.obj
-input=DefaultBuild\SchM_Bsw4_Temp_display_BE_Temp_display.obj
-input=DefaultBuild\SchM_Bsw5_Acc_display_BE_Acc_display.obj
-input=DefaultBuild\SchM_Bsw1_Engine_Controller_BE_Engine_ModeSwitchAck.obj
-input=DefaultBuild\Share_Function.obj
-input=DefaultBuild\Rte_Event_Cfg.obj
-input=DefaultBuild\Rte_Mode_Data_Management_Cfg.obj
-input=DefaultBuild\Rte_App1Swc_ModeManager_RE_AC_ModeSwitch.obj
-input=DefaultBuild\Rte_App1Swc_ModeManager_RE_AC_ModeSwitchAck.obj
-input=DefaultBuild\Rte_App1Swc_ModeManager_RE_AC_test.obj
-input=DefaultBuild\Rte_App2Swc_ModeUser_RE_0.obj
-input=DefaultBuild\Rte_App2Swc_ModeUser_RE_1.obj
-input=DefaultBuild\Rte_App2Swc_ModeUser_RE_2.obj
-input=DefaultBuild\Rte_App2Swc_ModeUser_RE_3.obj
-input=DefaultBuild\Rte_App2Swc_ModeUser_RE_Mode0_Entry.obj
-input=DefaultBuild\Rte_App2Swc_ModeUser_RE_Mode0_Exit.obj
-input=DefaultBuild\Rte_App2Swc_ModeUser_RE_Mode0_Transition.obj
-input=DefaultBuild\Rte_App2Swc_ModeUser_RE_Mode1_Entry.obj
-input=DefaultBuild\Rte_App2Swc_ModeUser_RE_Mode1_Exit.obj
-input=DefaultBuild\Rte_App2Swc_ModeUser_RE_Mode1_Transition.obj
-input=DefaultBuild\Rte_App2Swc_ModeUser_RE_Mode2_Entry.obj
-input=DefaultBuild\Rte_App2Swc_ModeUser_RE_Mode2_Exit.obj
-input=DefaultBuild\Rte_App2Swc_ModeUser_RE_Mode2_Transition.obj
-input=DefaultBuild\SchM_Bsw6_client_sync_BE_client1_1.obj
-input=DefaultBuild\SchM_Bsw6_client_sync_BE_client1_2.obj
-input=DefaultBuild\SchM_Bsw7_server1_sync_BE_server1.obj
-input=DefaultBuild\SchM_Bsw8_server2_sync_BE_server2.obj
-input=DefaultBuild\SchM_Client_Server_Data_Management_Cfg.obj
-input=DefaultBuild\Transformer_stub.obj
-debug
-nocompress
-NOOPtimize
-output="DefaultBuild\MilkshopAUTOSAR _schm_0526.abs"
-library=v850e3v5\rhf8n.lib
-library=v850e3v5\libmalloc.lib
-list="DefaultBuild\MilkshopAUTOSAR _schm_0526.map"
-start=RESET_PE1,EIINTTBL_PE1,SYSTEMCALLTBL/0,.text,IOC_RESERVED_SEC.text,USER_SHARED_SEC.text,LOCAL_RAM_PE1.text,LOCAL_RAM_PE2.text,SELF_AREA.text,GLOBAL_RAM_A.text,RETENTION_RAM.text,OSAPP_A01_SEC.text,ISR_I001_SEC.text,ISR_I002_SEC.text,ISR_I003_SEC.text,ISR_I004_SEC.text,TASK_T001_SEC.text,TASK_T002_SEC.text,TASK_T003_SEC.text,OSAPP_A02_SEC.text,ISR_I101_SEC.text,ISR_I102_SEC.text,ISR_I103_SEC.text,ISR_I104_SEC.text,TASK_T101_SEC.text,TASK_T102_SEC.text,TASK_T103_SEC.text,OSAPP_A03_SEC.text,ISR_I005_SEC.text,ISR_I006_SEC.text,TASK_T004_SEC.text,TASK_T005_SEC.text,TASK_T006_SEC.text,OSAPP_A04_SEC.text,ISR_I105_SEC.text,ISR_I106_SEC.text,TASK_T104_SEC.text,TASK_T105_SEC.text,TASK_T106_SEC.text,GLOBAL_RAM_B.text/00008000,RESET_PE2,EIINTTBL_PE2,.const,IOC_RESERVED_SEC.const,USER_SHARED_SEC.const,LOCAL_RAM_PE1.const,LOCAL_RAM_PE2.const,SELF_AREA.const,OSAPP_A01_SEC.const,ISR_I001_SEC.const,ISR_I002_SEC.const,ISR_I003_SEC.const,ISR_I004_SEC.const,TASK_T001_SEC.const,TASK_T002_SEC.const,TASK_T003_SEC.const,OSAPP_A02_SEC.const,ISR_I101_SEC.const,ISR_I102_SEC.const,ISR_I103_SEC.const,ISR_I104_SEC.const,TASK_T101_SEC.const,TASK_T102_SEC.const,TASK_T103_SEC.const,OSAPP_A03_SEC.const,ISR_I005_SEC.const,ISR_I006_SEC.const,TASK_T004_SEC.const,TASK_T005_SEC.const,TASK_T006_SEC.const,OSAPP_A04_SEC.const,ISR_I105_SEC.const,ISR_I106_SEC.const,TASK_T104_SEC.const,TASK_T105_SEC.const,TASK_T106_SEC.const,TASK_SysTask_core0.const,TASK_SysTask_core1.const,GLOBAL_RAM_A.const,RETENTION_RAM.const,GLOBAL_RAM_B.const,.data,IOC_RESERVED_SEC.data,USER_SHARED_SEC.data,LOCAL_RAM_PE1.data,LOCAL_RAM_PE2.data,SELF_AREA.data,OSAPP_A01_SEC.data,ISR_I001_SEC.data,ISR_I002_SEC.data,ISR_I003_SEC.data,ISR_I004_SEC.data,TASK_T001_SEC.data,TASK_T002_SEC.data,TASK_T003_SEC.data,OSAPP_A02_SEC.data,ISR_I101_SEC.data,ISR_I102_SEC.data,ISR_I103_SEC.data,ISR_I104_SEC.data,TASK_T101_SEC.data,TASK_T102_SEC.data,TASK_T103_SEC.data,OSAPP_A03_SEC.data,ISR_I005_SEC.data,ISR_I006_SEC.data,TASK_T004_SEC.data,TASK_T005_SEC.data,TASK_T006_SEC.data,OSAPP_A04_SEC.data,ISR_I105_SEC.data,ISR_I106_SEC.data,TASK_T104_SEC.data,TASK_T105_SEC.data,TASK_T106_SEC.data,TASK_SysTask_core0.data,TASK_SysTask_core1.data,GLOBAL_RAM_A.data,RETENTION_RAM.data,GLOBAL_RAM_B.data/00800000,LOCAL_RAM_PE2.bss,LOCAL_RAM_PE2.data.R,OSAPP_A02_SEC.bss,OSAPP_A02_SEC.data.R,ISR_I101_SEC.bss,ISR_I101_SEC.data.R,ISR_I102_SEC.bss,ISR_I102_SEC.data.R,ISR_I103_SEC.bss,ISR_I103_SEC.data.R,ISR_I104_SEC.bss,ISR_I104_SEC.data.R,TASK_T101_SEC.bss,TASK_T101_SEC.data.R,TASK_T102_SEC.bss,TASK_T102_SEC.data.R,TASK_T103_SEC.bss,TASK_T103_SEC.data.R,OSAPP_A04_SEC.bss,OSAPP_A04_SEC.data.R,ISR_I105_SEC.bss,ISR_I105_SEC.data.R,ISR_I106_SEC.bss,ISR_I106_SEC.data.R,TASK_T104_SEC.bss,TASK_T104_SEC.data.R,TASK_T105_SEC.bss,TASK_T105_SEC.data.R,TASK_T106_SEC.bss,TASK_T106_SEC.data.R,TASK_SysTask_core1.bss,TASK_SysTask_core1.data.R,ALL_TASK_ISR_STACK_PE2.bss,system_pe2_stack.bss/FE9E0000,LOCAL_RAM_PE1.bss,LOCAL_RAM_PE1.data.R,OSAPP_A01_SEC.bss,OSAPP_A01_SEC.data.R,ISR_I001_SEC.bss,ISR_I001_SEC.data.R,ISR_I002_SEC.bss,ISR_I002_SEC.data.R,ISR_I003_SEC.bss,ISR_I003_SEC.data.R,ISR_I004_SEC.bss,ISR_I004_SEC.data.R,TASK_T001_SEC.bss,TASK_T001_SEC.data.R,TASK_T002_SEC.bss,TASK_T002_SEC.data.R,TASK_T003_SEC.bss,TASK_T003_SEC.data.R,OSAPP_A03_SEC.bss,OSAPP_A03_SEC.data.R,ISR_I005_SEC.bss,ISR_I005_SEC.data.R,ISR_I006_SEC.bss,ISR_I006_SEC.data.R,TASK_T004_SEC.bss,TASK_T004_SEC.data.R,TASK_T005_SEC.bss,TASK_T005_SEC.data.R,TASK_T006_SEC.bss,TASK_T006_SEC.data.R,TASK_SysTask_core0.bss,TASK_SysTask_core0.data.R,ALL_TASK_ISR_STACK_PE1.bss,system_pe1_stack.bss/FEBC0000,SELF_AREA.bss,SELF_AREA.data.R/FEDFE000,IOC_RESERVED_SEC.bss,IOC_RESERVED_SEC.data.R,GLOBAL_RAM_A.bss,GLOBAL_RAM_A.data.R/FEEF8000,.bss,.data.R,RETENTION_RAM.bss,RETENTION_RAM.data.R/FEF01000,USER_SHARED_SEC.bss,USER_SHARED_SEC.data.R,GLOBAL_RAM_B.bss,GLOBAL_RAM_B.data.R/FEFF8000
-rom=.data=.data.R,IOC_RESERVED_SEC.data=IOC_RESERVED_SEC.data.R,USER_SHARED_SEC.data=USER_SHARED_SEC.data.R,LOCAL_RAM_PE2.data=LOCAL_RAM_PE2.data.R,LOCAL_RAM_PE1.data=LOCAL_RAM_PE1.data.R,SELF_AREA.data=SELF_AREA.data.R,GLOBAL_RAM_A.data=GLOBAL_RAM_A.data.R,RETENTION_RAM.data=RETENTION_RAM.data.R,GLOBAL_RAM_B.data=GLOBAL_RAM_B.data.R,OSAPP_A01_SEC.data=OSAPP_A01_SEC.data.R,ISR_I001_SEC.data=ISR_I001_SEC.data.R,ISR_I002_SEC.data=ISR_I002_SEC.data.R,ISR_I003_SEC.data=ISR_I003_SEC.data.R,ISR_I004_SEC.data=ISR_I004_SEC.data.R,TASK_T001_SEC.data=TASK_T001_SEC.data.R,TASK_T002_SEC.data=TASK_T002_SEC.data.R,TASK_T003_SEC.data=TASK_T003_SEC.data.R,OSAPP_A02_SEC.data=OSAPP_A02_SEC.data.R,ISR_I101_SEC.data=ISR_I101_SEC.data.R,ISR_I102_SEC.data=ISR_I102_SEC.data.R,ISR_I103_SEC.data=ISR_I103_SEC.data.R,ISR_I104_SEC.data=ISR_I104_SEC.data.R,TASK_T101_SEC.data=TASK_T101_SEC.data.R,TASK_T102_SEC.data=TASK_T102_SEC.data.R,TASK_T103_SEC.data=TASK_T103_SEC.data.R,OSAPP_A03_SEC.data=OSAPP_A03_SEC.data.R,ISR_I005_SEC.data=ISR_I005_SEC.data.R,ISR_I006_SEC.data=ISR_I006_SEC.data.R,TASK_T004_SEC.data=TASK_T004_SEC.data.R,TASK_T005_SEC.data=TASK_T005_SEC.data.R,TASK_T006_SEC.data=TASK_T006_SEC.data.R,OSAPP_A04_SEC.data=OSAPP_A04_SEC.data.R,ISR_I105_SEC.data=ISR_I105_SEC.data.R,ISR_I106_SEC.data=ISR_I106_SEC.data.R,TASK_T104_SEC.data=TASK_T104_SEC.data.R,TASK_T105_SEC.data=TASK_T105_SEC.data.R,TASK_T106_SEC.data=TASK_T106_SEC.data.R,TASK_SysTask_core0.data=TASK_SysTask_core0.data.R,TASK_SysTask_core1.data=TASK_SysTask_core1.data.R
-memory=high
-nologo
-end

*** Error information ***

W0561120:Section address is not assigned to "TASK_SysTask_core0.text"
W0561120:Section address is not assigned to "TASK_SysTask_core1.text"

*** Mapping List ***

SECTION                            START      END         SIZE   ALIGN
RESET_PE1
                                  00000000  000001f7       1f8   200
EIINTTBL_PE1
                                  00000200  0000077b       57c   200
SYSTEMCALLTBL
                                  00000800  00000863        64   200
.text
                                  00008000  00025007     1d008   2
IOC_RESERVED_SEC.text
                                  00025008  00025009         2   2
USER_SHARED_SEC.text
                                  0002500a  0002500b         2   2
LOCAL_RAM_PE1.text
                                  0002500c  0002500d         2   2
LOCAL_RAM_PE2.text
                                  0002500e  0002500f         2   2
SELF_AREA.text
                                  00025010  00025011         2   2
GLOBAL_RAM_A.text
                                  00025012  00025013         2   2
RETENTION_RAM.text
                                  00025014  00025015         2   2
OSAPP_A01_SEC.text
                                  00025016  00025223       20e   2
ISR_I001_SEC.text
                                  00025224  00025237        14   2
ISR_I002_SEC.text
                                  00025238  0002524b        14   2
ISR_I003_SEC.text
                                  0002524c  0002525f        14   2
ISR_I004_SEC.text
                                  00025260  00025273        14   2
TASK_T001_SEC.text
                                  00025274  00025595       322   2
TASK_T002_SEC.text
                                  00025596  00025c63       6ce   2
TASK_T003_SEC.text
                                  00025c64  00026077       414   2
OSAPP_A02_SEC.text
                                  00026078  00026213       19c   2
ISR_I101_SEC.text
                                  00026214  00026227        14   2
ISR_I102_SEC.text
                                  00026228  0002623b        14   2
ISR_I103_SEC.text
                                  0002623c  0002624f        14   2
ISR_I104_SEC.text
                                  00026250  00026263        14   2
TASK_T101_SEC.text
                                  00026264  000262a5        42   2
TASK_T102_SEC.text
                                  000262a6  000265c5       320   2
TASK_T103_SEC.text
                                  000265c6  00026b45       580   2
OSAPP_A03_SEC.text
                                  00026b46  00026cb7       172   2
ISR_I005_SEC.text
                                  00026cb8  00026ccb        14   2
ISR_I006_SEC.text
                                  00026ccc  00026cdf        14   2
TASK_T004_SEC.text
                                  00026ce0  00026cf7        18   2
TASK_T005_SEC.text
                                  00026cf8  00026d0f        18   2
TASK_T006_SEC.text
                                  00026d10  00026d27        18   2
OSAPP_A04_SEC.text
                                  00026d28  00026e85       15e   2
ISR_I105_SEC.text
                                  00026e86  00026e99        14   2
ISR_I106_SEC.text
                                  00026e9a  00026ead        14   2
TASK_T104_SEC.text
                                  00026eae  000271cd       320   2
TASK_T105_SEC.text
                                  000271ce  000274f7       32a   2
TASK_T106_SEC.text
                                  000274f8  00027505         e   2
GLOBAL_RAM_B.text
                                  00027506  00027507         2   2
RESET_PE2
                                  00800000  008001f7       1f8   200
EIINTTBL_PE2
                                  00800200  008009ff       800   200
.const
                                  00800a00  00802069      166a   4
IOC_RESERVED_SEC.const
                                  0080206c  0080206f         4   4
USER_SHARED_SEC.const
                                  00802070  00802073         4   4
LOCAL_RAM_PE1.const
                                  00802074  00802077         4   4
LOCAL_RAM_PE2.const
                                  00802078  0080207b         4   4
SELF_AREA.const
                                  0080207c  0080207f         4   4
OSAPP_A01_SEC.const
                                  00802080  008022be       23f   4
ISR_I001_SEC.const
                                  008022c0  008022db        1c   4
ISR_I002_SEC.const
                                  008022dc  008022f7        1c   4
ISR_I003_SEC.const
                                  008022f8  00802313        1c   4
ISR_I004_SEC.const
                                  00802314  0080232f        1c   4
TASK_T001_SEC.const
                                  00802330  0080233f        10   4
TASK_T002_SEC.const
                                  00802340  008023b3        74   4
TASK_T003_SEC.const
                                  008023b4  008023c3        10   4
OSAPP_A02_SEC.const
                                  008023c4  008025d2       20f   4
ISR_I101_SEC.const
                                  008025d4  008025ee        1b   4
ISR_I102_SEC.const
                                  008025f0  0080260a        1b   4
ISR_I103_SEC.const
                                  0080260c  00802626        1b   4
ISR_I104_SEC.const
                                  00802628  00802642        1b   4
TASK_T101_SEC.const
                                  00802644  00802654        11   4
TASK_T102_SEC.const
                                  00802658  00802668        11   4
TASK_T103_SEC.const
                                  0080266c  0080267c        11   4
OSAPP_A03_SEC.const
                                  00802680  00802886       207   4
ISR_I005_SEC.const
                                  00802888  008028a3        1c   4
ISR_I006_SEC.const
                                  008028a4  008028bf        1c   4
TASK_T004_SEC.const
                                  008028c0  008028cf        10   4
TASK_T005_SEC.const
                                  008028d0  008028df        10   4
TASK_T006_SEC.const
                                  008028e0  008028ef        10   4
OSAPP_A04_SEC.const
                                  008028f0  00802ad4       1e5   4
ISR_I105_SEC.const
                                  00802ad8  00802af2        1b   4
ISR_I106_SEC.const
                                  00802af4  00802b0e        1b   4
TASK_T104_SEC.const
                                  00802b10  00802b20        11   4
TASK_T105_SEC.const
                                  00802b24  00802b34        11   4
TASK_T106_SEC.const
                                  00802b38  00802b3b         4   4
TASK_SysTask_core0.const
                                  00802b3c  00802b3f         4   4
TASK_SysTask_core1.const
                                  00802b40  00802b43         4   4
GLOBAL_RAM_A.const
                                  00802b44  00802b47         4   4
RETENTION_RAM.const
                                  00802b48  00802b4b         4   4
GLOBAL_RAM_B.const
                                  00802b4c  00802b4f         4   4
.data
                                  00802b50  00805113      25c4   4
IOC_RESERVED_SEC.data
                                  00805114  00805117         4   4
USER_SHARED_SEC.data
                                  00805118  00805183        6c   4
LOCAL_RAM_PE1.data
                                  00805184  00805189         6   4
LOCAL_RAM_PE2.data
                                  0080518c  0080518f         4   4
SELF_AREA.data
                                  00805190  00805193         4   4
OSAPP_A01_SEC.data
                                  00805194  0080519d         a   4
ISR_I001_SEC.data
                                  008051a0  008051a3         4   4
ISR_I002_SEC.data
                                  008051a4  008051ab         8   4
ISR_I003_SEC.data
                                  008051ac  008051af         4   4
ISR_I004_SEC.data
                                  008051b0  008051b3         4   4
TASK_T001_SEC.data
                                  008051b4  008051bb         8   4
TASK_T002_SEC.data
                                  008051bc  008051c3         8   4
TASK_T003_SEC.data
                                  008051c4  008051c7         4   4
OSAPP_A02_SEC.data
                                  008051c8  008051cf         8   4
ISR_I101_SEC.data
                                  008051d0  008051d3         4   4
ISR_I102_SEC.data
                                  008051d4  008051d7         4   4
ISR_I103_SEC.data
                                  008051d8  008051db         4   4
ISR_I104_SEC.data
                                  008051dc  008051df         4   4
TASK_T101_SEC.data
                                  008051e0  008051e3         4   4
TASK_T102_SEC.data
                                  008051e4  008051e7         4   4
TASK_T103_SEC.data
                                  008051e8  008051eb         4   4
OSAPP_A03_SEC.data
                                  008051ec  008051f7         c   4
ISR_I005_SEC.data
                                  008051f8  008051fb         4   4
ISR_I006_SEC.data
                                  008051fc  008051ff         4   4
TASK_T004_SEC.data
                                  00805200  00805203         4   4
TASK_T005_SEC.data
                                  00805204  00805207         4   4
TASK_T006_SEC.data
                                  00805208  0080520b         4   4
OSAPP_A04_SEC.data
                                  0080520c  00805213         8   4
ISR_I105_SEC.data
                                  00805214  00805217         4   4
ISR_I106_SEC.data
                                  00805218  0080521b         4   4
TASK_T104_SEC.data
                                  0080521c  0080521f         4   4
TASK_T105_SEC.data
                                  00805220  00805223         4   4
TASK_T106_SEC.data
                                  00805224  00805227         4   4
TASK_SysTask_core0.data
                                  00805228  0080522b         4   4
TASK_SysTask_core1.data
                                  0080522c  0080522f         4   4
GLOBAL_RAM_A.data
                                  00805230  00805233         4   4
RETENTION_RAM.data
                                  00805234  00805237         4   4
GLOBAL_RAM_B.data
                                  00805238  0080523b         4   4
LOCAL_RAM_PE2.bss
                                  fe9e0000  fe9e0003         4   4
LOCAL_RAM_PE2.data.R
                                  fe9e0004  fe9e0007         4   4
OSAPP_A02_SEC.bss
                                  fe9e0008  fe9e000b         4   4
OSAPP_A02_SEC.data.R
                                  fe9e000c  fe9e0013         8   4
ISR_I101_SEC.bss
                                  fe9e0014  fe9e0017         4   4
ISR_I101_SEC.data.R
                                  fe9e0018  fe9e001b         4   4
ISR_I102_SEC.bss
                                  fe9e001c  fe9e001f         4   4
ISR_I102_SEC.data.R
                                  fe9e0020  fe9e0023         4   4
ISR_I103_SEC.bss
                                  fe9e0024  fe9e0027         4   4
ISR_I103_SEC.data.R
                                  fe9e0028  fe9e002b         4   4
ISR_I104_SEC.bss
                                  fe9e002c  fe9e002f         4   4
ISR_I104_SEC.data.R
                                  fe9e0030  fe9e0033         4   4
TASK_T101_SEC.bss
                                  fe9e0034  fe9e0037         4   4
TASK_T101_SEC.data.R
                                  fe9e0038  fe9e003b         4   4
TASK_T102_SEC.bss
                                  fe9e003c  fe9e003f         4   4
TASK_T102_SEC.data.R
                                  fe9e0040  fe9e0043         4   4
TASK_T103_SEC.bss
                                  fe9e0044  fe9e0047         4   4
TASK_T103_SEC.data.R
                                  fe9e0048  fe9e004b         4   4
OSAPP_A04_SEC.bss
                                  fe9e004c  fe9e004f         4   4
OSAPP_A04_SEC.data.R
                                  fe9e0050  fe9e0057         8   4
ISR_I105_SEC.bss
                                  fe9e0058  fe9e005b         4   4
ISR_I105_SEC.data.R
                                  fe9e005c  fe9e005f         4   4
ISR_I106_SEC.bss
                                  fe9e0060  fe9e0063         4   4
ISR_I106_SEC.data.R
                                  fe9e0064  fe9e0067         4   4
TASK_T104_SEC.bss
                                  fe9e0068  fe9e006b         4   4
TASK_T104_SEC.data.R
                                  fe9e006c  fe9e006f         4   4
TASK_T105_SEC.bss
                                  fe9e0070  fe9e0073         4   4
TASK_T105_SEC.data.R
                                  fe9e0074  fe9e0077         4   4
TASK_T106_SEC.bss
                                  fe9e0078  fe9e007b         4   4
TASK_T106_SEC.data.R
                                  fe9e007c  fe9e007f         4   4
TASK_SysTask_core1.bss
                                  fe9e0080  fe9e0093        14   4
TASK_SysTask_core1.data.R
                                  fe9e0094  fe9e0097         4   4
ALL_TASK_ISR_STACK_PE2.bss
                                  fe9e0098  fe9e1897      1800   4
system_pe2_stack.bss
                                  fe9e1898  fe9e1c97       400   4
LOCAL_RAM_PE1.bss
                                  febc0000  febc0003         4   4
LOCAL_RAM_PE1.data.R
                                  febc0004  febc0009         6   4
OSAPP_A01_SEC.bss
                                  febc000c  febc000f         4   4
OSAPP_A01_SEC.data.R
                                  febc0010  febc0019         a   4
ISR_I001_SEC.bss
                                  febc001c  febc001f         4   4
ISR_I001_SEC.data.R
                                  febc0020  febc0023         4   4
ISR_I002_SEC.bss
                                  febc0024  febc0027         4   4
ISR_I002_SEC.data.R
                                  febc0028  febc002f         8   4
ISR_I003_SEC.bss
                                  febc0030  febc0033         4   4
ISR_I003_SEC.data.R
                                  febc0034  febc0037         4   4
ISR_I004_SEC.bss
                                  febc0038  febc003b         4   4
ISR_I004_SEC.data.R
                                  febc003c  febc003f         4   4
TASK_T001_SEC.bss
                                  febc0040  febc0043         4   4
TASK_T001_SEC.data.R
                                  febc0044  febc004b         8   4
TASK_T002_SEC.bss
                                  febc004c  febc004f         4   4
TASK_T002_SEC.data.R
                                  febc0050  febc0057         8   4
TASK_T003_SEC.bss
                                  febc0058  febc005b         4   4
TASK_T003_SEC.data.R
                                  febc005c  febc005f         4   4
OSAPP_A03_SEC.bss
                                  febc0060  febc0063         4   4
OSAPP_A03_SEC.data.R
                                  febc0064  febc006f         c   4
ISR_I005_SEC.bss
                                  febc0070  febc0073         4   4
ISR_I005_SEC.data.R
                                  febc0074  febc0077         4   4
ISR_I006_SEC.bss
                                  febc0078  febc007b         4   4
ISR_I006_SEC.data.R
                                  febc007c  febc007f         4   4
TASK_T004_SEC.bss
                                  febc0080  febc0083         4   4
TASK_T004_SEC.data.R
                                  febc0084  febc0087         4   4
TASK_T005_SEC.bss
                                  febc0088  febc008b         4   4
TASK_T005_SEC.data.R
                                  febc008c  febc008f         4   4
TASK_T006_SEC.bss
                                  febc0090  febc0093         4   4
TASK_T006_SEC.data.R
                                  febc0094  febc0097         4   4
TASK_SysTask_core0.bss
                                  febc0098  febc00ab        14   4
TASK_SysTask_core0.data.R
                                  febc00ac  febc00af         4   4
ALL_TASK_ISR_STACK_PE1.bss
                                  febc00b0  febc18af      1800   4
system_pe1_stack.bss
                                  febc18b0  febc1caf       400   4
SELF_AREA.bss
                                  fedfe000  fedfe053        54   4
SELF_AREA.data.R
                                  fedfe054  fedfe057         4   4
IOC_RESERVED_SEC.bss
                                  feef8000  feef8003         4   4
IOC_RESERVED_SEC.data.R
                                  feef8004  feef8007         4   4
GLOBAL_RAM_A.bss
                                  feef8008  feef802b        24   4
GLOBAL_RAM_A.data.R
                                  feef802c  feef802f         4   4
.bss
                                  fef01000  fef02dbf      1dc0   4
.data.R
                                  fef02dc0  fef05383      25c4   4
RETENTION_RAM.bss
                                  fef05384  fef05387         4   4
RETENTION_RAM.data.R
                                  fef05388  fef0538b         4   4
USER_SHARED_SEC.bss
                                  feff8000  feff8103       104   4
USER_SHARED_SEC.data.R
                                  feff8104  feff816f        6c   4
GLOBAL_RAM_B.bss
                                  feff8170  feff8173         4   4
GLOBAL_RAM_B.data.R
                                  feff8174  feff8177         4   4
TASK_SysTask_core0.text
                                  feff8178  feff8179         2   2
TASK_SysTask_core1.text
                                  feff817a  feff817b         2   2
