Renesas Optimizing Linker (W3.05.00 )             10-Jul-2024 14:38:02

*** Options ***

-subcommand=DefaultBuild\MilkshopAUTOSAR.clnk
-input=DefaultBuild\alarm.obj
-input=DefaultBuild\event.obj
-input=DefaultBuild\isr2.obj
-input=DefaultBuild\resource.obj
-input=DefaultBuild\scheduler.obj
-input=DefaultBuild\system.obj
-input=DefaultBuild\task.obj
-input=DefaultBuild\alarm_Cfg.obj
-input=DefaultBuild\event_Cfg.obj
-input=DefaultBuild\isr_Cfg.obj
-input=DefaultBuild\resource_Cfg.obj
-input=DefaultBuild\task_Cfg.obj
-input=DefaultBuild\board.obj
-input=DefaultBuild\boot.obj
-input=DefaultBuild\context.obj
-input=DefaultBuild\cstart1.obj
-input=DefaultBuild\cstart2.obj
-input=DefaultBuild\GPIO.obj
-input=DefaultBuild\ISRInit.obj
-input=DefaultBuild\timer.obj
-input=DefaultBuild\r_clkc.obj
-input=DefaultBuild\r_intc.obj
-input=DefaultBuild\r_port.obj
-input=DefaultBuild\r_rlin.obj
-input=DefaultBuild\r_uart.obj
-input=DefaultBuild\r_lin.obj
-input=DefaultBuild\application_Cfg.obj
-input=DefaultBuild\memprot_Cfg.obj
-input=DefaultBuild\os_Cfg.obj
-input=DefaultBuild\spinlock_Cfg.obj
-input=DefaultBuild\timingprot_Cfg.obj
-input=DefaultBuild\application.obj
-input=DefaultBuild\spinlock.obj
-input=DefaultBuild\timingprot.obj
-input=DefaultBuild\boot2.obj
-input=DefaultBuild\core.obj
-input=DefaultBuild\lock.obj
-input=DefaultBuild\memprot.obj
-input=DefaultBuild\systemcall.obj
-input=DefaultBuild\counter_Cfg.obj
-input=DefaultBuild\counter.obj
-input=DefaultBuild\ScheduleTable.obj
-input=DefaultBuild\scheduleTable_Cfg.obj
-input=DefaultBuild\string_format_test.obj
-input=DefaultBuild\softwaretimer_Cfg.obj
-input=DefaultBuild\softwaretimer.obj
-input=DefaultBuild\trustedfunc_Cfg.obj
-input=DefaultBuild\peripheral.obj
-input=DefaultBuild\Ioc.obj
-input=DefaultBuild\app1.obj
-input=DefaultBuild\app2.obj
-input=DefaultBuild\app3.obj
-input=DefaultBuild\app4.obj
-input=DefaultBuild\hook.obj
-input=DefaultBuild\main.obj
-input=DefaultBuild\main_pe2.obj
-input=DefaultBuild\ringbuffer.obj
-input=DefaultBuild\Rte.obj
-input=DefaultBuild\Rte_Cs_Data_Management.obj
-input=DefaultBuild\Rte_Event_Cfg.obj
-input=DefaultBuild\Transformer_stub.obj
-input=DefaultBuild\Rte_Client_1.obj
-input=DefaultBuild\Rte_Client_2.obj
-input=DefaultBuild\Rte_Client_3.obj
-input=DefaultBuild\Rte_Server1_SR1.obj
-input=DefaultBuild\Rte_Server2_SR1.obj
-debug
-nocompress
-NOOPtimize
-output=DefaultBuild\MilkshopAUTOSAR.abs
-library=v850e3v5\rhf8n.lib
-library=v850e3v5\libmalloc.lib
-list=DefaultBuild\MilkshopAUTOSAR.map
-start=RESET_PE1,EIINTTBL_PE1,SYSTEMCALLTBL/0,.text,IOC_RESERVED_SEC.text,USER_SHARED_SEC.text,LOCAL_RAM_PE1.text,LOCAL_RAM_PE2.text,SELF_AREA.text,GLOBAL_RAM_A.text,RETENTION_RAM.text,OSAPP_A01_SEC.text,ISR_I001_SEC.text,ISR_I002_SEC.text,ISR_I003_SEC.text,ISR_I004_SEC.text,TASK_T001_SEC.text,TASK_T002_SEC.text,TASK_T003_SEC.text,OSAPP_A02_SEC.text,ISR_I101_SEC.text,ISR_I102_SEC.text,ISR_I103_SEC.text,ISR_I104_SEC.text,TASK_T101_SEC.text,TASK_T102_SEC.text,TASK_T103_SEC.text,OSAPP_A03_SEC.text,ISR_I005_SEC.text,ISR_I006_SEC.text,TASK_T004_SEC.text,TASK_T005_SEC.text,TASK_T006_SEC.text,OSAPP_A04_SEC.text,ISR_I105_SEC.text,ISR_I106_SEC.text,TASK_T104_SEC.text,TASK_T105_SEC.text,TASK_T106_SEC.text,GLOBAL_RAM_B.text/00008000,RESET_PE2,EIINTTBL_PE2,.const,IOC_RESERVED_SEC.const,USER_SHARED_SEC.const,LOCAL_RAM_PE1.const,LOCAL_RAM_PE2.const,SELF_AREA.const,OSAPP_A01_SEC.const,ISR_I001_SEC.const,ISR_I002_SEC.const,ISR_I003_SEC.const,ISR_I004_SEC.const,TASK_T001_SEC.const,TASK_T002_SEC.const,TASK_T003_SEC.const,OSAPP_A02_SEC.const,ISR_I101_SEC.const,ISR_I102_SEC.const,ISR_I103_SEC.const,ISR_I104_SEC.const,TASK_T101_SEC.const,TASK_T102_SEC.const,TASK_T103_SEC.const,OSAPP_A03_SEC.const,ISR_I005_SEC.const,ISR_I006_SEC.const,TASK_T004_SEC.const,TASK_T005_SEC.const,TASK_T006_SEC.const,OSAPP_A04_SEC.const,ISR_I105_SEC.const,ISR_I106_SEC.const,TASK_T104_SEC.const,TASK_T105_SEC.const,TASK_T106_SEC.const,TASK_SysTask_core0.const,TASK_SysTask_core1.const,GLOBAL_RAM_A.const,RETENTION_RAM.const,GLOBAL_RAM_B.const,.data,IOC_RESERVED_SEC.data,USER_SHARED_SEC.data,LOCAL_RAM_PE1.data,LOCAL_RAM_PE2.data,SELF_AREA.data,OSAPP_A01_SEC.data,ISR_I001_SEC.data,ISR_I002_SEC.data,ISR_I003_SEC.data,ISR_I004_SEC.data,TASK_T001_SEC.data,TASK_T002_SEC.data,TASK_T003_SEC.data,OSAPP_A02_SEC.data,ISR_I101_SEC.data,ISR_I102_SEC.data,ISR_I103_SEC.data,ISR_I104_SEC.data,TASK_T101_SEC.data,TASK_T102_SEC.data,TASK_T103_SEC.data,OSAPP_A03_SEC.data,ISR_I005_SEC.data,ISR_I006_SEC.data,TASK_T004_SEC.data,TASK_T005_SEC.data,TASK_T006_SEC.data,OSAPP_A04_SEC.data,ISR_I105_SEC.data,ISR_I106_SEC.data,TASK_T104_SEC.data,TASK_T105_SEC.data,TASK_T106_SEC.data,TASK_SysTask_core0.data,TASK_SysTask_core1.data,GLOBAL_RAM_A.data,RETENTION_RAM.data,GLOBAL_RAM_B.data/00800000,LOCAL_RAM_PE2.bss,LOCAL_RAM_PE2.data.R,OSAPP_A02_SEC.bss,OSAPP_A02_SEC.data.R,ISR_I101_SEC.bss,ISR_I101_SEC.data.R,ISR_I102_SEC.bss,ISR_I102_SEC.data.R,ISR_I103_SEC.bss,ISR_I103_SEC.data.R,ISR_I104_SEC.bss,ISR_I104_SEC.data.R,TASK_T101_SEC.bss,TASK_T101_SEC.data.R,TASK_T102_SEC.bss,TASK_T102_SEC.data.R,TASK_T103_SEC.bss,TASK_T103_SEC.data.R,OSAPP_A04_SEC.bss,OSAPP_A04_SEC.data.R,ISR_I105_SEC.bss,ISR_I105_SEC.data.R,ISR_I106_SEC.bss,ISR_I106_SEC.data.R,TASK_T104_SEC.bss,TASK_T104_SEC.data.R,TASK_T105_SEC.bss,TASK_T105_SEC.data.R,TASK_T106_SEC.bss,TASK_T106_SEC.data.R,TASK_SysTask_core1.bss,TASK_SysTask_core1.data.R,ALL_TASK_ISR_STACK_PE2.bss,system_pe2_stack.bss/FE9E0000,LOCAL_RAM_PE1.bss,LOCAL_RAM_PE1.data.R,OSAPP_A01_SEC.bss,OSAPP_A01_SEC.data.R,ISR_I001_SEC.bss,ISR_I001_SEC.data.R,ISR_I002_SEC.bss,ISR_I002_SEC.data.R,ISR_I003_SEC.bss,ISR_I003_SEC.data.R,ISR_I004_SEC.bss,ISR_I004_SEC.data.R,TASK_T001_SEC.bss,TASK_T001_SEC.data.R,TASK_T002_SEC.bss,TASK_T002_SEC.data.R,TASK_T003_SEC.bss,TASK_T003_SEC.data.R,OSAPP_A03_SEC.bss,OSAPP_A03_SEC.data.R,ISR_I005_SEC.bss,ISR_I005_SEC.data.R,ISR_I006_SEC.bss,ISR_I006_SEC.data.R,TASK_T004_SEC.bss,TASK_T004_SEC.data.R,TASK_T005_SEC.bss,TASK_T005_SEC.data.R,TASK_T006_SEC.bss,TASK_T006_SEC.data.R,TASK_SysTask_core0.bss,TASK_SysTask_core0.data.R,ALL_TASK_ISR_STACK_PE1.bss,system_pe1_stack.bss/FEBC0000,SELF_AREA.bss,SELF_AREA.data.R/FEDFE000,IOC_RESERVED_SEC.bss,IOC_RESERVED_SEC.data.R,GLOBAL_RAM_A.bss,GLOBAL_RAM_A.data.R/FEEF8000,.bss,.data.R,RETENTION_RAM.bss,RETENTION_RAM.data.R/FEF01000,USER_SHARED_SEC.bss,USER_SHARED_SEC.data.R,GLOBAL_RAM_B.bss,GLOBAL_RAM_B.data.R/FEFF8000
-rom=.data=.data.R,IOC_RESERVED_SEC.data=IOC_RESERVED_SEC.data.R,USER_SHARED_SEC.data=USER_SHARED_SEC.data.R,LOCAL_RAM_PE2.data=LOCAL_RAM_PE2.data.R,LOCAL_RAM_PE1.data=LOCAL_RAM_PE1.data.R,SELF_AREA.data=SELF_AREA.data.R,GLOBAL_RAM_A.data=GLOBAL_RAM_A.data.R,RETENTION_RAM.data=RETENTION_RAM.data.R,GLOBAL_RAM_B.data=GLOBAL_RAM_B.data.R,OSAPP_A01_SEC.data=OSAPP_A01_SEC.data.R,ISR_I001_SEC.data=ISR_I001_SEC.data.R,ISR_I002_SEC.data=ISR_I002_SEC.data.R,ISR_I003_SEC.data=ISR_I003_SEC.data.R,ISR_I004_SEC.data=ISR_I004_SEC.data.R,TASK_T001_SEC.data=TASK_T001_SEC.data.R,TASK_T002_SEC.data=TASK_T002_SEC.data.R,TASK_T003_SEC.data=TASK_T003_SEC.data.R,OSAPP_A02_SEC.data=OSAPP_A02_SEC.data.R,ISR_I101_SEC.data=ISR_I101_SEC.data.R,ISR_I102_SEC.data=ISR_I102_SEC.data.R,ISR_I103_SEC.data=ISR_I103_SEC.data.R,ISR_I104_SEC.data=ISR_I104_SEC.data.R,TASK_T101_SEC.data=TASK_T101_SEC.data.R,TASK_T102_SEC.data=TASK_T102_SEC.data.R,TASK_T103_SEC.data=TASK_T103_SEC.data.R,OSAPP_A03_SEC.data=OSAPP_A03_SEC.data.R,ISR_I005_SEC.data=ISR_I005_SEC.data.R,ISR_I006_SEC.data=ISR_I006_SEC.data.R,TASK_T004_SEC.data=TASK_T004_SEC.data.R,TASK_T005_SEC.data=TASK_T005_SEC.data.R,TASK_T006_SEC.data=TASK_T006_SEC.data.R,OSAPP_A04_SEC.data=OSAPP_A04_SEC.data.R,ISR_I105_SEC.data=ISR_I105_SEC.data.R,ISR_I106_SEC.data=ISR_I106_SEC.data.R,TASK_T104_SEC.data=TASK_T104_SEC.data.R,TASK_T105_SEC.data=TASK_T105_SEC.data.R,TASK_T106_SEC.data=TASK_T106_SEC.data.R,TASK_SysTask_core0.data=TASK_SysTask_core0.data.R,TASK_SysTask_core1.data=TASK_SysTask_core1.data.R
-memory=high
-nologo
-end

*** Error information ***

W0561120:Section address is not assigned to "TASK_SysTask_core0.text"
W0561120:Section address is not assigned to "TASK_SysTask_core1.text"

*** Mapping List ***

SECTION                            START      END         SIZE   ALIGN
RESET_PE1
                                  00000000  000001f7       1f8   200
EIINTTBL_PE1
                                  00000200  0000077b       57c   200
SYSTEMCALLTBL
                                  00000800  00000863        64   200
.text
                                  00008000  00024f6f     1cf70   2
IOC_RESERVED_SEC.text
                                  00024f70  00024f71         2   2
USER_SHARED_SEC.text
                                  00024f72  00025bf3       c82   2
LOCAL_RAM_PE1.text
                                  00025bf4  00025bf5         2   2
LOCAL_RAM_PE2.text
                                  00025bf6  00025bf7         2   2
SELF_AREA.text
                                  00025bf8  00025bf9         2   2
GLOBAL_RAM_A.text
                                  00025bfa  00025bfb         2   2
RETENTION_RAM.text
                                  00025bfc  00025bfd         2   2
OSAPP_A01_SEC.text
                                  00025bfe  00025dcd       1d0   2
ISR_I001_SEC.text
                                  00025dce  00025de1        14   2
ISR_I002_SEC.text
                                  00025de2  00025df5        14   2
ISR_I003_SEC.text
                                  00025df6  00025e09        14   2
ISR_I004_SEC.text
                                  00025e0a  00025e1d        14   2
TASK_T001_SEC.text
                                  00025e1e  00026591       774   2
TASK_T002_SEC.text
                                  00026592  00026d1f       78e   2
TASK_T003_SEC.text
                                  00026d20  00026d47        28   2
OSAPP_A02_SEC.text
                                  00026d48  00026ee3       19c   2
ISR_I101_SEC.text
                                  00026ee4  00026ef7        14   2
ISR_I102_SEC.text
                                  00026ef8  00026f0b        14   2
ISR_I103_SEC.text
                                  00026f0c  00026f1f        14   2
ISR_I104_SEC.text
                                  00026f20  00026f33        14   2
TASK_T101_SEC.text
                                  00026f34  000276a7       774   2
TASK_T102_SEC.text
                                  000276a8  000276b5         e   2
TASK_T103_SEC.text
                                  000276b6  000276c3         e   2
OSAPP_A03_SEC.text
                                  000276c4  00027835       172   2
ISR_I005_SEC.text
                                  00027836  00027849        14   2
ISR_I006_SEC.text
                                  0002784a  0002785d        14   2
TASK_T004_SEC.text
                                  0002785e  00027881        24   2
TASK_T005_SEC.text
                                  00027882  00027899        18   2
TASK_T006_SEC.text
                                  0002789a  000278b1        18   2
OSAPP_A04_SEC.text
                                  000278b2  00027a0f       15e   2
ISR_I105_SEC.text
                                  00027a10  00027a23        14   2
ISR_I106_SEC.text
                                  00027a24  00027a37        14   2
TASK_T104_SEC.text
                                  00027a38  00027a45         e   2
TASK_T105_SEC.text
                                  00027a46  00027a53         e   2
TASK_T106_SEC.text
                                  00027a54  00027a61         e   2
GLOBAL_RAM_B.text
                                  00027a62  00027a63         2   2
RESET_PE2
                                  00800000  008001f7       1f8   200
EIINTTBL_PE2
                                  00800200  008009ff       800   200
.const
                                  00800a00  00801c91      1292   4
IOC_RESERVED_SEC.const
                                  00801c94  00801c97         4   4
USER_SHARED_SEC.const
                                  00801c98  00801c9b         4   4
LOCAL_RAM_PE1.const
                                  00801c9c  00801c9f         4   4
LOCAL_RAM_PE2.const
                                  00801ca0  00801ca3         4   4
SELF_AREA.const
                                  00801ca4  00801ca7         4   4
OSAPP_A01_SEC.const
                                  00801ca8  00801eda       233   4
ISR_I001_SEC.const
                                  00801edc  00801ef7        1c   4
ISR_I002_SEC.const
                                  00801ef8  00801f13        1c   4
ISR_I003_SEC.const
                                  00801f14  00801f2f        1c   4
ISR_I004_SEC.const
                                  00801f30  00801f4b        1c   4
TASK_T001_SEC.const
                                  00801f4c  00801f7d        32   4
TASK_T002_SEC.const
                                  00801f80  00801fb1        32   4
TASK_T003_SEC.const
                                  00801fb4  00801fb7         4   4
OSAPP_A02_SEC.const
                                  00801fb8  008021c6       20f   4
ISR_I101_SEC.const
                                  008021c8  008021e2        1b   4
ISR_I102_SEC.const
                                  008021e4  008021fe        1b   4
ISR_I103_SEC.const
                                  00802200  0080221a        1b   4
ISR_I104_SEC.const
                                  0080221c  00802236        1b   4
TASK_T101_SEC.const
                                  00802238  00802269        32   4
TASK_T102_SEC.const
                                  0080226c  0080226f         4   4
TASK_T103_SEC.const
                                  00802270  00802273         4   4
OSAPP_A03_SEC.const
                                  00802274  0080247a       207   4
ISR_I005_SEC.const
                                  0080247c  00802497        1c   4
ISR_I006_SEC.const
                                  00802498  008024b3        1c   4
TASK_T004_SEC.const
                                  008024b4  008024c3        10   4
TASK_T005_SEC.const
                                  008024c4  008024d3        10   4
TASK_T006_SEC.const
                                  008024d4  008024e3        10   4
OSAPP_A04_SEC.const
                                  008024e4  008026c8       1e5   4
ISR_I105_SEC.const
                                  008026cc  008026e6        1b   4
ISR_I106_SEC.const
                                  008026e8  00802702        1b   4
TASK_T104_SEC.const
                                  00802704  00802707         4   4
TASK_T105_SEC.const
                                  00802708  0080270b         4   4
TASK_T106_SEC.const
                                  0080270c  0080270f         4   4
TASK_SysTask_core0.const
                                  00802710  00802713         4   4
TASK_SysTask_core1.const
                                  00802714  00802717         4   4
GLOBAL_RAM_A.const
                                  00802718  0080271b         4   4
RETENTION_RAM.const
                                  0080271c  0080271f         4   4
GLOBAL_RAM_B.const
                                  00802720  00802723         4   4
.data
                                  00802724  0080425f      1b3c   4
IOC_RESERVED_SEC.data
                                  00804260  00804263         4   4
USER_SHARED_SEC.data
                                  00804264  0080426d         a   4
LOCAL_RAM_PE1.data
                                  00804270  00804275         6   4
LOCAL_RAM_PE2.data
                                  00804278  0080427b         4   4
SELF_AREA.data
                                  0080427c  0080427f         4   4
OSAPP_A01_SEC.data
                                  00804280  00804289         a   4
ISR_I001_SEC.data
                                  0080428c  0080428f         4   4
ISR_I002_SEC.data
                                  00804290  00804297         8   4
ISR_I003_SEC.data
                                  00804298  0080429b         4   4
ISR_I004_SEC.data
                                  0080429c  0080429f         4   4
TASK_T001_SEC.data
                                  008042a0  008042a7         8   4
TASK_T002_SEC.data
                                  008042a8  008042af         8   4
TASK_T003_SEC.data
                                  008042b0  008042b3         4   4
OSAPP_A02_SEC.data
                                  008042b4  008042bb         8   4
ISR_I101_SEC.data
                                  008042bc  008042bf         4   4
ISR_I102_SEC.data
                                  008042c0  008042c3         4   4
ISR_I103_SEC.data
                                  008042c4  008042c7         4   4
ISR_I104_SEC.data
                                  008042c8  008042cb         4   4
TASK_T101_SEC.data
                                  008042cc  008042cf         4   4
TASK_T102_SEC.data
                                  008042d0  008042d3         4   4
TASK_T103_SEC.data
                                  008042d4  008042d7         4   4
OSAPP_A03_SEC.data
                                  008042d8  008042e3         c   4
ISR_I005_SEC.data
                                  008042e4  008042e7         4   4
ISR_I006_SEC.data
                                  008042e8  008042eb         4   4
TASK_T004_SEC.data
                                  008042ec  008042ef         4   4
TASK_T005_SEC.data
                                  008042f0  008042f3         4   4
TASK_T006_SEC.data
                                  008042f4  008042f7         4   4
OSAPP_A04_SEC.data
                                  008042f8  008042ff         8   4
ISR_I105_SEC.data
                                  00804300  00804303         4   4
ISR_I106_SEC.data
                                  00804304  00804307         4   4
TASK_T104_SEC.data
                                  00804308  0080430b         4   4
TASK_T105_SEC.data
                                  0080430c  0080430f         4   4
TASK_T106_SEC.data
                                  00804310  00804313         4   4
TASK_SysTask_core0.data
                                  00804314  00804317         4   4
TASK_SysTask_core1.data
                                  00804318  0080431b         4   4
GLOBAL_RAM_A.data
                                  0080431c  0080431f         4   4
RETENTION_RAM.data
                                  00804320  00804323         4   4
GLOBAL_RAM_B.data
                                  00804324  00804327         4   4
LOCAL_RAM_PE2.bss
                                  fe9e0000  fe9e0003         4   4
LOCAL_RAM_PE2.data.R
                                  fe9e0004  fe9e0007         4   4
OSAPP_A02_SEC.bss
                                  fe9e0008  fe9e000b         4   4
OSAPP_A02_SEC.data.R
                                  fe9e000c  fe9e0013         8   4
ISR_I101_SEC.bss
                                  fe9e0014  fe9e0017         4   4
ISR_I101_SEC.data.R
                                  fe9e0018  fe9e001b         4   4
ISR_I102_SEC.bss
                                  fe9e001c  fe9e001f         4   4
ISR_I102_SEC.data.R
                                  fe9e0020  fe9e0023         4   4
ISR_I103_SEC.bss
                                  fe9e0024  fe9e0027         4   4
ISR_I103_SEC.data.R
                                  fe9e0028  fe9e002b         4   4
ISR_I104_SEC.bss
                                  fe9e002c  fe9e002f         4   4
ISR_I104_SEC.data.R
                                  fe9e0030  fe9e0033         4   4
TASK_T101_SEC.bss
                                  fe9e0034  fe9e0037         4   4
TASK_T101_SEC.data.R
                                  fe9e0038  fe9e003b         4   4
TASK_T102_SEC.bss
                                  fe9e003c  fe9e003f         4   4
TASK_T102_SEC.data.R
                                  fe9e0040  fe9e0043         4   4
TASK_T103_SEC.bss
                                  fe9e0044  fe9e0047         4   4
TASK_T103_SEC.data.R
                                  fe9e0048  fe9e004b         4   4
OSAPP_A04_SEC.bss
                                  fe9e004c  fe9e004f         4   4
OSAPP_A04_SEC.data.R
                                  fe9e0050  fe9e0057         8   4
ISR_I105_SEC.bss
                                  fe9e0058  fe9e005b         4   4
ISR_I105_SEC.data.R
                                  fe9e005c  fe9e005f         4   4
ISR_I106_SEC.bss
                                  fe9e0060  fe9e0063         4   4
ISR_I106_SEC.data.R
                                  fe9e0064  fe9e0067         4   4
TASK_T104_SEC.bss
                                  fe9e0068  fe9e006b         4   4
TASK_T104_SEC.data.R
                                  fe9e006c  fe9e006f         4   4
TASK_T105_SEC.bss
                                  fe9e0070  fe9e0073         4   4
TASK_T105_SEC.data.R
                                  fe9e0074  fe9e0077         4   4
TASK_T106_SEC.bss
                                  fe9e0078  fe9e007b         4   4
TASK_T106_SEC.data.R
                                  fe9e007c  fe9e007f         4   4
TASK_SysTask_core1.bss
                                  fe9e0080  fe9e0093        14   4
TASK_SysTask_core1.data.R
                                  fe9e0094  fe9e0097         4   4
ALL_TASK_ISR_STACK_PE2.bss
                                  fe9e0098  fe9e1897      1800   4
system_pe2_stack.bss
                                  fe9e1898  fe9e1c97       400   4
LOCAL_RAM_PE1.bss
                                  febc0000  febc0003         4   4
LOCAL_RAM_PE1.data.R
                                  febc0004  febc0009         6   4
OSAPP_A01_SEC.bss
                                  febc000c  febc000f         4   4
OSAPP_A01_SEC.data.R
                                  febc0010  febc0019         a   4
ISR_I001_SEC.bss
                                  febc001c  febc001f         4   4
ISR_I001_SEC.data.R
                                  febc0020  febc0023         4   4
ISR_I002_SEC.bss
                                  febc0024  febc0027         4   4
ISR_I002_SEC.data.R
                                  febc0028  febc002f         8   4
ISR_I003_SEC.bss
                                  febc0030  febc0033         4   4
ISR_I003_SEC.data.R
                                  febc0034  febc0037         4   4
ISR_I004_SEC.bss
                                  febc0038  febc003b         4   4
ISR_I004_SEC.data.R
                                  febc003c  febc003f         4   4
TASK_T001_SEC.bss
                                  febc0040  febc0043         4   4
TASK_T001_SEC.data.R
                                  febc0044  febc004b         8   4
TASK_T002_SEC.bss
                                  febc004c  febc004f         4   4
TASK_T002_SEC.data.R
                                  febc0050  febc0057         8   4
TASK_T003_SEC.bss
                                  febc0058  febc005b         4   4
TASK_T003_SEC.data.R
                                  febc005c  febc005f         4   4
OSAPP_A03_SEC.bss
                                  febc0060  febc0063         4   4
OSAPP_A03_SEC.data.R
                                  febc0064  febc006f         c   4
ISR_I005_SEC.bss
                                  febc0070  febc0073         4   4
ISR_I005_SEC.data.R
                                  febc0074  febc0077         4   4
ISR_I006_SEC.bss
                                  febc0078  febc007b         4   4
ISR_I006_SEC.data.R
                                  febc007c  febc007f         4   4
TASK_T004_SEC.bss
                                  febc0080  febc0083         4   4
TASK_T004_SEC.data.R
                                  febc0084  febc0087         4   4
TASK_T005_SEC.bss
                                  febc0088  febc008b         4   4
TASK_T005_SEC.data.R
                                  febc008c  febc008f         4   4
TASK_T006_SEC.bss
                                  febc0090  febc0093         4   4
TASK_T006_SEC.data.R
                                  febc0094  febc0097         4   4
TASK_SysTask_core0.bss
                                  febc0098  febc00ab        14   4
TASK_SysTask_core0.data.R
                                  febc00ac  febc00af         4   4
ALL_TASK_ISR_STACK_PE1.bss
                                  febc00b0  febc18af      1800   4
system_pe1_stack.bss
                                  febc18b0  febc1caf       400   4
SELF_AREA.bss
                                  fedfe000  fedfe053        54   4
SELF_AREA.data.R
                                  fedfe054  fedfe057         4   4
IOC_RESERVED_SEC.bss
                                  feef8000  feef8003         4   4
IOC_RESERVED_SEC.data.R
                                  feef8004  feef8007         4   4
GLOBAL_RAM_A.bss
                                  feef8008  feef802b        24   4
GLOBAL_RAM_A.data.R
                                  feef802c  feef802f         4   4
.bss
                                  fef01000  fef02d17      1d18   4
.data.R
                                  fef02d18  fef04853      1b3c   4
RETENTION_RAM.bss
                                  fef04854  fef04857         4   4
RETENTION_RAM.data.R
                                  fef04858  fef0485b         4   4
USER_SHARED_SEC.bss
                                  feff8000  feff8043        44   4
USER_SHARED_SEC.data.R
                                  feff8044  feff804d         a   4
GLOBAL_RAM_B.bss
                                  feff8050  feff8053         4   4
GLOBAL_RAM_B.data.R
                                  feff8054  feff8057         4   4
TASK_SysTask_core0.text
                                  feff8058  feff8059         2   2
TASK_SysTask_core1.text
                                  feff805a  feff805b         2   2
