Renesas Optimizing Linker (W3.05.00 )             12-May-2024 02:47:58

*** Options ***

-subcommand=DefaultBuild\MilkshopAUTOSAR.clnk
-input=DefaultBuild\alarm.obj
-input=DefaultBuild\event.obj
-input=DefaultBuild\isr2.obj
-input=DefaultBuild\resource.obj
-input=DefaultBuild\scheduler.obj
-input=DefaultBuild\system.obj
-input=DefaultBuild\task.obj
-input=DefaultBuild\alarm_Cfg.obj
-input=DefaultBuild\event_Cfg.obj
-input=DefaultBuild\isr_Cfg.obj
-input=DefaultBuild\resource_Cfg.obj
-input=DefaultBuild\task_Cfg.obj
-input=DefaultBuild\board.obj
-input=DefaultBuild\boot.obj
-input=DefaultBuild\context.obj
-input=DefaultBuild\cstart1.obj
-input=DefaultBuild\cstart2.obj
-input=DefaultBuild\GPIO.obj
-input=DefaultBuild\ISRInit.obj
-input=DefaultBuild\timer.obj
-input=DefaultBuild\r_clkc.obj
-input=DefaultBuild\r_intc.obj
-input=DefaultBuild\r_port.obj
-input=DefaultBuild\r_rlin.obj
-input=DefaultBuild\r_uart.obj
-input=DefaultBuild\r_lin.obj
-input=DefaultBuild\application_Cfg.obj
-input=DefaultBuild\memprot_Cfg.obj
-input=DefaultBuild\os_Cfg.obj
-input=DefaultBuild\spinlock_Cfg.obj
-input=DefaultBuild\timingprot_Cfg.obj
-input=DefaultBuild\application.obj
-input=DefaultBuild\spinlock.obj
-input=DefaultBuild\timingprot.obj
-input=DefaultBuild\boot2.obj
-input=DefaultBuild\core.obj
-input=DefaultBuild\lock.obj
-input=DefaultBuild\memprot.obj
-input=DefaultBuild\systemcall.obj
-input=DefaultBuild\counter_Cfg.obj
-input=DefaultBuild\counter.obj
-input=DefaultBuild\ScheduleTable.obj
-input=DefaultBuild\scheduleTable_Cfg.obj
-input=DefaultBuild\string_format_test.obj
-input=DefaultBuild\softwaretimer_Cfg.obj
-input=DefaultBuild\softwaretimer.obj
-input=DefaultBuild\trustedfunc_Cfg.obj
-input=DefaultBuild\peripheral.obj
-input=DefaultBuild\Ioc.obj
-input=DefaultBuild\Rte_Client_Runnable_1.obj
-input=DefaultBuild\Rte_Server_Runnable_1.obj
-input=DefaultBuild\Rte_Client_Runnable_2.obj
-input=DefaultBuild\Rte_Client_Runnable_3.obj
-input=DefaultBuild\Rte_Server_Runnable_3.obj
-input=DefaultBuild\Rte_Server_Runnable_2.obj
-input=DefaultBuild\Rte.obj
-input=DefaultBuild\rte_event_cfg.obj
-input=DefaultBuild\Transformer_stub.obj
-input=DefaultBuild\app1.obj
-input=DefaultBuild\app2.obj
-input=DefaultBuild\app3.obj
-input=DefaultBuild\app4.obj
-input=DefaultBuild\hook.obj
-input=DefaultBuild\main.obj
-input=DefaultBuild\main_pe2.obj
-input=DefaultBuild\ringbuffer.obj
-input=DefaultBuild\Rte_Client_Response_Runnable_1.obj
-input=DefaultBuild\Rte_Client_Response_Runnable_2.obj
-input=DefaultBuild\Rte_Client_Response_Runnable_3.obj
-input=DefaultBuild\Rte_Cs_Data_Management.obj
-debug
-nocompress
-NOOPtimize
-output=DefaultBuild\MilkshopAUTOSAR.abs
-library=v850e3v5\rhf8n.lib
-library=v850e3v5\libmalloc.lib
-list=DefaultBuild\MilkshopAUTOSAR.map
-start=RESET_PE1,EIINTTBL_PE1,SYSTEMCALLTBL/0,.text,IOC_RESERVED_SEC.text,USER_SHARED_SEC.text,LOCAL_RAM_PE1.text,LOCAL_RAM_PE2.text,SELF_AREA.text,GLOBAL_RAM_A.text,RETENTION_RAM.text,OSAPP_A01_SEC.text,ISR_I001_SEC.text,ISR_I002_SEC.text,ISR_I003_SEC.text,ISR_I004_SEC.text,TASK_T001_SEC.text,TASK_T002_SEC.text,TASK_T003_SEC.text,OSAPP_A02_SEC.text,ISR_I101_SEC.text,ISR_I102_SEC.text,ISR_I103_SEC.text,ISR_I104_SEC.text,TASK_T101_SEC.text,TASK_T102_SEC.text,TASK_T103_SEC.text,OSAPP_A03_SEC.text,ISR_I005_SEC.text,ISR_I006_SEC.text,TASK_T004_SEC.text,TASK_T005_SEC.text,TASK_T006_SEC.text,OSAPP_A04_SEC.text,ISR_I105_SEC.text,ISR_I106_SEC.text,TASK_T104_SEC.text,TASK_T105_SEC.text,TASK_T106_SEC.text,GLOBAL_RAM_B.text/00008000,RESET_PE2,EIINTTBL_PE2,.const,IOC_RESERVED_SEC.const,USER_SHARED_SEC.const,LOCAL_RAM_PE1.const,LOCAL_RAM_PE2.const,SELF_AREA.const,OSAPP_A01_SEC.const,ISR_I001_SEC.const,ISR_I002_SEC.const,ISR_I003_SEC.const,ISR_I004_SEC.const,TASK_T001_SEC.const,TASK_T002_SEC.const,TASK_T003_SEC.const,OSAPP_A02_SEC.const,ISR_I101_SEC.const,ISR_I102_SEC.const,ISR_I103_SEC.const,ISR_I104_SEC.const,TASK_T101_SEC.const,TASK_T102_SEC.const,TASK_T103_SEC.const,OSAPP_A03_SEC.const,ISR_I005_SEC.const,ISR_I006_SEC.const,TASK_T004_SEC.const,TASK_T005_SEC.const,TASK_T006_SEC.const,OSAPP_A04_SEC.const,ISR_I105_SEC.const,ISR_I106_SEC.const,TASK_T104_SEC.const,TASK_T105_SEC.const,TASK_T106_SEC.const,TASK_SysTask_core0.const,TASK_SysTask_core1.const,GLOBAL_RAM_A.const,RETENTION_RAM.const,GLOBAL_RAM_B.const,.data,IOC_RESERVED_SEC.data,USER_SHARED_SEC.data,LOCAL_RAM_PE1.data,LOCAL_RAM_PE2.data,SELF_AREA.data,OSAPP_A01_SEC.data,ISR_I001_SEC.data,ISR_I002_SEC.data,ISR_I003_SEC.data,ISR_I004_SEC.data,TASK_T001_SEC.data,TASK_T002_SEC.data,TASK_T003_SEC.data,OSAPP_A02_SEC.data,ISR_I101_SEC.data,ISR_I102_SEC.data,ISR_I103_SEC.data,ISR_I104_SEC.data,TASK_T101_SEC.data,TASK_T102_SEC.data,TASK_T103_SEC.data,OSAPP_A03_SEC.data,ISR_I005_SEC.data,ISR_I006_SEC.data,TASK_T004_SEC.data,TASK_T005_SEC.data,TASK_T006_SEC.data,OSAPP_A04_SEC.data,ISR_I105_SEC.data,ISR_I106_SEC.data,TASK_T104_SEC.data,TASK_T105_SEC.data,TASK_T106_SEC.data,TASK_SysTask_core0.data,TASK_SysTask_core1.data,GLOBAL_RAM_A.data,RETENTION_RAM.data,GLOBAL_RAM_B.data/00800000,LOCAL_RAM_PE2.bss,LOCAL_RAM_PE2.data.R,OSAPP_A02_SEC.bss,OSAPP_A02_SEC.data.R,ISR_I101_SEC.bss,ISR_I101_SEC.data.R,ISR_I102_SEC.bss,ISR_I102_SEC.data.R,ISR_I103_SEC.bss,ISR_I103_SEC.data.R,ISR_I104_SEC.bss,ISR_I104_SEC.data.R,TASK_T101_SEC.bss,TASK_T101_SEC.data.R,TASK_T102_SEC.bss,TASK_T102_SEC.data.R,TASK_T103_SEC.bss,TASK_T103_SEC.data.R,OSAPP_A04_SEC.bss,OSAPP_A04_SEC.data.R,ISR_I105_SEC.bss,ISR_I105_SEC.data.R,ISR_I106_SEC.bss,ISR_I106_SEC.data.R,TASK_T104_SEC.bss,TASK_T104_SEC.data.R,TASK_T105_SEC.bss,TASK_T105_SEC.data.R,TASK_T106_SEC.bss,TASK_T106_SEC.data.R,TASK_SysTask_core1.bss,TASK_SysTask_core1.data.R,ALL_TASK_ISR_STACK_PE2.bss,system_pe2_stack.bss/FE9E0000,LOCAL_RAM_PE1.bss,LOCAL_RAM_PE1.data.R,OSAPP_A01_SEC.bss,OSAPP_A01_SEC.data.R,ISR_I001_SEC.bss,ISR_I001_SEC.data.R,ISR_I002_SEC.bss,ISR_I002_SEC.data.R,ISR_I003_SEC.bss,ISR_I003_SEC.data.R,ISR_I004_SEC.bss,ISR_I004_SEC.data.R,TASK_T001_SEC.bss,TASK_T001_SEC.data.R,TASK_T002_SEC.bss,TASK_T002_SEC.data.R,TASK_T003_SEC.bss,TASK_T003_SEC.data.R,OSAPP_A03_SEC.bss,OSAPP_A03_SEC.data.R,ISR_I005_SEC.bss,ISR_I005_SEC.data.R,ISR_I006_SEC.bss,ISR_I006_SEC.data.R,TASK_T004_SEC.bss,TASK_T004_SEC.data.R,TASK_T005_SEC.bss,TASK_T005_SEC.data.R,TASK_T006_SEC.bss,TASK_T006_SEC.data.R,TASK_SysTask_core0.bss,TASK_SysTask_core0.data.R,ALL_TASK_ISR_STACK_PE1.bss,system_pe1_stack.bss/FEBC0000,SELF_AREA.bss,SELF_AREA.data.R/FEDFE000,IOC_RESERVED_SEC.bss,IOC_RESERVED_SEC.data.R,GLOBAL_RAM_A.bss,GLOBAL_RAM_A.data.R/FEEF8000,.bss,.data.R,RETENTION_RAM.bss,RETENTION_RAM.data.R/FEF01000,USER_SHARED_SEC.bss,USER_SHARED_SEC.data.R,GLOBAL_RAM_B.bss,GLOBAL_RAM_B.data.R/FEFF8000
-rom=.data=.data.R,IOC_RESERVED_SEC.data=IOC_RESERVED_SEC.data.R,USER_SHARED_SEC.data=USER_SHARED_SEC.data.R,LOCAL_RAM_PE2.data=LOCAL_RAM_PE2.data.R,LOCAL_RAM_PE1.data=LOCAL_RAM_PE1.data.R,SELF_AREA.data=SELF_AREA.data.R,GLOBAL_RAM_A.data=GLOBAL_RAM_A.data.R,RETENTION_RAM.data=RETENTION_RAM.data.R,GLOBAL_RAM_B.data=GLOBAL_RAM_B.data.R,OSAPP_A01_SEC.data=OSAPP_A01_SEC.data.R,ISR_I001_SEC.data=ISR_I001_SEC.data.R,ISR_I002_SEC.data=ISR_I002_SEC.data.R,ISR_I003_SEC.data=ISR_I003_SEC.data.R,ISR_I004_SEC.data=ISR_I004_SEC.data.R,TASK_T001_SEC.data=TASK_T001_SEC.data.R,TASK_T002_SEC.data=TASK_T002_SEC.data.R,TASK_T003_SEC.data=TASK_T003_SEC.data.R,OSAPP_A02_SEC.data=OSAPP_A02_SEC.data.R,ISR_I101_SEC.data=ISR_I101_SEC.data.R,ISR_I102_SEC.data=ISR_I102_SEC.data.R,ISR_I103_SEC.data=ISR_I103_SEC.data.R,ISR_I104_SEC.data=ISR_I104_SEC.data.R,TASK_T101_SEC.data=TASK_T101_SEC.data.R,TASK_T102_SEC.data=TASK_T102_SEC.data.R,TASK_T103_SEC.data=TASK_T103_SEC.data.R,OSAPP_A03_SEC.data=OSAPP_A03_SEC.data.R,ISR_I005_SEC.data=ISR_I005_SEC.data.R,ISR_I006_SEC.data=ISR_I006_SEC.data.R,TASK_T004_SEC.data=TASK_T004_SEC.data.R,TASK_T005_SEC.data=TASK_T005_SEC.data.R,TASK_T006_SEC.data=TASK_T006_SEC.data.R,OSAPP_A04_SEC.data=OSAPP_A04_SEC.data.R,ISR_I105_SEC.data=ISR_I105_SEC.data.R,ISR_I106_SEC.data=ISR_I106_SEC.data.R,TASK_T104_SEC.data=TASK_T104_SEC.data.R,TASK_T105_SEC.data=TASK_T105_SEC.data.R,TASK_T106_SEC.data=TASK_T106_SEC.data.R,TASK_SysTask_core0.data=TASK_SysTask_core0.data.R,TASK_SysTask_core1.data=TASK_SysTask_core1.data.R
-memory=high
-nologo
-end

*** Error information ***

W0561120:Section address is not assigned to "TASK_SysTask_core0.text"
W0561120:Section address is not assigned to "TASK_SysTask_core1.text"

*** Mapping List ***

SECTION                            START      END         SIZE   ALIGN
RESET_PE1
                                  00000000  000001f7       1f8   200
EIINTTBL_PE1
                                  00000200  0000077b       57c   200
SYSTEMCALLTBL
                                  00000800  00000863        64   200
.text
                                  00008000  0002562f     1d630   2
IOC_RESERVED_SEC.text
                                  00025630  00025631         2   2
USER_SHARED_SEC.text
                                  00025632  000262b3       c82   2
LOCAL_RAM_PE1.text
                                  000262b4  000262b5         2   2
LOCAL_RAM_PE2.text
                                  000262b6  000262b7         2   2
SELF_AREA.text
                                  000262b8  000262b9         2   2
GLOBAL_RAM_A.text
                                  000262ba  000262bb         2   2
RETENTION_RAM.text
                                  000262bc  000262bd         2   2
OSAPP_A01_SEC.text
                                  000262be  00026493       1d6   2
ISR_I001_SEC.text
                                  00026494  000264a7        14   2
ISR_I002_SEC.text
                                  000264a8  000264bb        14   2
ISR_I003_SEC.text
                                  000264bc  000264cf        14   2
ISR_I004_SEC.text
                                  000264d0  000264e3        14   2
TASK_T001_SEC.text
                                  000264e4  00026c57       774   2
TASK_T002_SEC.text
                                  00026c58  000273db       784   2
TASK_T003_SEC.text
                                  000273dc  00027403        28   2
OSAPP_A02_SEC.text
                                  00027404  0002759f       19c   2
ISR_I101_SEC.text
                                  000275a0  000275b3        14   2
ISR_I102_SEC.text
                                  000275b4  000275c7        14   2
ISR_I103_SEC.text
                                  000275c8  000275db        14   2
ISR_I104_SEC.text
                                  000275dc  000275ef        14   2
TASK_T101_SEC.text
                                  000275f0  00027d73       784   2
TASK_T102_SEC.text
                                  00027d74  00027d77         4   2
TASK_T103_SEC.text
                                  00027d78  00027d7b         4   2
OSAPP_A03_SEC.text
                                  00027d7c  00027eed       172   2
ISR_I005_SEC.text
                                  00027eee  00027f01        14   2
ISR_I006_SEC.text
                                  00027f02  00027f15        14   2
TASK_T004_SEC.text
                                  00027f16  00027f39        24   2
TASK_T005_SEC.text
                                  00027f3a  00027f51        18   2
TASK_T006_SEC.text
                                  00027f52  00027f69        18   2
OSAPP_A04_SEC.text
                                  00027f6a  000280c7       15e   2
ISR_I105_SEC.text
                                  000280c8  000280db        14   2
ISR_I106_SEC.text
                                  000280dc  000280ef        14   2
TASK_T104_SEC.text
                                  000280f0  000280fd         e   2
TASK_T105_SEC.text
                                  000280fe  0002810b         e   2
TASK_T106_SEC.text
                                  0002810c  00028119         e   2
GLOBAL_RAM_B.text
                                  0002811a  0002811b         2   2
RESET_PE2
                                  00800000  008001f7       1f8   200
EIINTTBL_PE2
                                  00800200  008009ff       800   200
.const
                                  00800a00  00801d69      136a   4
IOC_RESERVED_SEC.const
                                  00801d6c  00801d6f         4   4
USER_SHARED_SEC.const
                                  00801d70  00801d73         4   4
LOCAL_RAM_PE1.const
                                  00801d74  00801d77         4   4
LOCAL_RAM_PE2.const
                                  00801d78  00801d7b         4   4
SELF_AREA.const
                                  00801d7c  00801d7f         4   4
OSAPP_A01_SEC.const
                                  00801d80  00801fb2       233   4
ISR_I001_SEC.const
                                  00801fb4  00801fcf        1c   4
ISR_I002_SEC.const
                                  00801fd0  00801feb        1c   4
ISR_I003_SEC.const
                                  00801fec  00802007        1c   4
ISR_I004_SEC.const
                                  00802008  00802023        1c   4
TASK_T001_SEC.const
                                  00802024  00802061        3e   4
TASK_T002_SEC.const
                                  00802064  00802088        25   4
TASK_T003_SEC.const
                                  0080208c  0080208f         4   4
OSAPP_A02_SEC.const
                                  00802090  0080229e       20f   4
ISR_I101_SEC.const
                                  008022a0  008022ba        1b   4
ISR_I102_SEC.const
                                  008022bc  008022d6        1b   4
ISR_I103_SEC.const
                                  008022d8  008022f2        1b   4
ISR_I104_SEC.const
                                  008022f4  0080230e        1b   4
TASK_T101_SEC.const
                                  00802310  00802334        25   4
TASK_T102_SEC.const
                                  00802338  0080233b         4   4
TASK_T103_SEC.const
                                  0080233c  0080233f         4   4
OSAPP_A03_SEC.const
                                  00802340  00802546       207   4
ISR_I005_SEC.const
                                  00802548  00802563        1c   4
ISR_I006_SEC.const
                                  00802564  0080257f        1c   4
TASK_T004_SEC.const
                                  00802580  0080258f        10   4
TASK_T005_SEC.const
                                  00802590  0080259f        10   4
TASK_T006_SEC.const
                                  008025a0  008025af        10   4
OSAPP_A04_SEC.const
                                  008025b0  00802794       1e5   4
ISR_I105_SEC.const
                                  00802798  008027b2        1b   4
ISR_I106_SEC.const
                                  008027b4  008027ce        1b   4
TASK_T104_SEC.const
                                  008027d0  008027d3         4   4
TASK_T105_SEC.const
                                  008027d4  008027d7         4   4
TASK_T106_SEC.const
                                  008027d8  008027db         4   4
TASK_SysTask_core0.const
                                  008027dc  008027df         4   4
TASK_SysTask_core1.const
                                  008027e0  008027e3         4   4
GLOBAL_RAM_A.const
                                  008027e4  008027e7         4   4
RETENTION_RAM.const
                                  008027e8  008027eb         4   4
GLOBAL_RAM_B.const
                                  008027ec  008027ef         4   4
.data
                                  008027f0  0080451b      1d2c   4
IOC_RESERVED_SEC.data
                                  0080451c  0080451f         4   4
USER_SHARED_SEC.data
                                  00804520  00804529         a   4
LOCAL_RAM_PE1.data
                                  0080452c  00804531         6   4
LOCAL_RAM_PE2.data
                                  00804534  00804537         4   4
SELF_AREA.data
                                  00804538  0080453b         4   4
OSAPP_A01_SEC.data
                                  0080453c  00804545         a   4
ISR_I001_SEC.data
                                  00804548  0080454b         4   4
ISR_I002_SEC.data
                                  0080454c  00804553         8   4
ISR_I003_SEC.data
                                  00804554  00804557         4   4
ISR_I004_SEC.data
                                  00804558  0080455b         4   4
TASK_T001_SEC.data
                                  0080455c  00804563         8   4
TASK_T002_SEC.data
                                  00804564  0080456b         8   4
TASK_T003_SEC.data
                                  0080456c  0080456f         4   4
OSAPP_A02_SEC.data
                                  00804570  00804577         8   4
ISR_I101_SEC.data
                                  00804578  0080457b         4   4
ISR_I102_SEC.data
                                  0080457c  0080457f         4   4
ISR_I103_SEC.data
                                  00804580  00804583         4   4
ISR_I104_SEC.data
                                  00804584  00804587         4   4
TASK_T101_SEC.data
                                  00804588  0080458b         4   4
TASK_T102_SEC.data
                                  0080458c  0080458f         4   4
TASK_T103_SEC.data
                                  00804590  00804593         4   4
OSAPP_A03_SEC.data
                                  00804594  0080459f         c   4
ISR_I005_SEC.data
                                  008045a0  008045a3         4   4
ISR_I006_SEC.data
                                  008045a4  008045a7         4   4
TASK_T004_SEC.data
                                  008045a8  008045ab         4   4
TASK_T005_SEC.data
                                  008045ac  008045af         4   4
TASK_T006_SEC.data
                                  008045b0  008045b3         4   4
OSAPP_A04_SEC.data
                                  008045b4  008045bb         8   4
ISR_I105_SEC.data
                                  008045bc  008045bf         4   4
ISR_I106_SEC.data
                                  008045c0  008045c3         4   4
TASK_T104_SEC.data
                                  008045c4  008045c7         4   4
TASK_T105_SEC.data
                                  008045c8  008045cb         4   4
TASK_T106_SEC.data
                                  008045cc  008045cf         4   4
TASK_SysTask_core0.data
                                  008045d0  008045d3         4   4
TASK_SysTask_core1.data
                                  008045d4  008045d7         4   4
GLOBAL_RAM_A.data
                                  008045d8  008045db         4   4
RETENTION_RAM.data
                                  008045dc  008045df         4   4
GLOBAL_RAM_B.data
                                  008045e0  008045e3         4   4
LOCAL_RAM_PE2.bss
                                  fe9e0000  fe9e0003         4   4
LOCAL_RAM_PE2.data.R
                                  fe9e0004  fe9e0007         4   4
OSAPP_A02_SEC.bss
                                  fe9e0008  fe9e000b         4   4
OSAPP_A02_SEC.data.R
                                  fe9e000c  fe9e0013         8   4
ISR_I101_SEC.bss
                                  fe9e0014  fe9e0017         4   4
ISR_I101_SEC.data.R
                                  fe9e0018  fe9e001b         4   4
ISR_I102_SEC.bss
                                  fe9e001c  fe9e001f         4   4
ISR_I102_SEC.data.R
                                  fe9e0020  fe9e0023         4   4
ISR_I103_SEC.bss
                                  fe9e0024  fe9e0027         4   4
ISR_I103_SEC.data.R
                                  fe9e0028  fe9e002b         4   4
ISR_I104_SEC.bss
                                  fe9e002c  fe9e002f         4   4
ISR_I104_SEC.data.R
                                  fe9e0030  fe9e0033         4   4
TASK_T101_SEC.bss
                                  fe9e0034  fe9e0037         4   4
TASK_T101_SEC.data.R
                                  fe9e0038  fe9e003b         4   4
TASK_T102_SEC.bss
                                  fe9e003c  fe9e003f         4   4
TASK_T102_SEC.data.R
                                  fe9e0040  fe9e0043         4   4
TASK_T103_SEC.bss
                                  fe9e0044  fe9e0047         4   4
TASK_T103_SEC.data.R
                                  fe9e0048  fe9e004b         4   4
OSAPP_A04_SEC.bss
                                  fe9e004c  fe9e004f         4   4
OSAPP_A04_SEC.data.R
                                  fe9e0050  fe9e0057         8   4
ISR_I105_SEC.bss
                                  fe9e0058  fe9e005b         4   4
ISR_I105_SEC.data.R
                                  fe9e005c  fe9e005f         4   4
ISR_I106_SEC.bss
                                  fe9e0060  fe9e0063         4   4
ISR_I106_SEC.data.R
                                  fe9e0064  fe9e0067         4   4
TASK_T104_SEC.bss
                                  fe9e0068  fe9e006b         4   4
TASK_T104_SEC.data.R
                                  fe9e006c  fe9e006f         4   4
TASK_T105_SEC.bss
                                  fe9e0070  fe9e0073         4   4
TASK_T105_SEC.data.R
                                  fe9e0074  fe9e0077         4   4
TASK_T106_SEC.bss
                                  fe9e0078  fe9e007b         4   4
TASK_T106_SEC.data.R
                                  fe9e007c  fe9e007f         4   4
TASK_SysTask_core1.bss
                                  fe9e0080  fe9e0093        14   4
TASK_SysTask_core1.data.R
                                  fe9e0094  fe9e0097         4   4
ALL_TASK_ISR_STACK_PE2.bss
                                  fe9e0098  fe9e1897      1800   4
system_pe2_stack.bss
                                  fe9e1898  fe9e1c97       400   4
LOCAL_RAM_PE1.bss
                                  febc0000  febc0003         4   4
LOCAL_RAM_PE1.data.R
                                  febc0004  febc0009         6   4
OSAPP_A01_SEC.bss
                                  febc000c  febc000f         4   4
OSAPP_A01_SEC.data.R
                                  febc0010  febc0019         a   4
ISR_I001_SEC.bss
                                  febc001c  febc001f         4   4
ISR_I001_SEC.data.R
                                  febc0020  febc0023         4   4
ISR_I002_SEC.bss
                                  febc0024  febc0027         4   4
ISR_I002_SEC.data.R
                                  febc0028  febc002f         8   4
ISR_I003_SEC.bss
                                  febc0030  febc0033         4   4
ISR_I003_SEC.data.R
                                  febc0034  febc0037         4   4
ISR_I004_SEC.bss
                                  febc0038  febc003b         4   4
ISR_I004_SEC.data.R
                                  febc003c  febc003f         4   4
TASK_T001_SEC.bss
                                  febc0040  febc0043         4   4
TASK_T001_SEC.data.R
                                  febc0044  febc004b         8   4
TASK_T002_SEC.bss
                                  febc004c  febc004f         4   4
TASK_T002_SEC.data.R
                                  febc0050  febc0057         8   4
TASK_T003_SEC.bss
                                  febc0058  febc005b         4   4
TASK_T003_SEC.data.R
                                  febc005c  febc005f         4   4
OSAPP_A03_SEC.bss
                                  febc0060  febc0063         4   4
OSAPP_A03_SEC.data.R
                                  febc0064  febc006f         c   4
ISR_I005_SEC.bss
                                  febc0070  febc0073         4   4
ISR_I005_SEC.data.R
                                  febc0074  febc0077         4   4
ISR_I006_SEC.bss
                                  febc0078  febc007b         4   4
ISR_I006_SEC.data.R
                                  febc007c  febc007f         4   4
TASK_T004_SEC.bss
                                  febc0080  febc0083         4   4
TASK_T004_SEC.data.R
                                  febc0084  febc0087         4   4
TASK_T005_SEC.bss
                                  febc0088  febc008b         4   4
TASK_T005_SEC.data.R
                                  febc008c  febc008f         4   4
TASK_T006_SEC.bss
                                  febc0090  febc0093         4   4
TASK_T006_SEC.data.R
                                  febc0094  febc0097         4   4
TASK_SysTask_core0.bss
                                  febc0098  febc00ab        14   4
TASK_SysTask_core0.data.R
                                  febc00ac  febc00af         4   4
ALL_TASK_ISR_STACK_PE1.bss
                                  febc00b0  febc18af      1800   4
system_pe1_stack.bss
                                  febc18b0  febc1caf       400   4
SELF_AREA.bss
                                  fedfe000  fedfe053        54   4
SELF_AREA.data.R
                                  fedfe054  fedfe057         4   4
IOC_RESERVED_SEC.bss
                                  feef8000  feef8003         4   4
IOC_RESERVED_SEC.data.R
                                  feef8004  feef8007         4   4
GLOBAL_RAM_A.bss
                                  feef8008  feef802b        24   4
GLOBAL_RAM_A.data.R
                                  feef802c  feef802f         4   4
.bss
                                  fef01000  fef02d55      1d56   4
.data.R
                                  fef02d58  fef04a83      1d2c   4
RETENTION_RAM.bss
                                  fef04a84  fef04a87         4   4
RETENTION_RAM.data.R
                                  fef04a88  fef04a8b         4   4
USER_SHARED_SEC.bss
                                  feff8000  feff8043        44   4
USER_SHARED_SEC.data.R
                                  feff8044  feff804d         a   4
GLOBAL_RAM_B.bss
                                  feff8050  feff8053         4   4
GLOBAL_RAM_B.data.R
                                  feff8054  feff8057         4   4
TASK_SysTask_core0.text
                                  feff8058  feff8059         2   2
TASK_SysTask_core1.text
                                  feff805a  feff805b         2   2
