Renesas Optimizing Linker (W3.05.00 )             08-Apr-2024 04:10:53

*** Options ***

-subcommand=DefaultBuild\MilkshopAUTOSAR.clnk
-input=DefaultBuild\alarm.obj
-input=DefaultBuild\event.obj
-input=DefaultBuild\isr2.obj
-input=DefaultBuild\resource.obj
-input=DefaultBuild\scheduler.obj
-input=DefaultBuild\system.obj
-input=DefaultBuild\task.obj
-input=DefaultBuild\alarm_Cfg.obj
-input=DefaultBuild\event_Cfg.obj
-input=DefaultBuild\isr_Cfg.obj
-input=DefaultBuild\resource_Cfg.obj
-input=DefaultBuild\task_Cfg.obj
-input=DefaultBuild\board.obj
-input=DefaultBuild\boot.obj
-input=DefaultBuild\context.obj
-input=DefaultBuild\cstart1.obj
-input=DefaultBuild\cstart2.obj
-input=DefaultBuild\GPIO.obj
-input=DefaultBuild\ISRInit.obj
-input=DefaultBuild\timer.obj
-input=DefaultBuild\r_clkc.obj
-input=DefaultBuild\r_intc.obj
-input=DefaultBuild\r_port.obj
-input=DefaultBuild\r_rlin.obj
-input=DefaultBuild\r_uart.obj
-input=DefaultBuild\r_lin.obj
-input=DefaultBuild\application_Cfg.obj
-input=DefaultBuild\memprot_Cfg.obj
-input=DefaultBuild\os_Cfg.obj
-input=DefaultBuild\spinlock_Cfg.obj
-input=DefaultBuild\timingprot_Cfg.obj
-input=DefaultBuild\application.obj
-input=DefaultBuild\spinlock.obj
-input=DefaultBuild\timingprot.obj
-input=DefaultBuild\boot2.obj
-input=DefaultBuild\core.obj
-input=DefaultBuild\lock.obj
-input=DefaultBuild\memprot.obj
-input=DefaultBuild\systemcall.obj
-input=DefaultBuild\counter_Cfg.obj
-input=DefaultBuild\counter.obj
-input=DefaultBuild\ScheduleTable.obj
-input=DefaultBuild\scheduleTable_Cfg.obj
-input=DefaultBuild\string_format_test.obj
-input=DefaultBuild\softwaretimer_Cfg.obj
-input=DefaultBuild\softwaretimer.obj
-input=DefaultBuild\trustedfunc_Cfg.obj
-input=DefaultBuild\peripheral.obj
-input=DefaultBuild\Ioc.obj
-input=DefaultBuild\Rte_Client_Runnable_1.obj
-input=DefaultBuild\Rte_Server_Runnable_1.obj
-input=DefaultBuild\Rte_Client_Runnable_2.obj
-input=DefaultBuild\Rte_Client_Runnable_3.obj
-input=DefaultBuild\Rte_Server_Runnable_3.obj
-input=DefaultBuild\Rte_Server_Runnable_2.obj
-input=DefaultBuild\Rte.obj
-input=DefaultBuild\rte_event_cfg.obj
-input=DefaultBuild\Transformer_stub.obj
-input=DefaultBuild\app1.obj
-input=DefaultBuild\app2.obj
-input=DefaultBuild\app3.obj
-input=DefaultBuild\app4.obj
-input=DefaultBuild\hook.obj
-input=DefaultBuild\main.obj
-input=DefaultBuild\main_pe2.obj
-input=DefaultBuild\ringbuffer.obj
-input=DefaultBuild\Rte_Client_Response_Runnable_1.obj
-input=DefaultBuild\Rte_Client_Response_Runnable_2.obj
-input=DefaultBuild\Rte_Client_Response_Runnable_3.obj
-input=DefaultBuild\Rte_Cs_Data_Management.obj
-debug
-nocompress
-NOOPtimize
-output=DefaultBuild\MilkshopAUTOSAR.abs
-library=v850e3v5\rhf8n.lib
-library=v850e3v5\libmalloc.lib
-list=DefaultBuild\MilkshopAUTOSAR.map
-start=RESET_PE1,EIINTTBL_PE1,SYSTEMCALLTBL/0,.text,IOC_RESERVED_SEC.text,USER_SHARED_SEC.text,LOCAL_RAM_PE1.text,LOCAL_RAM_PE2.text,SELF_AREA.text,GLOBAL_RAM_A.text,RETENTION_RAM.text,OSAPP_A01_SEC.text,ISR_I001_SEC.text,ISR_I002_SEC.text,ISR_I003_SEC.text,ISR_I004_SEC.text,TASK_T001_SEC.text,TASK_T002_SEC.text,TASK_T003_SEC.text,OSAPP_A02_SEC.text,ISR_I101_SEC.text,ISR_I102_SEC.text,ISR_I103_SEC.text,ISR_I104_SEC.text,TASK_T101_SEC.text,TASK_T102_SEC.text,TASK_T103_SEC.text,OSAPP_A03_SEC.text,ISR_I005_SEC.text,ISR_I006_SEC.text,TASK_T004_SEC.text,TASK_T005_SEC.text,TASK_T006_SEC.text,OSAPP_A04_SEC.text,ISR_I105_SEC.text,ISR_I106_SEC.text,TASK_T104_SEC.text,TASK_T105_SEC.text,TASK_T106_SEC.text,GLOBAL_RAM_B.text/00008000,RESET_PE2,EIINTTBL_PE2,.const,IOC_RESERVED_SEC.const,USER_SHARED_SEC.const,LOCAL_RAM_PE1.const,LOCAL_RAM_PE2.const,SELF_AREA.const,OSAPP_A01_SEC.const,ISR_I001_SEC.const,ISR_I002_SEC.const,ISR_I003_SEC.const,ISR_I004_SEC.const,TASK_T001_SEC.const,TASK_T002_SEC.const,TASK_T003_SEC.const,OSAPP_A02_SEC.const,ISR_I101_SEC.const,ISR_I102_SEC.const,ISR_I103_SEC.const,ISR_I104_SEC.const,TASK_T101_SEC.const,TASK_T102_SEC.const,TASK_T103_SEC.const,OSAPP_A03_SEC.const,ISR_I005_SEC.const,ISR_I006_SEC.const,TASK_T004_SEC.const,TASK_T005_SEC.const,TASK_T006_SEC.const,OSAPP_A04_SEC.const,ISR_I105_SEC.const,ISR_I106_SEC.const,TASK_T104_SEC.const,TASK_T105_SEC.const,TASK_T106_SEC.const,TASK_SysTask_core0.const,TASK_SysTask_core1.const,GLOBAL_RAM_A.const,RETENTION_RAM.const,GLOBAL_RAM_B.const,.data,IOC_RESERVED_SEC.data,USER_SHARED_SEC.data,LOCAL_RAM_PE1.data,LOCAL_RAM_PE2.data,SELF_AREA.data,OSAPP_A01_SEC.data,ISR_I001_SEC.data,ISR_I002_SEC.data,ISR_I003_SEC.data,ISR_I004_SEC.data,TASK_T001_SEC.data,TASK_T002_SEC.data,TASK_T003_SEC.data,OSAPP_A02_SEC.data,ISR_I101_SEC.data,ISR_I102_SEC.data,ISR_I103_SEC.data,ISR_I104_SEC.data,TASK_T101_SEC.data,TASK_T102_SEC.data,TASK_T103_SEC.data,OSAPP_A03_SEC.data,ISR_I005_SEC.data,ISR_I006_SEC.data,TASK_T004_SEC.data,TASK_T005_SEC.data,TASK_T006_SEC.data,OSAPP_A04_SEC.data,ISR_I105_SEC.data,ISR_I106_SEC.data,TASK_T104_SEC.data,TASK_T105_SEC.data,TASK_T106_SEC.data,TASK_SysTask_core0.data,TASK_SysTask_core1.data,GLOBAL_RAM_A.data,RETENTION_RAM.data,GLOBAL_RAM_B.data/00800000,LOCAL_RAM_PE2.bss,LOCAL_RAM_PE2.data.R,OSAPP_A02_SEC.bss,OSAPP_A02_SEC.data.R,ISR_I101_SEC.bss,ISR_I101_SEC.data.R,ISR_I102_SEC.bss,ISR_I102_SEC.data.R,ISR_I103_SEC.bss,ISR_I103_SEC.data.R,ISR_I104_SEC.bss,ISR_I104_SEC.data.R,TASK_T101_SEC.bss,TASK_T101_SEC.data.R,TASK_T102_SEC.bss,TASK_T102_SEC.data.R,TASK_T103_SEC.bss,TASK_T103_SEC.data.R,OSAPP_A04_SEC.bss,OSAPP_A04_SEC.data.R,ISR_I105_SEC.bss,ISR_I105_SEC.data.R,ISR_I106_SEC.bss,ISR_I106_SEC.data.R,TASK_T104_SEC.bss,TASK_T104_SEC.data.R,TASK_T105_SEC.bss,TASK_T105_SEC.data.R,TASK_T106_SEC.bss,TASK_T106_SEC.data.R,TASK_SysTask_core1.bss,TASK_SysTask_core1.data.R,ALL_TASK_ISR_STACK_PE2.bss,system_pe2_stack.bss/FE9E0000,LOCAL_RAM_PE1.bss,LOCAL_RAM_PE1.data.R,OSAPP_A01_SEC.bss,OSAPP_A01_SEC.data.R,ISR_I001_SEC.bss,ISR_I001_SEC.data.R,ISR_I002_SEC.bss,ISR_I002_SEC.data.R,ISR_I003_SEC.bss,ISR_I003_SEC.data.R,ISR_I004_SEC.bss,ISR_I004_SEC.data.R,TASK_T001_SEC.bss,TASK_T001_SEC.data.R,TASK_T002_SEC.bss,TASK_T002_SEC.data.R,TASK_T003_SEC.bss,TASK_T003_SEC.data.R,OSAPP_A03_SEC.bss,OSAPP_A03_SEC.data.R,ISR_I005_SEC.bss,ISR_I005_SEC.data.R,ISR_I006_SEC.bss,ISR_I006_SEC.data.R,TASK_T004_SEC.bss,TASK_T004_SEC.data.R,TASK_T005_SEC.bss,TASK_T005_SEC.data.R,TASK_T006_SEC.bss,TASK_T006_SEC.data.R,TASK_SysTask_core0.bss,TASK_SysTask_core0.data.R,ALL_TASK_ISR_STACK_PE1.bss,system_pe1_stack.bss/FEBC0000,SELF_AREA.bss,SELF_AREA.data.R/FEDFE000,IOC_RESERVED_SEC.bss,IOC_RESERVED_SEC.data.R,GLOBAL_RAM_A.bss,GLOBAL_RAM_A.data.R/FEEF8000,.bss,.data.R,RETENTION_RAM.bss,RETENTION_RAM.data.R/FEF01000,USER_SHARED_SEC.bss,USER_SHARED_SEC.data.R,GLOBAL_RAM_B.bss,GLOBAL_RAM_B.data.R/FEFF8000
-rom=.data=.data.R,IOC_RESERVED_SEC.data=IOC_RESERVED_SEC.data.R,USER_SHARED_SEC.data=USER_SHARED_SEC.data.R,LOCAL_RAM_PE2.data=LOCAL_RAM_PE2.data.R,LOCAL_RAM_PE1.data=LOCAL_RAM_PE1.data.R,SELF_AREA.data=SELF_AREA.data.R,GLOBAL_RAM_A.data=GLOBAL_RAM_A.data.R,RETENTION_RAM.data=RETENTION_RAM.data.R,GLOBAL_RAM_B.data=GLOBAL_RAM_B.data.R,OSAPP_A01_SEC.data=OSAPP_A01_SEC.data.R,ISR_I001_SEC.data=ISR_I001_SEC.data.R,ISR_I002_SEC.data=ISR_I002_SEC.data.R,ISR_I003_SEC.data=ISR_I003_SEC.data.R,ISR_I004_SEC.data=ISR_I004_SEC.data.R,TASK_T001_SEC.data=TASK_T001_SEC.data.R,TASK_T002_SEC.data=TASK_T002_SEC.data.R,TASK_T003_SEC.data=TASK_T003_SEC.data.R,OSAPP_A02_SEC.data=OSAPP_A02_SEC.data.R,ISR_I101_SEC.data=ISR_I101_SEC.data.R,ISR_I102_SEC.data=ISR_I102_SEC.data.R,ISR_I103_SEC.data=ISR_I103_SEC.data.R,ISR_I104_SEC.data=ISR_I104_SEC.data.R,TASK_T101_SEC.data=TASK_T101_SEC.data.R,TASK_T102_SEC.data=TASK_T102_SEC.data.R,TASK_T103_SEC.data=TASK_T103_SEC.data.R,OSAPP_A03_SEC.data=OSAPP_A03_SEC.data.R,ISR_I005_SEC.data=ISR_I005_SEC.data.R,ISR_I006_SEC.data=ISR_I006_SEC.data.R,TASK_T004_SEC.data=TASK_T004_SEC.data.R,TASK_T005_SEC.data=TASK_T005_SEC.data.R,TASK_T006_SEC.data=TASK_T006_SEC.data.R,OSAPP_A04_SEC.data=OSAPP_A04_SEC.data.R,ISR_I105_SEC.data=ISR_I105_SEC.data.R,ISR_I106_SEC.data=ISR_I106_SEC.data.R,TASK_T104_SEC.data=TASK_T104_SEC.data.R,TASK_T105_SEC.data=TASK_T105_SEC.data.R,TASK_T106_SEC.data=TASK_T106_SEC.data.R,TASK_SysTask_core0.data=TASK_SysTask_core0.data.R,TASK_SysTask_core1.data=TASK_SysTask_core1.data.R
-memory=high
-nologo
-end

*** Error information ***

W0561120:Section address is not assigned to "TASK_SysTask_core0.text"
W0561120:Section address is not assigned to "TASK_SysTask_core1.text"

*** Mapping List ***

SECTION                            START      END         SIZE   ALIGN
RESET_PE1
                                  00000000  000001f7       1f8   200
EIINTTBL_PE1
                                  00000200  0000077b       57c   200
SYSTEMCALLTBL
                                  00000800  00000863        64   200
.text
                                  00008000  0002554f     1d550   2
IOC_RESERVED_SEC.text
                                  00025550  00025551         2   2
USER_SHARED_SEC.text
                                  00025552  00025d69       818   2
LOCAL_RAM_PE1.text
                                  00025d6a  00025d6b         2   2
LOCAL_RAM_PE2.text
                                  00025d6c  00025d6d         2   2
SELF_AREA.text
                                  00025d6e  00025d6f         2   2
GLOBAL_RAM_A.text
                                  00025d70  00025d71         2   2
RETENTION_RAM.text
                                  00025d72  00025d73         2   2
OSAPP_A01_SEC.text
                                  00025d74  00025f81       20e   2
ISR_I001_SEC.text
                                  00025f82  00025f95        14   2
ISR_I002_SEC.text
                                  00025f96  00025fa9        14   2
ISR_I003_SEC.text
                                  00025faa  00025fbd        14   2
ISR_I004_SEC.text
                                  00025fbe  00025fd1        14   2
TASK_T001_SEC.text
                                  00025fd2  000260a9        d8   2
TASK_T002_SEC.text
                                  000260aa  00026321       278   2
TASK_T003_SEC.text
                                  00026322  00026349        28   2
OSAPP_A02_SEC.text
                                  0002634a  000264e5       19c   2
ISR_I101_SEC.text
                                  000264e6  000264f9        14   2
ISR_I102_SEC.text
                                  000264fa  0002650d        14   2
ISR_I103_SEC.text
                                  0002650e  00026521        14   2
ISR_I104_SEC.text
                                  00026522  00026535        14   2
TASK_T101_SEC.text
                                  00026536  000265ed        b8   2
TASK_T102_SEC.text
                                  000265ee  000265f1         4   2
TASK_T103_SEC.text
                                  000265f2  000265f5         4   2
OSAPP_A03_SEC.text
                                  000265f6  00026767       172   2
ISR_I005_SEC.text
                                  00026768  0002677b        14   2
ISR_I006_SEC.text
                                  0002677c  0002678f        14   2
TASK_T004_SEC.text
                                  00026790  000267b3        24   2
TASK_T005_SEC.text
                                  000267b4  000267cb        18   2
TASK_T006_SEC.text
                                  000267cc  000267e3        18   2
OSAPP_A04_SEC.text
                                  000267e4  00026941       15e   2
ISR_I105_SEC.text
                                  00026942  00026955        14   2
ISR_I106_SEC.text
                                  00026956  00026969        14   2
TASK_T104_SEC.text
                                  0002696a  00026977         e   2
TASK_T105_SEC.text
                                  00026978  00026985         e   2
TASK_T106_SEC.text
                                  00026986  00026993         e   2
GLOBAL_RAM_B.text
                                  00026994  00026995         2   2
RESET_PE2
                                  00800000  008001f7       1f8   200
EIINTTBL_PE2
                                  00800200  008009ff       800   200
.const
                                  00800a00  00801d69      136a   4
IOC_RESERVED_SEC.const
                                  00801d6c  00801d6f         4   4
USER_SHARED_SEC.const
                                  00801d70  00801d73         4   4
LOCAL_RAM_PE1.const
                                  00801d74  00801d77         4   4
LOCAL_RAM_PE2.const
                                  00801d78  00801d7b         4   4
SELF_AREA.const
                                  00801d7c  00801d7f         4   4
OSAPP_A01_SEC.const
                                  00801d80  00801fbe       23f   4
ISR_I001_SEC.const
                                  00801fc0  00801fdb        1c   4
ISR_I002_SEC.const
                                  00801fdc  00801ff7        1c   4
ISR_I003_SEC.const
                                  00801ff8  00802013        1c   4
ISR_I004_SEC.const
                                  00802014  0080202f        1c   4
TASK_T001_SEC.const
                                  00802030  00802062        33   4
TASK_T002_SEC.const
                                  00802064  00802067         4   4
TASK_T003_SEC.const
                                  00802068  0080206b         4   4
OSAPP_A02_SEC.const
                                  0080206c  0080227a       20f   4
ISR_I101_SEC.const
                                  0080227c  00802296        1b   4
ISR_I102_SEC.const
                                  00802298  008022b2        1b   4
ISR_I103_SEC.const
                                  008022b4  008022ce        1b   4
ISR_I104_SEC.const
                                  008022d0  008022ea        1b   4
TASK_T101_SEC.const
                                  008022ec  008022ef         4   4
TASK_T102_SEC.const
                                  008022f0  008022f3         4   4
TASK_T103_SEC.const
                                  008022f4  008022f7         4   4
OSAPP_A03_SEC.const
                                  008022f8  008024fe       207   4
ISR_I005_SEC.const
                                  00802500  0080251b        1c   4
ISR_I006_SEC.const
                                  0080251c  00802537        1c   4
TASK_T004_SEC.const
                                  00802538  00802547        10   4
TASK_T005_SEC.const
                                  00802548  00802557        10   4
TASK_T006_SEC.const
                                  00802558  00802567        10   4
OSAPP_A04_SEC.const
                                  00802568  0080274c       1e5   4
ISR_I105_SEC.const
                                  00802750  0080276a        1b   4
ISR_I106_SEC.const
                                  0080276c  00802786        1b   4
TASK_T104_SEC.const
                                  00802788  0080278b         4   4
TASK_T105_SEC.const
                                  0080278c  0080278f         4   4
TASK_T106_SEC.const
                                  00802790  00802793         4   4
TASK_SysTask_core0.const
                                  00802794  00802797         4   4
TASK_SysTask_core1.const
                                  00802798  0080279b         4   4
GLOBAL_RAM_A.const
                                  0080279c  0080279f         4   4
RETENTION_RAM.const
                                  008027a0  008027a3         4   4
GLOBAL_RAM_B.const
                                  008027a4  008027a7         4   4
.data
                                  008027a8  0080444b      1ca4   4
IOC_RESERVED_SEC.data
                                  0080444c  0080444f         4   4
USER_SHARED_SEC.data
                                  00804450  00804455         6   4
LOCAL_RAM_PE1.data
                                  00804458  0080445d         6   4
LOCAL_RAM_PE2.data
                                  00804460  00804463         4   4
SELF_AREA.data
                                  00804464  00804467         4   4
OSAPP_A01_SEC.data
                                  00804468  00804471         a   4
ISR_I001_SEC.data
                                  00804474  00804477         4   4
ISR_I002_SEC.data
                                  00804478  0080447f         8   4
ISR_I003_SEC.data
                                  00804480  00804483         4   4
ISR_I004_SEC.data
                                  00804484  00804487         4   4
TASK_T001_SEC.data
                                  00804488  0080448f         8   4
TASK_T002_SEC.data
                                  00804490  00804497         8   4
TASK_T003_SEC.data
                                  00804498  0080449b         4   4
OSAPP_A02_SEC.data
                                  0080449c  008044a3         8   4
ISR_I101_SEC.data
                                  008044a4  008044a7         4   4
ISR_I102_SEC.data
                                  008044a8  008044ab         4   4
ISR_I103_SEC.data
                                  008044ac  008044af         4   4
ISR_I104_SEC.data
                                  008044b0  008044b3         4   4
TASK_T101_SEC.data
                                  008044b4  008044b7         4   4
TASK_T102_SEC.data
                                  008044b8  008044bb         4   4
TASK_T103_SEC.data
                                  008044bc  008044bf         4   4
OSAPP_A03_SEC.data
                                  008044c0  008044cb         c   4
ISR_I005_SEC.data
                                  008044cc  008044cf         4   4
ISR_I006_SEC.data
                                  008044d0  008044d3         4   4
TASK_T004_SEC.data
                                  008044d4  008044d7         4   4
TASK_T005_SEC.data
                                  008044d8  008044db         4   4
TASK_T006_SEC.data
                                  008044dc  008044df         4   4
OSAPP_A04_SEC.data
                                  008044e0  008044e7         8   4
ISR_I105_SEC.data
                                  008044e8  008044eb         4   4
ISR_I106_SEC.data
                                  008044ec  008044ef         4   4
TASK_T104_SEC.data
                                  008044f0  008044f3         4   4
TASK_T105_SEC.data
                                  008044f4  008044f7         4   4
TASK_T106_SEC.data
                                  008044f8  008044fb         4   4
TASK_SysTask_core0.data
                                  008044fc  008044ff         4   4
TASK_SysTask_core1.data
                                  00804500  00804503         4   4
GLOBAL_RAM_A.data
                                  00804504  00804507         4   4
RETENTION_RAM.data
                                  00804508  0080450b         4   4
GLOBAL_RAM_B.data
                                  0080450c  0080450f         4   4
LOCAL_RAM_PE2.bss
                                  fe9e0000  fe9e0003         4   4
LOCAL_RAM_PE2.data.R
                                  fe9e0004  fe9e0007         4   4
OSAPP_A02_SEC.bss
                                  fe9e0008  fe9e000b         4   4
OSAPP_A02_SEC.data.R
                                  fe9e000c  fe9e0013         8   4
ISR_I101_SEC.bss
                                  fe9e0014  fe9e0017         4   4
ISR_I101_SEC.data.R
                                  fe9e0018  fe9e001b         4   4
ISR_I102_SEC.bss
                                  fe9e001c  fe9e001f         4   4
ISR_I102_SEC.data.R
                                  fe9e0020  fe9e0023         4   4
ISR_I103_SEC.bss
                                  fe9e0024  fe9e0027         4   4
ISR_I103_SEC.data.R
                                  fe9e0028  fe9e002b         4   4
ISR_I104_SEC.bss
                                  fe9e002c  fe9e002f         4   4
ISR_I104_SEC.data.R
                                  fe9e0030  fe9e0033         4   4
TASK_T101_SEC.bss
                                  fe9e0034  fe9e0037         4   4
TASK_T101_SEC.data.R
                                  fe9e0038  fe9e003b         4   4
TASK_T102_SEC.bss
                                  fe9e003c  fe9e003f         4   4
TASK_T102_SEC.data.R
                                  fe9e0040  fe9e0043         4   4
TASK_T103_SEC.bss
                                  fe9e0044  fe9e0047         4   4
TASK_T103_SEC.data.R
                                  fe9e0048  fe9e004b         4   4
OSAPP_A04_SEC.bss
                                  fe9e004c  fe9e004f         4   4
OSAPP_A04_SEC.data.R
                                  fe9e0050  fe9e0057         8   4
ISR_I105_SEC.bss
                                  fe9e0058  fe9e005b         4   4
ISR_I105_SEC.data.R
                                  fe9e005c  fe9e005f         4   4
ISR_I106_SEC.bss
                                  fe9e0060  fe9e0063         4   4
ISR_I106_SEC.data.R
                                  fe9e0064  fe9e0067         4   4
TASK_T104_SEC.bss
                                  fe9e0068  fe9e006b         4   4
TASK_T104_SEC.data.R
                                  fe9e006c  fe9e006f         4   4
TASK_T105_SEC.bss
                                  fe9e0070  fe9e0073         4   4
TASK_T105_SEC.data.R
                                  fe9e0074  fe9e0077         4   4
TASK_T106_SEC.bss
                                  fe9e0078  fe9e007b         4   4
TASK_T106_SEC.data.R
                                  fe9e007c  fe9e007f         4   4
TASK_SysTask_core1.bss
                                  fe9e0080  fe9e0093        14   4
TASK_SysTask_core1.data.R
                                  fe9e0094  fe9e0097         4   4
ALL_TASK_ISR_STACK_PE2.bss
                                  fe9e0098  fe9e1897      1800   4
system_pe2_stack.bss
                                  fe9e1898  fe9e1c97       400   4
LOCAL_RAM_PE1.bss
                                  febc0000  febc0003         4   4
LOCAL_RAM_PE1.data.R
                                  febc0004  febc0009         6   4
OSAPP_A01_SEC.bss
                                  febc000c  febc000f         4   4
OSAPP_A01_SEC.data.R
                                  febc0010  febc0019         a   4
ISR_I001_SEC.bss
                                  febc001c  febc001f         4   4
ISR_I001_SEC.data.R
                                  febc0020  febc0023         4   4
ISR_I002_SEC.bss
                                  febc0024  febc0027         4   4
ISR_I002_SEC.data.R
                                  febc0028  febc002f         8   4
ISR_I003_SEC.bss
                                  febc0030  febc0033         4   4
ISR_I003_SEC.data.R
                                  febc0034  febc0037         4   4
ISR_I004_SEC.bss
                                  febc0038  febc003b         4   4
ISR_I004_SEC.data.R
                                  febc003c  febc003f         4   4
TASK_T001_SEC.bss
                                  febc0040  febc0043         4   4
TASK_T001_SEC.data.R
                                  febc0044  febc004b         8   4
TASK_T002_SEC.bss
                                  febc004c  febc004f         4   4
TASK_T002_SEC.data.R
                                  febc0050  febc0057         8   4
TASK_T003_SEC.bss
                                  febc0058  febc005b         4   4
TASK_T003_SEC.data.R
                                  febc005c  febc005f         4   4
OSAPP_A03_SEC.bss
                                  febc0060  febc0063         4   4
OSAPP_A03_SEC.data.R
                                  febc0064  febc006f         c   4
ISR_I005_SEC.bss
                                  febc0070  febc0073         4   4
ISR_I005_SEC.data.R
                                  febc0074  febc0077         4   4
ISR_I006_SEC.bss
                                  febc0078  febc007b         4   4
ISR_I006_SEC.data.R
                                  febc007c  febc007f         4   4
TASK_T004_SEC.bss
                                  febc0080  febc0083         4   4
TASK_T004_SEC.data.R
                                  febc0084  febc0087         4   4
TASK_T005_SEC.bss
                                  febc0088  febc008b         4   4
TASK_T005_SEC.data.R
                                  febc008c  febc008f         4   4
TASK_T006_SEC.bss
                                  febc0090  febc0093         4   4
TASK_T006_SEC.data.R
                                  febc0094  febc0097         4   4
TASK_SysTask_core0.bss
                                  febc0098  febc00ab        14   4
TASK_SysTask_core0.data.R
                                  febc00ac  febc00af         4   4
ALL_TASK_ISR_STACK_PE1.bss
                                  febc00b0  febc18af      1800   4
system_pe1_stack.bss
                                  febc18b0  febc1caf       400   4
SELF_AREA.bss
                                  fedfe000  fedfe053        54   4
SELF_AREA.data.R
                                  fedfe054  fedfe057         4   4
IOC_RESERVED_SEC.bss
                                  feef8000  feef8003         4   4
IOC_RESERVED_SEC.data.R
                                  feef8004  feef8007         4   4
GLOBAL_RAM_A.bss
                                  feef8008  feef802b        24   4
GLOBAL_RAM_A.data.R
                                  feef802c  feef802f         4   4
.bss
                                  fef01000  fef02b61      1b62   4
.data.R
                                  fef02b64  fef04807      1ca4   4
RETENTION_RAM.bss
                                  fef04808  fef0480b         4   4
RETENTION_RAM.data.R
                                  fef0480c  fef0480f         4   4
USER_SHARED_SEC.bss
                                  feff8000  feff8043        44   4
USER_SHARED_SEC.data.R
                                  feff8044  feff8049         6   4
GLOBAL_RAM_B.bss
                                  feff804c  feff804f         4   4
GLOBAL_RAM_B.data.R
                                  feff8050  feff8053         4   4
TASK_SysTask_core0.text
                                  feff8054  feff8055         2   2
TASK_SysTask_core1.text
                                  feff8056  feff8057         2   2
