Renesas Optimizing Linker (W3.05.00 )             24-Mar-2024 17:56:46

*** Options ***

-subcommand=DefaultBuild\MilkshopAUTOSAR.clnk
-input=DefaultBuild\alarm.obj
-input=DefaultBuild\event.obj
-input=DefaultBuild\isr2.obj
-input=DefaultBuild\resource.obj
-input=DefaultBuild\scheduler.obj
-input=DefaultBuild\system.obj
-input=DefaultBuild\task.obj
-input=DefaultBuild\alarm_Cfg.obj
-input=DefaultBuild\event_Cfg.obj
-input=DefaultBuild\isr_Cfg.obj
-input=DefaultBuild\resource_Cfg.obj
-input=DefaultBuild\task_Cfg.obj
-input=DefaultBuild\board.obj
-input=DefaultBuild\boot.obj
-input=DefaultBuild\context.obj
-input=DefaultBuild\cstart1.obj
-input=DefaultBuild\cstart2.obj
-input=DefaultBuild\GPIO.obj
-input=DefaultBuild\ISRInit.obj
-input=DefaultBuild\timer.obj
-input=DefaultBuild\r_clkc.obj
-input=DefaultBuild\r_intc.obj
-input=DefaultBuild\r_port.obj
-input=DefaultBuild\r_rlin.obj
-input=DefaultBuild\r_uart.obj
-input=DefaultBuild\r_lin.obj
-input=DefaultBuild\hook.obj
-input=DefaultBuild\main_pe2.obj
-input=DefaultBuild\main.obj
-input=DefaultBuild\application_Cfg.obj
-input=DefaultBuild\memprot_Cfg.obj
-input=DefaultBuild\os_Cfg.obj
-input=DefaultBuild\spinlock_Cfg.obj
-input=DefaultBuild\timingprot_Cfg.obj
-input=DefaultBuild\application.obj
-input=DefaultBuild\spinlock.obj
-input=DefaultBuild\timingprot.obj
-input=DefaultBuild\boot2.obj
-input=DefaultBuild\core.obj
-input=DefaultBuild\lock.obj
-input=DefaultBuild\memprot.obj
-input=DefaultBuild\systemcall.obj
-input=DefaultBuild\counter_Cfg.obj
-input=DefaultBuild\counter.obj
-input=DefaultBuild\ScheduleTable.obj
-input=DefaultBuild\scheduleTable_Cfg.obj
-input=DefaultBuild\string_format_test.obj
-input=DefaultBuild\softwaretimer_Cfg.obj
-input=DefaultBuild\softwaretimer.obj
-input=DefaultBuild\app2.obj
-input=DefaultBuild\app3.obj
-input=DefaultBuild\app4.obj
-input=DefaultBuild\trustedfunc_Cfg.obj
-input=DefaultBuild\app1.obj
-input=DefaultBuild\peripheral.obj
-input=DefaultBuild\Ioc.obj
-input=DefaultBuild\ringbuffer.obj
-input=DefaultBuild\Rte.obj
-input=DefaultBuild\Rte_Client_ResponseRunnable_1.obj
-input=DefaultBuild\Rte_Client_Runnable_1.obj
-input=DefaultBuild\Rte_Server_Runnable_1.obj
-debug
-nocompress
-NOOPtimize
-output=DefaultBuild\MilkshopAUTOSAR.abs
-library=v850e3v5\rhf8n.lib
-library=v850e3v5\libmalloc.lib
-list=DefaultBuild\MilkshopAUTOSAR.map
-start=RESET_PE1,EIINTTBL_PE1,SYSTEMCALLTBL/0,.text,IOC_RESERVED_SEC.text,USER_SHARED_SEC.text,LOCAL_RAM_PE1.text,LOCAL_RAM_PE2.text,SELF_AREA.text,GLOBAL_RAM_A.text,RETENTION_RAM.text,OSAPP_A01_SEC.text,ISR_I001_SEC.text,ISR_I002_SEC.text,ISR_I003_SEC.text,ISR_I004_SEC.text,TASK_T001_SEC.text,TASK_T002_SEC.text,TASK_T003_SEC.text,OSAPP_A02_SEC.text,ISR_I101_SEC.text,ISR_I102_SEC.text,ISR_I103_SEC.text,ISR_I104_SEC.text,TASK_T101_SEC.text,TASK_T102_SEC.text,TASK_T103_SEC.text,OSAPP_A03_SEC.text,ISR_I005_SEC.text,ISR_I006_SEC.text,TASK_T004_SEC.text,TASK_T005_SEC.text,TASK_T006_SEC.text,OSAPP_A04_SEC.text,ISR_I105_SEC.text,ISR_I106_SEC.text,TASK_T104_SEC.text,TASK_T105_SEC.text,TASK_T106_SEC.text,GLOBAL_RAM_B.text/00008000,RESET_PE2,EIINTTBL_PE2,.const,IOC_RESERVED_SEC.const,USER_SHARED_SEC.const,LOCAL_RAM_PE1.const,LOCAL_RAM_PE2.const,SELF_AREA.const,OSAPP_A01_SEC.const,ISR_I001_SEC.const,ISR_I002_SEC.const,ISR_I003_SEC.const,ISR_I004_SEC.const,TASK_T001_SEC.const,TASK_T002_SEC.const,TASK_T003_SEC.const,OSAPP_A02_SEC.const,ISR_I101_SEC.const,ISR_I102_SEC.const,ISR_I103_SEC.const,ISR_I104_SEC.const,TASK_T101_SEC.const,TASK_T102_SEC.const,TASK_T103_SEC.const,OSAPP_A03_SEC.const,ISR_I005_SEC.const,ISR_I006_SEC.const,TASK_T004_SEC.const,TASK_T005_SEC.const,TASK_T006_SEC.const,OSAPP_A04_SEC.const,ISR_I105_SEC.const,ISR_I106_SEC.const,TASK_T104_SEC.const,TASK_T105_SEC.const,TASK_T106_SEC.const,TASK_SysTask_core0.const,TASK_SysTask_core1.const,GLOBAL_RAM_A.const,RETENTION_RAM.const,GLOBAL_RAM_B.const,.data,IOC_RESERVED_SEC.data,USER_SHARED_SEC.data,LOCAL_RAM_PE1.data,LOCAL_RAM_PE2.data,SELF_AREA.data,OSAPP_A01_SEC.data,ISR_I001_SEC.data,ISR_I002_SEC.data,ISR_I003_SEC.data,ISR_I004_SEC.data,TASK_T001_SEC.data,TASK_T002_SEC.data,TASK_T003_SEC.data,OSAPP_A02_SEC.data,ISR_I101_SEC.data,ISR_I102_SEC.data,ISR_I103_SEC.data,ISR_I104_SEC.data,TASK_T101_SEC.data,TASK_T102_SEC.data,TASK_T103_SEC.data,OSAPP_A03_SEC.data,ISR_I005_SEC.data,ISR_I006_SEC.data,TASK_T004_SEC.data,TASK_T005_SEC.data,TASK_T006_SEC.data,OSAPP_A04_SEC.data,ISR_I105_SEC.data,ISR_I106_SEC.data,TASK_T104_SEC.data,TASK_T105_SEC.data,TASK_T106_SEC.data,TASK_SysTask_core0.data,TASK_SysTask_core1.data,GLOBAL_RAM_A.data,RETENTION_RAM.data,GLOBAL_RAM_B.data/00800000,LOCAL_RAM_PE2.bss,LOCAL_RAM_PE2.data.R,OSAPP_A02_SEC.bss,OSAPP_A02_SEC.data.R,ISR_I101_SEC.bss,ISR_I101_SEC.data.R,ISR_I102_SEC.bss,ISR_I102_SEC.data.R,ISR_I103_SEC.bss,ISR_I103_SEC.data.R,ISR_I104_SEC.bss,ISR_I104_SEC.data.R,TASK_T101_SEC.bss,TASK_T101_SEC.data.R,TASK_T102_SEC.bss,TASK_T102_SEC.data.R,TASK_T103_SEC.bss,TASK_T103_SEC.data.R,OSAPP_A04_SEC.bss,OSAPP_A04_SEC.data.R,ISR_I105_SEC.bss,ISR_I105_SEC.data.R,ISR_I106_SEC.bss,ISR_I106_SEC.data.R,TASK_T104_SEC.bss,TASK_T104_SEC.data.R,TASK_T105_SEC.bss,TASK_T105_SEC.data.R,TASK_T106_SEC.bss,TASK_T106_SEC.data.R,TASK_SysTask_core1.bss,TASK_SysTask_core1.data.R,ALL_TASK_ISR_STACK_PE2.bss,system_pe2_stack.bss/FE9E0000,LOCAL_RAM_PE1.bss,LOCAL_RAM_PE1.data.R,OSAPP_A01_SEC.bss,OSAPP_A01_SEC.data.R,ISR_I001_SEC.bss,ISR_I001_SEC.data.R,ISR_I002_SEC.bss,ISR_I002_SEC.data.R,ISR_I003_SEC.bss,ISR_I003_SEC.data.R,ISR_I004_SEC.bss,ISR_I004_SEC.data.R,TASK_T001_SEC.bss,TASK_T001_SEC.data.R,TASK_T002_SEC.bss,TASK_T002_SEC.data.R,TASK_T003_SEC.bss,TASK_T003_SEC.data.R,OSAPP_A03_SEC.bss,OSAPP_A03_SEC.data.R,ISR_I005_SEC.bss,ISR_I005_SEC.data.R,ISR_I006_SEC.bss,ISR_I006_SEC.data.R,TASK_T004_SEC.bss,TASK_T004_SEC.data.R,TASK_T005_SEC.bss,TASK_T005_SEC.data.R,TASK_T006_SEC.bss,TASK_T006_SEC.data.R,TASK_SysTask_core0.bss,TASK_SysTask_core0.data.R,ALL_TASK_ISR_STACK_PE1.bss,system_pe1_stack.bss/FEBC0000,SELF_AREA.bss,SELF_AREA.data.R/FEDFE000,IOC_RESERVED_SEC.bss,IOC_RESERVED_SEC.data.R,GLOBAL_RAM_A.bss,GLOBAL_RAM_A.data.R/FEEF8000,.bss,.data.R,RETENTION_RAM.bss,RETENTION_RAM.data.R/FEF01000,USER_SHARED_SEC.bss,USER_SHARED_SEC.data.R,GLOBAL_RAM_B.bss,GLOBAL_RAM_B.data.R/FEFF8000
-rom=.data=.data.R,IOC_RESERVED_SEC.data=IOC_RESERVED_SEC.data.R,USER_SHARED_SEC.data=USER_SHARED_SEC.data.R,LOCAL_RAM_PE2.data=LOCAL_RAM_PE2.data.R,LOCAL_RAM_PE1.data=LOCAL_RAM_PE1.data.R,SELF_AREA.data=SELF_AREA.data.R,GLOBAL_RAM_A.data=GLOBAL_RAM_A.data.R,RETENTION_RAM.data=RETENTION_RAM.data.R,GLOBAL_RAM_B.data=GLOBAL_RAM_B.data.R,OSAPP_A01_SEC.data=OSAPP_A01_SEC.data.R,ISR_I001_SEC.data=ISR_I001_SEC.data.R,ISR_I002_SEC.data=ISR_I002_SEC.data.R,ISR_I003_SEC.data=ISR_I003_SEC.data.R,ISR_I004_SEC.data=ISR_I004_SEC.data.R,TASK_T001_SEC.data=TASK_T001_SEC.data.R,TASK_T002_SEC.data=TASK_T002_SEC.data.R,TASK_T003_SEC.data=TASK_T003_SEC.data.R,OSAPP_A02_SEC.data=OSAPP_A02_SEC.data.R,ISR_I101_SEC.data=ISR_I101_SEC.data.R,ISR_I102_SEC.data=ISR_I102_SEC.data.R,ISR_I103_SEC.data=ISR_I103_SEC.data.R,ISR_I104_SEC.data=ISR_I104_SEC.data.R,TASK_T101_SEC.data=TASK_T101_SEC.data.R,TASK_T102_SEC.data=TASK_T102_SEC.data.R,TASK_T103_SEC.data=TASK_T103_SEC.data.R,OSAPP_A03_SEC.data=OSAPP_A03_SEC.data.R,ISR_I005_SEC.data=ISR_I005_SEC.data.R,ISR_I006_SEC.data=ISR_I006_SEC.data.R,TASK_T004_SEC.data=TASK_T004_SEC.data.R,TASK_T005_SEC.data=TASK_T005_SEC.data.R,TASK_T006_SEC.data=TASK_T006_SEC.data.R,OSAPP_A04_SEC.data=OSAPP_A04_SEC.data.R,ISR_I105_SEC.data=ISR_I105_SEC.data.R,ISR_I106_SEC.data=ISR_I106_SEC.data.R,TASK_T104_SEC.data=TASK_T104_SEC.data.R,TASK_T105_SEC.data=TASK_T105_SEC.data.R,TASK_T106_SEC.data=TASK_T106_SEC.data.R,TASK_SysTask_core0.data=TASK_SysTask_core0.data.R,TASK_SysTask_core1.data=TASK_SysTask_core1.data.R
-memory=high
-nologo
-end

*** Error information ***

W0561120:Section address is not assigned to "TASK_SysTask_core0.text"
W0561120:Section address is not assigned to "TASK_SysTask_core1.text"

*** Mapping List ***

SECTION                            START      END         SIZE   ALIGN
RESET_PE1
                                  00000000  000001f7       1f8   200
EIINTTBL_PE1
                                  00000200  0000077b       57c   200
SYSTEMCALLTBL
                                  00000800  00000863        64   200
.text
                                  00008000  000228db     1a8dc   2
IOC_RESERVED_SEC.text
                                  000228dc  000228dd         2   2
USER_SHARED_SEC.text
                                  000228de  00022b3f       262   2
LOCAL_RAM_PE1.text
                                  00022b40  00022b41         2   2
LOCAL_RAM_PE2.text
                                  00022b42  00022b43         2   2
SELF_AREA.text
                                  00022b44  00022b45         2   2
GLOBAL_RAM_A.text
                                  00022b46  00022b47         2   2
RETENTION_RAM.text
                                  00022b48  00022b49         2   2
OSAPP_A01_SEC.text
                                  00022b4a  00023ead      1364   2
ISR_I001_SEC.text
                                  00023eae  00023ec1        14   2
ISR_I002_SEC.text
                                  00023ec2  00023ed5        14   2
ISR_I003_SEC.text
                                  00023ed6  00023ee9        14   2
ISR_I004_SEC.text
                                  00023eea  00023efd        14   2
TASK_T001_SEC.text
                                  00023efe  00024067       16a   2
TASK_T002_SEC.text
                                  00024068  0002408f        28   2
TASK_T003_SEC.text
                                  00024090  000240a9        1a   2
OSAPP_A02_SEC.text
                                  000240aa  0002489b       7f2   2
ISR_I101_SEC.text
                                  0002489c  000248af        14   2
ISR_I102_SEC.text
                                  000248b0  000248c3        14   2
ISR_I103_SEC.text
                                  000248c4  000248d7        14   2
ISR_I104_SEC.text
                                  000248d8  000248eb        14   2
TASK_T101_SEC.text
                                  000248ec  00024919        2e   2
TASK_T102_SEC.text
                                  0002491a  0002491d         4   2
TASK_T103_SEC.text
                                  0002491e  00024921         4   2
OSAPP_A03_SEC.text
                                  00024922  0002545d       b3c   2
ISR_I005_SEC.text
                                  0002545e  00025471        14   2
ISR_I006_SEC.text
                                  00025472  00025485        14   2
TASK_T004_SEC.text
                                  00025486  000254a9        24   2
TASK_T005_SEC.text
                                  000254aa  000254c1        18   2
TASK_T006_SEC.text
                                  000254c2  000254d9        18   2
OSAPP_A04_SEC.text
                                  000254da  00025637       15e   2
ISR_I105_SEC.text
                                  00025638  0002564b        14   2
ISR_I106_SEC.text
                                  0002564c  0002565f        14   2
TASK_T104_SEC.text
                                  00025660  0002566d         e   2
TASK_T105_SEC.text
                                  0002566e  0002567b         e   2
TASK_T106_SEC.text
                                  0002567c  00025689         e   2
GLOBAL_RAM_B.text
                                  0002568a  0002568b         2   2
RESET_PE2
                                  00800000  008001f7       1f8   200
EIINTTBL_PE2
                                  00800200  008009ff       800   200
.const
                                  00800a00  00801c2a      122b   4
IOC_RESERVED_SEC.const
                                  00801c2c  00801c2f         4   4
USER_SHARED_SEC.const
                                  00801c30  00801c33         4   4
LOCAL_RAM_PE1.const
                                  00801c34  00801c37         4   4
LOCAL_RAM_PE2.const
                                  00801c38  00801c3b         4   4
SELF_AREA.const
                                  00801c3c  00801c3f         4   4
OSAPP_A01_SEC.const
                                  00801c40  00801e92       253   4
ISR_I001_SEC.const
                                  00801e94  00801eaf        1c   4
ISR_I002_SEC.const
                                  00801eb0  00801ecb        1c   4
ISR_I003_SEC.const
                                  00801ecc  00801ee7        1c   4
ISR_I004_SEC.const
                                  00801ee8  00801f03        1c   4
TASK_T001_SEC.const
                                  00801f04  00801f1a        17   4
TASK_T002_SEC.const
                                  00801f1c  00801f1f         4   4
TASK_T003_SEC.const
                                  00801f20  00801f23         4   4
OSAPP_A02_SEC.const
                                  00801f24  00802159       236   4
ISR_I101_SEC.const
                                  0080215c  00802176        1b   4
ISR_I102_SEC.const
                                  00802178  00802192        1b   4
ISR_I103_SEC.const
                                  00802194  008021ae        1b   4
ISR_I104_SEC.const
                                  008021b0  008021ca        1b   4
TASK_T101_SEC.const
                                  008021cc  008021dc        11   4
TASK_T102_SEC.const
                                  008021e0  008021e3         4   4
TASK_T103_SEC.const
                                  008021e4  008021e7         4   4
OSAPP_A03_SEC.const
                                  008021e8  00802430       249   4
ISR_I005_SEC.const
                                  00802434  0080244f        1c   4
ISR_I006_SEC.const
                                  00802450  0080246b        1c   4
TASK_T004_SEC.const
                                  0080246c  0080247b        10   4
TASK_T005_SEC.const
                                  0080247c  0080248b        10   4
TASK_T006_SEC.const
                                  0080248c  0080249b        10   4
OSAPP_A04_SEC.const
                                  0080249c  00802680       1e5   4
ISR_I105_SEC.const
                                  00802684  0080269e        1b   4
ISR_I106_SEC.const
                                  008026a0  008026ba        1b   4
TASK_T104_SEC.const
                                  008026bc  008026bf         4   4
TASK_T105_SEC.const
                                  008026c0  008026c3         4   4
TASK_T106_SEC.const
                                  008026c4  008026c7         4   4
TASK_SysTask_core0.const
                                  008026c8  008026cb         4   4
TASK_SysTask_core1.const
                                  008026cc  008026cf         4   4
GLOBAL_RAM_A.const
                                  008026d0  008026d3         4   4
RETENTION_RAM.const
                                  008026d4  008026d7         4   4
GLOBAL_RAM_B.const
                                  008026d8  008026db         4   4
.data
                                  008026dc  008040a3      19c8   4
IOC_RESERVED_SEC.data
                                  008040a4  008040a7         4   4
USER_SHARED_SEC.data
                                  008040a8  008040e7        40   4
LOCAL_RAM_PE1.data
                                  008040e8  008040ed         6   4
LOCAL_RAM_PE2.data
                                  008040f0  008040f3         4   4
SELF_AREA.data
                                  008040f4  008040f7         4   4
OSAPP_A01_SEC.data
                                  008040f8  00804101         a   4
ISR_I001_SEC.data
                                  00804104  00804107         4   4
ISR_I002_SEC.data
                                  00804108  0080410f         8   4
ISR_I003_SEC.data
                                  00804110  00804113         4   4
ISR_I004_SEC.data
                                  00804114  00804117         4   4
TASK_T001_SEC.data
                                  00804118  0080411b         4   4
TASK_T002_SEC.data
                                  0080411c  0080411f         4   4
TASK_T003_SEC.data
                                  00804120  00804123         4   4
OSAPP_A02_SEC.data
                                  00804124  0080412b         8   4
ISR_I101_SEC.data
                                  0080412c  0080412f         4   4
ISR_I102_SEC.data
                                  00804130  00804133         4   4
ISR_I103_SEC.data
                                  00804134  00804137         4   4
ISR_I104_SEC.data
                                  00804138  0080413b         4   4
TASK_T101_SEC.data
                                  0080413c  0080413f         4   4
TASK_T102_SEC.data
                                  00804140  00804143         4   4
TASK_T103_SEC.data
                                  00804144  00804147         4   4
OSAPP_A03_SEC.data
                                  00804148  00804153         c   4
ISR_I005_SEC.data
                                  00804154  00804157         4   4
ISR_I006_SEC.data
                                  00804158  0080415b         4   4
TASK_T004_SEC.data
                                  0080415c  0080415f         4   4
TASK_T005_SEC.data
                                  00804160  00804163         4   4
TASK_T006_SEC.data
                                  00804164  00804167         4   4
OSAPP_A04_SEC.data
                                  00804168  0080416f         8   4
ISR_I105_SEC.data
                                  00804170  00804173         4   4
ISR_I106_SEC.data
                                  00804174  00804177         4   4
TASK_T104_SEC.data
                                  00804178  0080417b         4   4
TASK_T105_SEC.data
                                  0080417c  0080417f         4   4
TASK_T106_SEC.data
                                  00804180  00804183         4   4
TASK_SysTask_core0.data
                                  00804184  00804187         4   4
TASK_SysTask_core1.data
                                  00804188  0080418b         4   4
GLOBAL_RAM_A.data
                                  0080418c  0080418f         4   4
RETENTION_RAM.data
                                  00804190  00804193         4   4
GLOBAL_RAM_B.data
                                  00804194  00804197         4   4
LOCAL_RAM_PE2.bss
                                  fe9e0000  fe9e0003         4   4
LOCAL_RAM_PE2.data.R
                                  fe9e0004  fe9e0007         4   4
OSAPP_A02_SEC.bss
                                  fe9e0008  fe9e000b         4   4
OSAPP_A02_SEC.data.R
                                  fe9e000c  fe9e0013         8   4
ISR_I101_SEC.bss
                                  fe9e0014  fe9e0017         4   4
ISR_I101_SEC.data.R
                                  fe9e0018  fe9e001b         4   4
ISR_I102_SEC.bss
                                  fe9e001c  fe9e001f         4   4
ISR_I102_SEC.data.R
                                  fe9e0020  fe9e0023         4   4
ISR_I103_SEC.bss
                                  fe9e0024  fe9e0027         4   4
ISR_I103_SEC.data.R
                                  fe9e0028  fe9e002b         4   4
ISR_I104_SEC.bss
                                  fe9e002c  fe9e002f         4   4
ISR_I104_SEC.data.R
                                  fe9e0030  fe9e0033         4   4
TASK_T101_SEC.bss
                                  fe9e0034  fe9e0037         4   4
TASK_T101_SEC.data.R
                                  fe9e0038  fe9e003b         4   4
TASK_T102_SEC.bss
                                  fe9e003c  fe9e003f         4   4
TASK_T102_SEC.data.R
                                  fe9e0040  fe9e0043         4   4
TASK_T103_SEC.bss
                                  fe9e0044  fe9e0047         4   4
TASK_T103_SEC.data.R
                                  fe9e0048  fe9e004b         4   4
OSAPP_A04_SEC.bss
                                  fe9e004c  fe9e004f         4   4
OSAPP_A04_SEC.data.R
                                  fe9e0050  fe9e0057         8   4
ISR_I105_SEC.bss
                                  fe9e0058  fe9e005b         4   4
ISR_I105_SEC.data.R
                                  fe9e005c  fe9e005f         4   4
ISR_I106_SEC.bss
                                  fe9e0060  fe9e0063         4   4
ISR_I106_SEC.data.R
                                  fe9e0064  fe9e0067         4   4
TASK_T104_SEC.bss
                                  fe9e0068  fe9e006b         4   4
TASK_T104_SEC.data.R
                                  fe9e006c  fe9e006f         4   4
TASK_T105_SEC.bss
                                  fe9e0070  fe9e0073         4   4
TASK_T105_SEC.data.R
                                  fe9e0074  fe9e0077         4   4
TASK_T106_SEC.bss
                                  fe9e0078  fe9e007b         4   4
TASK_T106_SEC.data.R
                                  fe9e007c  fe9e007f         4   4
TASK_SysTask_core1.bss
                                  fe9e0080  fe9e0093        14   4
TASK_SysTask_core1.data.R
                                  fe9e0094  fe9e0097         4   4
ALL_TASK_ISR_STACK_PE2.bss
                                  fe9e0098  fe9e1897      1800   4
system_pe2_stack.bss
                                  fe9e1898  fe9e1c97       400   4
LOCAL_RAM_PE1.bss
                                  febc0000  febc0003         4   4
LOCAL_RAM_PE1.data.R
                                  febc0004  febc0009         6   4
OSAPP_A01_SEC.bss
                                  febc000c  febc000f         4   4
OSAPP_A01_SEC.data.R
                                  febc0010  febc0019         a   4
ISR_I001_SEC.bss
                                  febc001c  febc001f         4   4
ISR_I001_SEC.data.R
                                  febc0020  febc0023         4   4
ISR_I002_SEC.bss
                                  febc0024  febc0027         4   4
ISR_I002_SEC.data.R
                                  febc0028  febc002f         8   4
ISR_I003_SEC.bss
                                  febc0030  febc0033         4   4
ISR_I003_SEC.data.R
                                  febc0034  febc0037         4   4
ISR_I004_SEC.bss
                                  febc0038  febc003b         4   4
ISR_I004_SEC.data.R
                                  febc003c  febc003f         4   4
TASK_T001_SEC.bss
                                  febc0040  febc0043         4   4
TASK_T001_SEC.data.R
                                  febc0044  febc0047         4   4
TASK_T002_SEC.bss
                                  febc0048  febc004b         4   4
TASK_T002_SEC.data.R
                                  febc004c  febc004f         4   4
TASK_T003_SEC.bss
                                  febc0050  febc0053         4   4
TASK_T003_SEC.data.R
                                  febc0054  febc0057         4   4
OSAPP_A03_SEC.bss
                                  febc0058  febc005b         4   4
OSAPP_A03_SEC.data.R
                                  febc005c  febc0067         c   4
ISR_I005_SEC.bss
                                  febc0068  febc006b         4   4
ISR_I005_SEC.data.R
                                  febc006c  febc006f         4   4
ISR_I006_SEC.bss
                                  febc0070  febc0073         4   4
ISR_I006_SEC.data.R
                                  febc0074  febc0077         4   4
TASK_T004_SEC.bss
                                  febc0078  febc007b         4   4
TASK_T004_SEC.data.R
                                  febc007c  febc007f         4   4
TASK_T005_SEC.bss
                                  febc0080  febc0083         4   4
TASK_T005_SEC.data.R
                                  febc0084  febc0087         4   4
TASK_T006_SEC.bss
                                  febc0088  febc008b         4   4
TASK_T006_SEC.data.R
                                  febc008c  febc008f         4   4
TASK_SysTask_core0.bss
                                  febc0090  febc00a3        14   4
TASK_SysTask_core0.data.R
                                  febc00a4  febc00a7         4   4
ALL_TASK_ISR_STACK_PE1.bss
                                  febc00a8  febc18a7      1800   4
system_pe1_stack.bss
                                  febc18a8  febc1ca7       400   4
SELF_AREA.bss
                                  fedfe000  fedfe053        54   4
SELF_AREA.data.R
                                  fedfe054  fedfe057         4   4
IOC_RESERVED_SEC.bss
                                  feef8000  feef8003         4   4
IOC_RESERVED_SEC.data.R
                                  feef8004  feef8007         4   4
GLOBAL_RAM_A.bss
                                  feef8008  feef802b        24   4
GLOBAL_RAM_A.data.R
                                  feef802c  feef802f         4   4
.bss
                                  fef01000  fef02dff      1e00   4
.data.R
                                  fef02e00  fef047c7      19c8   4
RETENTION_RAM.bss
                                  fef047c8  fef047cb         4   4
RETENTION_RAM.data.R
                                  fef047cc  fef047cf         4   4
USER_SHARED_SEC.bss
                                  feff8000  feff80ef        f0   4
USER_SHARED_SEC.data.R
                                  feff80f0  feff812f        40   4
GLOBAL_RAM_B.bss
                                  feff8130  feff8133         4   4
GLOBAL_RAM_B.data.R
                                  feff8134  feff8137         4   4
TASK_SysTask_core0.text
                                  feff8138  feff8139         2   2
TASK_SysTask_core1.text
                                  feff813a  feff813b         2   2
