Renesas Optimizing Linker (W3.05.00 )             08-Mar-2024 20:45:56

*** Options ***

-subcommand=DefaultBuild\MilkshopAUTOSAR.clnk
-input=DefaultBuild\alarm.obj
-input=DefaultBuild\event.obj
-input=DefaultBuild\isr2.obj
-input=DefaultBuild\resource.obj
-input=DefaultBuild\scheduler.obj
-input=DefaultBuild\system.obj
-input=DefaultBuild\task.obj
-input=DefaultBuild\alarm_Cfg.obj
-input=DefaultBuild\event_Cfg.obj
-input=DefaultBuild\isr_Cfg.obj
-input=DefaultBuild\resource_Cfg.obj
-input=DefaultBuild\task_Cfg.obj
-input=DefaultBuild\board.obj
-input=DefaultBuild\boot.obj
-input=DefaultBuild\context.obj
-input=DefaultBuild\cstart1.obj
-input=DefaultBuild\cstart2.obj
-input=DefaultBuild\GPIO.obj
-input=DefaultBuild\ISRInit.obj
-input=DefaultBuild\timer.obj
-input=DefaultBuild\r_clkc.obj
-input=DefaultBuild\r_intc.obj
-input=DefaultBuild\r_port.obj
-input=DefaultBuild\r_rlin.obj
-input=DefaultBuild\r_uart.obj
-input=DefaultBuild\r_lin.obj
-input=DefaultBuild\hook.obj
-input=DefaultBuild\main_pe2.obj
-input=DefaultBuild\main.obj
-input=DefaultBuild\application_Cfg.obj
-input=DefaultBuild\memprot_Cfg.obj
-input=DefaultBuild\os_Cfg.obj
-input=DefaultBuild\spinlock_Cfg.obj
-input=DefaultBuild\timingprot_Cfg.obj
-input=DefaultBuild\application.obj
-input=DefaultBuild\spinlock.obj
-input=DefaultBuild\timingprot.obj
-input=DefaultBuild\boot2.obj
-input=DefaultBuild\core.obj
-input=DefaultBuild\lock.obj
-input=DefaultBuild\memprot.obj
-input=DefaultBuild\systemcall.obj
-input=DefaultBuild\counter_Cfg.obj
-input=DefaultBuild\counter.obj
-input=DefaultBuild\ScheduleTable.obj
-input=DefaultBuild\scheduleTable_Cfg.obj
-input=DefaultBuild\string_format_test.obj
-input=DefaultBuild\softwaretimer_Cfg.obj
-input=DefaultBuild\softwaretimer.obj
-input=DefaultBuild\app2.obj
-input=DefaultBuild\app3.obj
-input=DefaultBuild\app4.obj
-input=DefaultBuild\trustedfunc_Cfg.obj
-input=DefaultBuild\app1.obj
-input=DefaultBuild\peripheral.obj
-input=DefaultBuild\Ioc.obj
-input=DefaultBuild\ringbuffer.obj
-input=DefaultBuild\Rte.obj
-input=DefaultBuild\Rte_Client_ResponseRunnable_1.obj
-input=DefaultBuild\Rte_Client_Runnable_1.obj
-input=DefaultBuild\Rte_Server_Runnable_1.obj
-debug
-nocompress
-NOOPtimize
-output=DefaultBuild\MilkshopAUTOSAR.abs
-library=v850e3v5\rhf8n.lib
-library=v850e3v5\libmalloc.lib
-list=DefaultBuild\MilkshopAUTOSAR.map
-start=RESET_PE1,EIINTTBL_PE1,SYSTEMCALLTBL/0,.text,IOC_RESERVED_SEC.text,USER_SHARED_SEC.text,LOCAL_RAM_PE1.text,LOCAL_RAM_PE2.text,SELF_AREA.text,GLOBAL_RAM_A.text,RETENTION_RAM.text,OSAPP_A01_SEC.text,ISR_I001_SEC.text,ISR_I002_SEC.text,ISR_I003_SEC.text,ISR_I004_SEC.text,TASK_T001_SEC.text,TASK_T002_SEC.text,TASK_T003_SEC.text,OSAPP_A02_SEC.text,ISR_I101_SEC.text,ISR_I102_SEC.text,ISR_I103_SEC.text,ISR_I104_SEC.text,TASK_T101_SEC.text,TASK_T102_SEC.text,TASK_T103_SEC.text,OSAPP_A03_SEC.text,ISR_I005_SEC.text,ISR_I006_SEC.text,TASK_T004_SEC.text,TASK_T005_SEC.text,TASK_T006_SEC.text,OSAPP_A04_SEC.text,ISR_I105_SEC.text,ISR_I106_SEC.text,TASK_T104_SEC.text,TASK_T105_SEC.text,TASK_T106_SEC.text,GLOBAL_RAM_B.text/00008000,RESET_PE2,EIINTTBL_PE2,.const,IOC_RESERVED_SEC.const,USER_SHARED_SEC.const,LOCAL_RAM_PE1.const,LOCAL_RAM_PE2.const,SELF_AREA.const,OSAPP_A01_SEC.const,ISR_I001_SEC.const,ISR_I002_SEC.const,ISR_I003_SEC.const,ISR_I004_SEC.const,TASK_T001_SEC.const,TASK_T002_SEC.const,TASK_T003_SEC.const,OSAPP_A02_SEC.const,ISR_I101_SEC.const,ISR_I102_SEC.const,ISR_I103_SEC.const,ISR_I104_SEC.const,TASK_T101_SEC.const,TASK_T102_SEC.const,TASK_T103_SEC.const,OSAPP_A03_SEC.const,ISR_I005_SEC.const,ISR_I006_SEC.const,TASK_T004_SEC.const,TASK_T005_SEC.const,TASK_T006_SEC.const,OSAPP_A04_SEC.const,ISR_I105_SEC.const,ISR_I106_SEC.const,TASK_T104_SEC.const,TASK_T105_SEC.const,TASK_T106_SEC.const,TASK_SysTask_core0.const,TASK_SysTask_core1.const,GLOBAL_RAM_A.const,RETENTION_RAM.const,GLOBAL_RAM_B.const,.data,IOC_RESERVED_SEC.data,USER_SHARED_SEC.data,LOCAL_RAM_PE1.data,LOCAL_RAM_PE2.data,SELF_AREA.data,OSAPP_A01_SEC.data,ISR_I001_SEC.data,ISR_I002_SEC.data,ISR_I003_SEC.data,ISR_I004_SEC.data,TASK_T001_SEC.data,TASK_T002_SEC.data,TASK_T003_SEC.data,OSAPP_A02_SEC.data,ISR_I101_SEC.data,ISR_I102_SEC.data,ISR_I103_SEC.data,ISR_I104_SEC.data,TASK_T101_SEC.data,TASK_T102_SEC.data,TASK_T103_SEC.data,OSAPP_A03_SEC.data,ISR_I005_SEC.data,ISR_I006_SEC.data,TASK_T004_SEC.data,TASK_T005_SEC.data,TASK_T006_SEC.data,OSAPP_A04_SEC.data,ISR_I105_SEC.data,ISR_I106_SEC.data,TASK_T104_SEC.data,TASK_T105_SEC.data,TASK_T106_SEC.data,TASK_SysTask_core0.data,TASK_SysTask_core1.data,GLOBAL_RAM_A.data,RETENTION_RAM.data,GLOBAL_RAM_B.data/00800000,LOCAL_RAM_PE2.bss,LOCAL_RAM_PE2.data.R,OSAPP_A02_SEC.bss,OSAPP_A02_SEC.data.R,ISR_I101_SEC.bss,ISR_I101_SEC.data.R,ISR_I102_SEC.bss,ISR_I102_SEC.data.R,ISR_I103_SEC.bss,ISR_I103_SEC.data.R,ISR_I104_SEC.bss,ISR_I104_SEC.data.R,TASK_T101_SEC.bss,TASK_T101_SEC.data.R,TASK_T102_SEC.bss,TASK_T102_SEC.data.R,TASK_T103_SEC.bss,TASK_T103_SEC.data.R,OSAPP_A04_SEC.bss,OSAPP_A04_SEC.data.R,ISR_I105_SEC.bss,ISR_I105_SEC.data.R,ISR_I106_SEC.bss,ISR_I106_SEC.data.R,TASK_T104_SEC.bss,TASK_T104_SEC.data.R,TASK_T105_SEC.bss,TASK_T105_SEC.data.R,TASK_T106_SEC.bss,TASK_T106_SEC.data.R,TASK_SysTask_core1.bss,TASK_SysTask_core1.data.R,ALL_TASK_ISR_STACK_PE2.bss,system_pe2_stack.bss/FE9E0000,LOCAL_RAM_PE1.bss,LOCAL_RAM_PE1.data.R,OSAPP_A01_SEC.bss,OSAPP_A01_SEC.data.R,ISR_I001_SEC.bss,ISR_I001_SEC.data.R,ISR_I002_SEC.bss,ISR_I002_SEC.data.R,ISR_I003_SEC.bss,ISR_I003_SEC.data.R,ISR_I004_SEC.bss,ISR_I004_SEC.data.R,TASK_T001_SEC.bss,TASK_T001_SEC.data.R,TASK_T002_SEC.bss,TASK_T002_SEC.data.R,TASK_T003_SEC.bss,TASK_T003_SEC.data.R,OSAPP_A03_SEC.bss,OSAPP_A03_SEC.data.R,ISR_I005_SEC.bss,ISR_I005_SEC.data.R,ISR_I006_SEC.bss,ISR_I006_SEC.data.R,TASK_T004_SEC.bss,TASK_T004_SEC.data.R,TASK_T005_SEC.bss,TASK_T005_SEC.data.R,TASK_T006_SEC.bss,TASK_T006_SEC.data.R,TASK_SysTask_core0.bss,TASK_SysTask_core0.data.R,ALL_TASK_ISR_STACK_PE1.bss,system_pe1_stack.bss/FEBC0000,SELF_AREA.bss,SELF_AREA.data.R/FEDFE000,IOC_RESERVED_SEC.bss,IOC_RESERVED_SEC.data.R,GLOBAL_RAM_A.bss,GLOBAL_RAM_A.data.R/FEEF8000,.bss,.data.R,RETENTION_RAM.bss,RETENTION_RAM.data.R/FEF01000,USER_SHARED_SEC.bss,USER_SHARED_SEC.data.R,GLOBAL_RAM_B.bss,GLOBAL_RAM_B.data.R/FEFF8000
-rom=.data=.data.R,IOC_RESERVED_SEC.data=IOC_RESERVED_SEC.data.R,USER_SHARED_SEC.data=USER_SHARED_SEC.data.R,LOCAL_RAM_PE2.data=LOCAL_RAM_PE2.data.R,LOCAL_RAM_PE1.data=LOCAL_RAM_PE1.data.R,SELF_AREA.data=SELF_AREA.data.R,GLOBAL_RAM_A.data=GLOBAL_RAM_A.data.R,RETENTION_RAM.data=RETENTION_RAM.data.R,GLOBAL_RAM_B.data=GLOBAL_RAM_B.data.R,OSAPP_A01_SEC.data=OSAPP_A01_SEC.data.R,ISR_I001_SEC.data=ISR_I001_SEC.data.R,ISR_I002_SEC.data=ISR_I002_SEC.data.R,ISR_I003_SEC.data=ISR_I003_SEC.data.R,ISR_I004_SEC.data=ISR_I004_SEC.data.R,TASK_T001_SEC.data=TASK_T001_SEC.data.R,TASK_T002_SEC.data=TASK_T002_SEC.data.R,TASK_T003_SEC.data=TASK_T003_SEC.data.R,OSAPP_A02_SEC.data=OSAPP_A02_SEC.data.R,ISR_I101_SEC.data=ISR_I101_SEC.data.R,ISR_I102_SEC.data=ISR_I102_SEC.data.R,ISR_I103_SEC.data=ISR_I103_SEC.data.R,ISR_I104_SEC.data=ISR_I104_SEC.data.R,TASK_T101_SEC.data=TASK_T101_SEC.data.R,TASK_T102_SEC.data=TASK_T102_SEC.data.R,TASK_T103_SEC.data=TASK_T103_SEC.data.R,OSAPP_A03_SEC.data=OSAPP_A03_SEC.data.R,ISR_I005_SEC.data=ISR_I005_SEC.data.R,ISR_I006_SEC.data=ISR_I006_SEC.data.R,TASK_T004_SEC.data=TASK_T004_SEC.data.R,TASK_T005_SEC.data=TASK_T005_SEC.data.R,TASK_T006_SEC.data=TASK_T006_SEC.data.R,OSAPP_A04_SEC.data=OSAPP_A04_SEC.data.R,ISR_I105_SEC.data=ISR_I105_SEC.data.R,ISR_I106_SEC.data=ISR_I106_SEC.data.R,TASK_T104_SEC.data=TASK_T104_SEC.data.R,TASK_T105_SEC.data=TASK_T105_SEC.data.R,TASK_T106_SEC.data=TASK_T106_SEC.data.R,TASK_SysTask_core0.data=TASK_SysTask_core0.data.R,TASK_SysTask_core1.data=TASK_SysTask_core1.data.R
-memory=high
-nologo
-end

*** Error information ***

W0561120:Section address is not assigned to "TASK_SysTask_core0.text"
W0561120:Section address is not assigned to "TASK_SysTask_core1.text"

*** Mapping List ***

SECTION                            START      END         SIZE   ALIGN
RESET_PE1
                                  00000000  000001f7       1f8   200
EIINTTBL_PE1
                                  00000200  0000077b       57c   200
SYSTEMCALLTBL
                                  00000800  00000863        64   200
.text
                                  00008000  00022be1     1abe2   2
IOC_RESERVED_SEC.text
                                  00022be2  00022be3         2   2
USER_SHARED_SEC.text
                                  00022be4  0002306f       48c   2
LOCAL_RAM_PE1.text
                                  00023070  00023071         2   2
LOCAL_RAM_PE2.text
                                  00023072  00023073         2   2
SELF_AREA.text
                                  00023074  00023075         2   2
GLOBAL_RAM_A.text
                                  00023076  00023077         2   2
RETENTION_RAM.text
                                  00023078  00023079         2   2
OSAPP_A01_SEC.text
                                  0002307a  000243dd      1364   2
ISR_I001_SEC.text
                                  000243de  000243f1        14   2
ISR_I002_SEC.text
                                  000243f2  00024405        14   2
ISR_I003_SEC.text
                                  00024406  00024419        14   2
ISR_I004_SEC.text
                                  0002441a  0002442d        14   2
TASK_T001_SEC.text
                                  0002442e  0002449f        72   2
TASK_T002_SEC.text
                                  000244a0  000244df        40   2
TASK_T003_SEC.text
                                  000244e0  000244f9        1a   2
OSAPP_A02_SEC.text
                                  000244fa  00024ceb       7f2   2
ISR_I101_SEC.text
                                  00024cec  00024cff        14   2
ISR_I102_SEC.text
                                  00024d00  00024d13        14   2
ISR_I103_SEC.text
                                  00024d14  00024d27        14   2
ISR_I104_SEC.text
                                  00024d28  00024d3b        14   2
TASK_T101_SEC.text
                                  00024d3c  00024da3        68   2
TASK_T102_SEC.text
                                  00024da4  00024da7         4   2
TASK_T103_SEC.text
                                  00024da8  00024dab         4   2
OSAPP_A03_SEC.text
                                  00024dac  000258e7       b3c   2
ISR_I005_SEC.text
                                  000258e8  000258fb        14   2
ISR_I006_SEC.text
                                  000258fc  0002590f        14   2
TASK_T004_SEC.text
                                  00025910  00025933        24   2
TASK_T005_SEC.text
                                  00025934  0002594b        18   2
TASK_T006_SEC.text
                                  0002594c  00025963        18   2
OSAPP_A04_SEC.text
                                  00025964  00025ac1       15e   2
ISR_I105_SEC.text
                                  00025ac2  00025ad5        14   2
ISR_I106_SEC.text
                                  00025ad6  00025ae9        14   2
TASK_T104_SEC.text
                                  00025aea  00025af7         e   2
TASK_T105_SEC.text
                                  00025af8  00025b05         e   2
TASK_T106_SEC.text
                                  00025b06  00025b13         e   2
GLOBAL_RAM_B.text
                                  00025b14  00025b15         2   2
RESET_PE2
                                  00800000  008001f7       1f8   200
EIINTTBL_PE2
                                  00800200  008009ff       800   200
.const
                                  00800a00  00801bf6      11f7   4
IOC_RESERVED_SEC.const
                                  00801bf8  00801bfb         4   4
USER_SHARED_SEC.const
                                  00801bfc  00801bff         4   4
LOCAL_RAM_PE1.const
                                  00801c00  00801c03         4   4
LOCAL_RAM_PE2.const
                                  00801c04  00801c07         4   4
SELF_AREA.const
                                  00801c08  00801c0b         4   4
OSAPP_A01_SEC.const
                                  00801c0c  00801e5e       253   4
ISR_I001_SEC.const
                                  00801e60  00801e7b        1c   4
ISR_I002_SEC.const
                                  00801e7c  00801e97        1c   4
ISR_I003_SEC.const
                                  00801e98  00801eb3        1c   4
ISR_I004_SEC.const
                                  00801eb4  00801ecf        1c   4
TASK_T001_SEC.const
                                  00801ed0  00801ef7        28   4
TASK_T002_SEC.const
                                  00801ef8  00801f1b        24   4
TASK_T003_SEC.const
                                  00801f1c  00801f1f         4   4
OSAPP_A02_SEC.const
                                  00801f20  00802155       236   4
ISR_I101_SEC.const
                                  00802158  00802172        1b   4
ISR_I102_SEC.const
                                  00802174  0080218e        1b   4
ISR_I103_SEC.const
                                  00802190  008021aa        1b   4
ISR_I104_SEC.const
                                  008021ac  008021c6        1b   4
TASK_T101_SEC.const
                                  008021c8  00802218        51   4
TASK_T102_SEC.const
                                  0080221c  0080221f         4   4
TASK_T103_SEC.const
                                  00802220  00802223         4   4
OSAPP_A03_SEC.const
                                  00802224  0080246c       249   4
ISR_I005_SEC.const
                                  00802470  0080248b        1c   4
ISR_I006_SEC.const
                                  0080248c  008024a7        1c   4
TASK_T004_SEC.const
                                  008024a8  008024b7        10   4
TASK_T005_SEC.const
                                  008024b8  008024c7        10   4
TASK_T006_SEC.const
                                  008024c8  008024d7        10   4
OSAPP_A04_SEC.const
                                  008024d8  008026bc       1e5   4
ISR_I105_SEC.const
                                  008026c0  008026da        1b   4
ISR_I106_SEC.const
                                  008026dc  008026f6        1b   4
TASK_T104_SEC.const
                                  008026f8  008026fb         4   4
TASK_T105_SEC.const
                                  008026fc  008026ff         4   4
TASK_T106_SEC.const
                                  00802700  00802703         4   4
TASK_SysTask_core0.const
                                  00802704  00802707         4   4
TASK_SysTask_core1.const
                                  00802708  0080270b         4   4
GLOBAL_RAM_A.const
                                  0080270c  0080270f         4   4
RETENTION_RAM.const
                                  00802710  00802713         4   4
GLOBAL_RAM_B.const
                                  00802714  00802717         4   4
.data
                                  00802718  008040cb      19b4   4
IOC_RESERVED_SEC.data
                                  008040cc  008040cf         4   4
USER_SHARED_SEC.data
                                  008040d0  00804123        54   4
LOCAL_RAM_PE1.data
                                  00804124  00804129         6   4
LOCAL_RAM_PE2.data
                                  0080412c  0080412f         4   4
SELF_AREA.data
                                  00804130  00804133         4   4
OSAPP_A01_SEC.data
                                  00804134  0080413d         a   4
ISR_I001_SEC.data
                                  00804140  00804143         4   4
ISR_I002_SEC.data
                                  00804144  0080414b         8   4
ISR_I003_SEC.data
                                  0080414c  0080414f         4   4
ISR_I004_SEC.data
                                  00804150  00804153         4   4
TASK_T001_SEC.data
                                  00804154  0080415b         8   4
TASK_T002_SEC.data
                                  0080415c  00804163         8   4
TASK_T003_SEC.data
                                  00804164  00804167         4   4
OSAPP_A02_SEC.data
                                  00804168  0080416f         8   4
ISR_I101_SEC.data
                                  00804170  00804173         4   4
ISR_I102_SEC.data
                                  00804174  00804177         4   4
ISR_I103_SEC.data
                                  00804178  0080417b         4   4
ISR_I104_SEC.data
                                  0080417c  0080417f         4   4
TASK_T101_SEC.data
                                  00804180  00804183         4   4
TASK_T102_SEC.data
                                  00804184  00804187         4   4
TASK_T103_SEC.data
                                  00804188  0080418b         4   4
OSAPP_A03_SEC.data
                                  0080418c  00804197         c   4
ISR_I005_SEC.data
                                  00804198  0080419b         4   4
ISR_I006_SEC.data
                                  0080419c  0080419f         4   4
TASK_T004_SEC.data
                                  008041a0  008041a3         4   4
TASK_T005_SEC.data
                                  008041a4  008041a7         4   4
TASK_T006_SEC.data
                                  008041a8  008041ab         4   4
OSAPP_A04_SEC.data
                                  008041ac  008041b3         8   4
ISR_I105_SEC.data
                                  008041b4  008041b7         4   4
ISR_I106_SEC.data
                                  008041b8  008041bb         4   4
TASK_T104_SEC.data
                                  008041bc  008041bf         4   4
TASK_T105_SEC.data
                                  008041c0  008041c3         4   4
TASK_T106_SEC.data
                                  008041c4  008041c7         4   4
TASK_SysTask_core0.data
                                  008041c8  008041cb         4   4
TASK_SysTask_core1.data
                                  008041cc  008041cf         4   4
GLOBAL_RAM_A.data
                                  008041d0  008041d3         4   4
RETENTION_RAM.data
                                  008041d4  008041d7         4   4
GLOBAL_RAM_B.data
                                  008041d8  008041db         4   4
LOCAL_RAM_PE2.bss
                                  fe9e0000  fe9e0003         4   4
LOCAL_RAM_PE2.data.R
                                  fe9e0004  fe9e0007         4   4
OSAPP_A02_SEC.bss
                                  fe9e0008  fe9e000b         4   4
OSAPP_A02_SEC.data.R
                                  fe9e000c  fe9e0013         8   4
ISR_I101_SEC.bss
                                  fe9e0014  fe9e0017         4   4
ISR_I101_SEC.data.R
                                  fe9e0018  fe9e001b         4   4
ISR_I102_SEC.bss
                                  fe9e001c  fe9e001f         4   4
ISR_I102_SEC.data.R
                                  fe9e0020  fe9e0023         4   4
ISR_I103_SEC.bss
                                  fe9e0024  fe9e0027         4   4
ISR_I103_SEC.data.R
                                  fe9e0028  fe9e002b         4   4
ISR_I104_SEC.bss
                                  fe9e002c  fe9e002f         4   4
ISR_I104_SEC.data.R
                                  fe9e0030  fe9e0033         4   4
TASK_T101_SEC.bss
                                  fe9e0034  fe9e0037         4   4
TASK_T101_SEC.data.R
                                  fe9e0038  fe9e003b         4   4
TASK_T102_SEC.bss
                                  fe9e003c  fe9e003f         4   4
TASK_T102_SEC.data.R
                                  fe9e0040  fe9e0043         4   4
TASK_T103_SEC.bss
                                  fe9e0044  fe9e0047         4   4
TASK_T103_SEC.data.R
                                  fe9e0048  fe9e004b         4   4
OSAPP_A04_SEC.bss
                                  fe9e004c  fe9e004f         4   4
OSAPP_A04_SEC.data.R
                                  fe9e0050  fe9e0057         8   4
ISR_I105_SEC.bss
                                  fe9e0058  fe9e005b         4   4
ISR_I105_SEC.data.R
                                  fe9e005c  fe9e005f         4   4
ISR_I106_SEC.bss
                                  fe9e0060  fe9e0063         4   4
ISR_I106_SEC.data.R
                                  fe9e0064  fe9e0067         4   4
TASK_T104_SEC.bss
                                  fe9e0068  fe9e006b         4   4
TASK_T104_SEC.data.R
                                  fe9e006c  fe9e006f         4   4
TASK_T105_SEC.bss
                                  fe9e0070  fe9e0073         4   4
TASK_T105_SEC.data.R
                                  fe9e0074  fe9e0077         4   4
TASK_T106_SEC.bss
                                  fe9e0078  fe9e007b         4   4
TASK_T106_SEC.data.R
                                  fe9e007c  fe9e007f         4   4
TASK_SysTask_core1.bss
                                  fe9e0080  fe9e0093        14   4
TASK_SysTask_core1.data.R
                                  fe9e0094  fe9e0097         4   4
ALL_TASK_ISR_STACK_PE2.bss
                                  fe9e0098  fe9e1897      1800   4
system_pe2_stack.bss
                                  fe9e1898  fe9e1c97       400   4
LOCAL_RAM_PE1.bss
                                  febc0000  febc0003         4   4
LOCAL_RAM_PE1.data.R
                                  febc0004  febc0009         6   4
OSAPP_A01_SEC.bss
                                  febc000c  febc000f         4   4
OSAPP_A01_SEC.data.R
                                  febc0010  febc0019         a   4
ISR_I001_SEC.bss
                                  febc001c  febc001f         4   4
ISR_I001_SEC.data.R
                                  febc0020  febc0023         4   4
ISR_I002_SEC.bss
                                  febc0024  febc0027         4   4
ISR_I002_SEC.data.R
                                  febc0028  febc002f         8   4
ISR_I003_SEC.bss
                                  febc0030  febc0033         4   4
ISR_I003_SEC.data.R
                                  febc0034  febc0037         4   4
ISR_I004_SEC.bss
                                  febc0038  febc003b         4   4
ISR_I004_SEC.data.R
                                  febc003c  febc003f         4   4
TASK_T001_SEC.bss
                                  febc0040  febc0043         4   4
TASK_T001_SEC.data.R
                                  febc0044  febc004b         8   4
TASK_T002_SEC.bss
                                  febc004c  febc004f         4   4
TASK_T002_SEC.data.R
                                  febc0050  febc0057         8   4
TASK_T003_SEC.bss
                                  febc0058  febc005b         4   4
TASK_T003_SEC.data.R
                                  febc005c  febc005f         4   4
OSAPP_A03_SEC.bss
                                  febc0060  febc0063         4   4
OSAPP_A03_SEC.data.R
                                  febc0064  febc006f         c   4
ISR_I005_SEC.bss
                                  febc0070  febc0073         4   4
ISR_I005_SEC.data.R
                                  febc0074  febc0077         4   4
ISR_I006_SEC.bss
                                  febc0078  febc007b         4   4
ISR_I006_SEC.data.R
                                  febc007c  febc007f         4   4
TASK_T004_SEC.bss
                                  febc0080  febc0083         4   4
TASK_T004_SEC.data.R
                                  febc0084  febc0087         4   4
TASK_T005_SEC.bss
                                  febc0088  febc008b         4   4
TASK_T005_SEC.data.R
                                  febc008c  febc008f         4   4
TASK_T006_SEC.bss
                                  febc0090  febc0093         4   4
TASK_T006_SEC.data.R
                                  febc0094  febc0097         4   4
TASK_SysTask_core0.bss
                                  febc0098  febc00ab        14   4
TASK_SysTask_core0.data.R
                                  febc00ac  febc00af         4   4
ALL_TASK_ISR_STACK_PE1.bss
                                  febc00b0  febc18af      1800   4
system_pe1_stack.bss
                                  febc18b0  febc1caf       400   4
SELF_AREA.bss
                                  fedfe000  fedfe053        54   4
SELF_AREA.data.R
                                  fedfe054  fedfe057         4   4
IOC_RESERVED_SEC.bss
                                  feef8000  feef8003         4   4
IOC_RESERVED_SEC.data.R
                                  feef8004  feef8007         4   4
GLOBAL_RAM_A.bss
                                  feef8008  feef802b        24   4
GLOBAL_RAM_A.data.R
                                  feef802c  feef802f         4   4
.bss
                                  fef01000  fef02dd7      1dd8   4
.data.R
                                  fef02dd8  fef0478b      19b4   4
RETENTION_RAM.bss
                                  fef0478c  fef0478f         4   4
RETENTION_RAM.data.R
                                  fef04790  fef04793         4   4
USER_SHARED_SEC.bss
                                  feff8000  feff8117       118   4
USER_SHARED_SEC.data.R
                                  feff8118  feff816b        54   4
GLOBAL_RAM_B.bss
                                  feff816c  feff816f         4   4
GLOBAL_RAM_B.data.R
                                  feff8170  feff8173         4   4
TASK_SysTask_core0.text
                                  feff8174  feff8175         2   2
TASK_SysTask_core1.text
                                  feff8176  feff8177         2   2
