Renesas Optimizing Linker (W3.05.00 )             21-Feb-2024 22:37:03

*** Options ***

-MAKEUD=DefaultBuild\MilkshopAUTOSAR.lk.ud
-subcommand=DefaultBuild\MilkshopAUTOSAR.clnk
-input=DefaultBuild\alarm.obj
-input=DefaultBuild\event.obj
-input=DefaultBuild\isr2.obj
-input=DefaultBuild\resource.obj
-input=DefaultBuild\scheduler.obj
-input=DefaultBuild\system.obj
-input=DefaultBuild\task.obj
-input=DefaultBuild\alarm_Cfg.obj
-input=DefaultBuild\event_Cfg.obj
-input=DefaultBuild\isr_Cfg.obj
-input=DefaultBuild\resource_Cfg.obj
-input=DefaultBuild\task_Cfg.obj
-input=DefaultBuild\board.obj
-input=DefaultBuild\boot.obj
-input=DefaultBuild\context.obj
-input=DefaultBuild\cstart1.obj
-input=DefaultBuild\cstart2.obj
-input=DefaultBuild\GPIO.obj
-input=DefaultBuild\ISRInit.obj
-input=DefaultBuild\timer.obj
-input=DefaultBuild\r_clkc.obj
-input=DefaultBuild\r_intc.obj
-input=DefaultBuild\r_port.obj
-input=DefaultBuild\r_rlin.obj
-input=DefaultBuild\r_uart.obj
-input=DefaultBuild\r_lin.obj
-input=DefaultBuild\hook.obj
-input=DefaultBuild\main_pe2.obj
-input=DefaultBuild\main.obj
-input=DefaultBuild\application_Cfg.obj
-input=DefaultBuild\memprot_Cfg.obj
-input=DefaultBuild\os_Cfg.obj
-input=DefaultBuild\spinlock_Cfg.obj
-input=DefaultBuild\timingprot_Cfg.obj
-input=DefaultBuild\application.obj
-input=DefaultBuild\spinlock.obj
-input=DefaultBuild\timingprot.obj
-input=DefaultBuild\boot2.obj
-input=DefaultBuild\core.obj
-input=DefaultBuild\lock.obj
-input=DefaultBuild\memprot.obj
-input=DefaultBuild\systemcall.obj
-input=DefaultBuild\counter_Cfg.obj
-input=DefaultBuild\counter.obj
-input=DefaultBuild\ScheduleTable.obj
-input=DefaultBuild\scheduleTable_Cfg.obj
-input=DefaultBuild\string_format_test.obj
-input=DefaultBuild\softwaretimer_Cfg.obj
-input=DefaultBuild\softwaretimer.obj
-input=DefaultBuild\app2.obj
-input=DefaultBuild\app3.obj
-input=DefaultBuild\app4.obj
-input=DefaultBuild\trustedfunc_Cfg.obj
-input=DefaultBuild\app1.obj
-input=DefaultBuild\peripheral.obj
-input=DefaultBuild\Ioc.obj
-input=DefaultBuild\Rte_Controller_ReTxAcc.obj
-input=DefaultBuild\Rte_Controller_ReTxSpd.obj
-input=DefaultBuild\Rte_Controller_ReTxTemp.obj
-input=DefaultBuild\Rte_Observation_ReRxAcc.obj
-input=DefaultBuild\Rte_Observation_ReRxSpd.obj
-input=DefaultBuild\Rte_Observation_ReRxTemp.obj
-input=DefaultBuild\Rte_Observation2_ReRxAcc2.obj
-input=DefaultBuild\Rte_Observation2_ReRxSpd2.obj
-input=DefaultBuild\Rte_Observation2_ReRxTemp2.obj
-input=DefaultBuild\ioc_data_management.obj
-input=DefaultBuild\ring_buffer.obj
-input=DefaultBuild\rte_data_management.obj
-debug
-nocompress
-NOOPtimize
-output=DefaultBuild\MilkshopAUTOSAR.abs
-library=v850e3v5\rhf8n.lib
-library=v850e3v5\libmalloc.lib
-list=DefaultBuild\MilkshopAUTOSAR.map
-start=RESET_PE1,EIINTTBL_PE1,SYSTEMCALLTBL/0,.text,IOC_RESERVED_SEC.text,USER_SHARED_SEC.text,LOCAL_RAM_PE1.text,LOCAL_RAM_PE2.text,SELF_AREA.text,GLOBAL_RAM_A.text,RETENTION_RAM.text,OSAPP_A01_SEC.text,ISR_I001_SEC.text,ISR_I002_SEC.text,ISR_I003_SEC.text,ISR_I004_SEC.text,TASK_T001_SEC.text,TASK_T002_SEC.text,TASK_T003_SEC.text,OSAPP_A02_SEC.text,ISR_I101_SEC.text,ISR_I102_SEC.text,ISR_I103_SEC.text,ISR_I104_SEC.text,TASK_T101_SEC.text,TASK_T102_SEC.text,TASK_T103_SEC.text,OSAPP_A03_SEC.text,ISR_I005_SEC.text,ISR_I006_SEC.text,TASK_T004_SEC.text,TASK_T005_SEC.text,TASK_T006_SEC.text,OSAPP_A04_SEC.text,ISR_I105_SEC.text,ISR_I106_SEC.text,TASK_T104_SEC.text,TASK_T105_SEC.text,TASK_T106_SEC.text,GLOBAL_RAM_B.text/00008000,RESET_PE2,EIINTTBL_PE2,.const,IOC_RESERVED_SEC.const,USER_SHARED_SEC.const,LOCAL_RAM_PE1.const,LOCAL_RAM_PE2.const,SELF_AREA.const,OSAPP_A01_SEC.const,ISR_I001_SEC.const,ISR_I002_SEC.const,ISR_I003_SEC.const,ISR_I004_SEC.const,TASK_T001_SEC.const,TASK_T002_SEC.const,TASK_T003_SEC.const,OSAPP_A02_SEC.const,ISR_I101_SEC.const,ISR_I102_SEC.const,ISR_I103_SEC.const,ISR_I104_SEC.const,TASK_T101_SEC.const,TASK_T102_SEC.const,TASK_T103_SEC.const,OSAPP_A03_SEC.const,ISR_I005_SEC.const,ISR_I006_SEC.const,TASK_T004_SEC.const,TASK_T005_SEC.const,TASK_T006_SEC.const,OSAPP_A04_SEC.const,ISR_I105_SEC.const,ISR_I106_SEC.const,TASK_T104_SEC.const,TASK_T105_SEC.const,TASK_T106_SEC.const,TASK_SysTask_core0.const,TASK_SysTask_core1.const,GLOBAL_RAM_A.const,RETENTION_RAM.const,GLOBAL_RAM_B.const,.data,IOC_RESERVED_SEC.data,USER_SHARED_SEC.data,LOCAL_RAM_PE1.data,LOCAL_RAM_PE2.data,SELF_AREA.data,OSAPP_A01_SEC.data,ISR_I001_SEC.data,ISR_I002_SEC.data,ISR_I003_SEC.data,ISR_I004_SEC.data,TASK_T001_SEC.data,TASK_T002_SEC.data,TASK_T003_SEC.data,OSAPP_A02_SEC.data,ISR_I101_SEC.data,ISR_I102_SEC.data,ISR_I103_SEC.data,ISR_I104_SEC.data,TASK_T101_SEC.data,TASK_T102_SEC.data,TASK_T103_SEC.data,OSAPP_A03_SEC.data,ISR_I005_SEC.data,ISR_I006_SEC.data,TASK_T004_SEC.data,TASK_T005_SEC.data,TASK_T006_SEC.data,OSAPP_A04_SEC.data,ISR_I105_SEC.data,ISR_I106_SEC.data,TASK_T104_SEC.data,TASK_T105_SEC.data,TASK_T106_SEC.data,TASK_SysTask_core0.data,TASK_SysTask_core1.data,GLOBAL_RAM_A.data,RETENTION_RAM.data,GLOBAL_RAM_B.data/00800000,LOCAL_RAM_PE2.bss,LOCAL_RAM_PE2.data.R,OSAPP_A02_SEC.bss,OSAPP_A02_SEC.data.R,ISR_I101_SEC.bss,ISR_I101_SEC.data.R,ISR_I102_SEC.bss,ISR_I102_SEC.data.R,ISR_I103_SEC.bss,ISR_I103_SEC.data.R,ISR_I104_SEC.bss,ISR_I104_SEC.data.R,TASK_T101_SEC.bss,TASK_T101_SEC.data.R,TASK_T102_SEC.bss,TASK_T102_SEC.data.R,TASK_T103_SEC.bss,TASK_T103_SEC.data.R,OSAPP_A04_SEC.bss,OSAPP_A04_SEC.data.R,ISR_I105_SEC.bss,ISR_I105_SEC.data.R,ISR_I106_SEC.bss,ISR_I106_SEC.data.R,TASK_T104_SEC.bss,TASK_T104_SEC.data.R,TASK_T105_SEC.bss,TASK_T105_SEC.data.R,TASK_T106_SEC.bss,TASK_T106_SEC.data.R,TASK_SysTask_core1.bss,TASK_SysTask_core1.data.R,ALL_TASK_ISR_STACK_PE2.bss,system_pe2_stack.bss/FE9E0000,LOCAL_RAM_PE1.bss,LOCAL_RAM_PE1.data.R,OSAPP_A01_SEC.bss,OSAPP_A01_SEC.data.R,ISR_I001_SEC.bss,ISR_I001_SEC.data.R,ISR_I002_SEC.bss,ISR_I002_SEC.data.R,ISR_I003_SEC.bss,ISR_I003_SEC.data.R,ISR_I004_SEC.bss,ISR_I004_SEC.data.R,TASK_T001_SEC.bss,TASK_T001_SEC.data.R,TASK_T002_SEC.bss,TASK_T002_SEC.data.R,TASK_T003_SEC.bss,TASK_T003_SEC.data.R,OSAPP_A03_SEC.bss,OSAPP_A03_SEC.data.R,ISR_I005_SEC.bss,ISR_I005_SEC.data.R,ISR_I006_SEC.bss,ISR_I006_SEC.data.R,TASK_T004_SEC.bss,TASK_T004_SEC.data.R,TASK_T005_SEC.bss,TASK_T005_SEC.data.R,TASK_T006_SEC.bss,TASK_T006_SEC.data.R,TASK_SysTask_core0.bss,TASK_SysTask_core0.data.R,ALL_TASK_ISR_STACK_PE1.bss,system_pe1_stack.bss/FEBC0000,SELF_AREA.bss,SELF_AREA.data.R/FEDFE000,IOC_RESERVED_SEC.bss,IOC_RESERVED_SEC.data.R,GLOBAL_RAM_A.bss,GLOBAL_RAM_A.data.R/FEEF8000,.bss,.data.R,RETENTION_RAM.bss,RETENTION_RAM.data.R/FEF01000,USER_SHARED_SEC.bss,USER_SHARED_SEC.data.R,GLOBAL_RAM_B.bss,GLOBAL_RAM_B.data.R/FEFF8000
-rom=.data=.data.R,IOC_RESERVED_SEC.data=IOC_RESERVED_SEC.data.R,USER_SHARED_SEC.data=USER_SHARED_SEC.data.R,LOCAL_RAM_PE2.data=LOCAL_RAM_PE2.data.R,LOCAL_RAM_PE1.data=LOCAL_RAM_PE1.data.R,SELF_AREA.data=SELF_AREA.data.R,GLOBAL_RAM_A.data=GLOBAL_RAM_A.data.R,RETENTION_RAM.data=RETENTION_RAM.data.R,GLOBAL_RAM_B.data=GLOBAL_RAM_B.data.R,OSAPP_A01_SEC.data=OSAPP_A01_SEC.data.R,ISR_I001_SEC.data=ISR_I001_SEC.data.R,ISR_I002_SEC.data=ISR_I002_SEC.data.R,ISR_I003_SEC.data=ISR_I003_SEC.data.R,ISR_I004_SEC.data=ISR_I004_SEC.data.R,TASK_T001_SEC.data=TASK_T001_SEC.data.R,TASK_T002_SEC.data=TASK_T002_SEC.data.R,TASK_T003_SEC.data=TASK_T003_SEC.data.R,OSAPP_A02_SEC.data=OSAPP_A02_SEC.data.R,ISR_I101_SEC.data=ISR_I101_SEC.data.R,ISR_I102_SEC.data=ISR_I102_SEC.data.R,ISR_I103_SEC.data=ISR_I103_SEC.data.R,ISR_I104_SEC.data=ISR_I104_SEC.data.R,TASK_T101_SEC.data=TASK_T101_SEC.data.R,TASK_T102_SEC.data=TASK_T102_SEC.data.R,TASK_T103_SEC.data=TASK_T103_SEC.data.R,OSAPP_A03_SEC.data=OSAPP_A03_SEC.data.R,ISR_I005_SEC.data=ISR_I005_SEC.data.R,ISR_I006_SEC.data=ISR_I006_SEC.data.R,TASK_T004_SEC.data=TASK_T004_SEC.data.R,TASK_T005_SEC.data=TASK_T005_SEC.data.R,TASK_T006_SEC.data=TASK_T006_SEC.data.R,OSAPP_A04_SEC.data=OSAPP_A04_SEC.data.R,ISR_I105_SEC.data=ISR_I105_SEC.data.R,ISR_I106_SEC.data=ISR_I106_SEC.data.R,TASK_T104_SEC.data=TASK_T104_SEC.data.R,TASK_T105_SEC.data=TASK_T105_SEC.data.R,TASK_T106_SEC.data=TASK_T106_SEC.data.R,TASK_SysTask_core0.data=TASK_SysTask_core0.data.R,TASK_SysTask_core1.data=TASK_SysTask_core1.data.R
-memory=high
-nologo
-end

*** Error information ***

W0561120:Section address is not assigned to "TASK_SysTask_core0.text"
W0561120:Section address is not assigned to "TASK_SysTask_core1.text"

*** Mapping List ***

SECTION                            START      END         SIZE   ALIGN
RESET_PE1
                                  00000000  000001f7       1f8   200
EIINTTBL_PE1
                                  00000200  0000077b       57c   200
SYSTEMCALLTBL
                                  00000800  00000863        64   200
.text
                                  00008000  000237c9     1b7ca   2
IOC_RESERVED_SEC.text
                                  000237ca  000237cb         2   2
USER_SHARED_SEC.text
                                  000237cc  000237cd         2   2
LOCAL_RAM_PE1.text
                                  000237ce  000237cf         2   2
LOCAL_RAM_PE2.text
                                  000237d0  000237d1         2   2
SELF_AREA.text
                                  000237d2  000237d3         2   2
GLOBAL_RAM_A.text
                                  000237d4  000237d5         2   2
RETENTION_RAM.text
                                  000237d6  000237d7         2   2
OSAPP_A01_SEC.text
                                  000237d8  000239e5       20e   2
ISR_I001_SEC.text
                                  000239e6  000239f9        14   2
ISR_I002_SEC.text
                                  000239fa  00023a0d        14   2
ISR_I003_SEC.text
                                  00023a0e  00023a21        14   2
ISR_I004_SEC.text
                                  00023a22  00023a35        14   2
TASK_T001_SEC.text
                                  00023a36  00023a51        1c   2
TASK_T002_SEC.text
                                  00023a52  00023a9b        4a   2
TASK_T003_SEC.text
                                  00023a9c  00023add        42   2
OSAPP_A02_SEC.text
                                  00023ade  00023c79       19c   2
ISR_I101_SEC.text
                                  00023c7a  00023c8d        14   2
ISR_I102_SEC.text
                                  00023c8e  00023ca1        14   2
ISR_I103_SEC.text
                                  00023ca2  00023cb5        14   2
ISR_I104_SEC.text
                                  00023cb6  00023cc9        14   2
TASK_T101_SEC.text
                                  00023cca  00023cf9        30   2
TASK_T102_SEC.text
                                  00023cfa  00023d11        18   2
TASK_T103_SEC.text
                                  00023d12  00023d29        18   2
OSAPP_A03_SEC.text
                                  00023d2a  00023e9b       172   2
ISR_I005_SEC.text
                                  00023e9c  00023eaf        14   2
ISR_I006_SEC.text
                                  00023eb0  00023ec3        14   2
TASK_T004_SEC.text
                                  00023ec4  00023edb        18   2
TASK_T005_SEC.text
                                  00023edc  00023ef3        18   2
TASK_T006_SEC.text
                                  00023ef4  00023f0b        18   2
OSAPP_A04_SEC.text
                                  00023f0c  00024069       15e   2
ISR_I105_SEC.text
                                  0002406a  0002407d        14   2
ISR_I106_SEC.text
                                  0002407e  00024091        14   2
TASK_T104_SEC.text
                                  00024092  0002409f         e   2
TASK_T105_SEC.text
                                  000240a0  000240ad         e   2
TASK_T106_SEC.text
                                  000240ae  000240bb         e   2
GLOBAL_RAM_B.text
                                  000240bc  000240bd         2   2
RESET_PE2
                                  00800000  008001f7       1f8   200
EIINTTBL_PE2
                                  00800200  008009ff       800   200
.const
                                  00800a00  00801b94      1195   4
IOC_RESERVED_SEC.const
                                  00801b98  00801b9b         4   4
USER_SHARED_SEC.const
                                  00801b9c  00801b9f         4   4
LOCAL_RAM_PE1.const
                                  00801ba0  00801ba3         4   4
LOCAL_RAM_PE2.const
                                  00801ba4  00801ba7         4   4
SELF_AREA.const
                                  00801ba8  00801bab         4   4
OSAPP_A01_SEC.const
                                  00801bac  00801dea       23f   4
ISR_I001_SEC.const
                                  00801dec  00801e07        1c   4
ISR_I002_SEC.const
                                  00801e08  00801e23        1c   4
ISR_I003_SEC.const
                                  00801e24  00801e3f        1c   4
ISR_I004_SEC.const
                                  00801e40  00801e5b        1c   4
TASK_T001_SEC.const
                                  00801e5c  00801e5f         4   4
TASK_T002_SEC.const
                                  00801e60  00801e6f        10   4
TASK_T003_SEC.const
                                  00801e70  00801e7f        10   4
OSAPP_A02_SEC.const
                                  00801e80  0080208e       20f   4
ISR_I101_SEC.const
                                  00802090  008020aa        1b   4
ISR_I102_SEC.const
                                  008020ac  008020c6        1b   4
ISR_I103_SEC.const
                                  008020c8  008020e2        1b   4
ISR_I104_SEC.const
                                  008020e4  008020fe        1b   4
TASK_T101_SEC.const
                                  00802100  00802103         4   4
TASK_T102_SEC.const
                                  00802104  00802114        11   4
TASK_T103_SEC.const
                                  00802118  00802128        11   4
OSAPP_A03_SEC.const
                                  0080212c  00802332       207   4
ISR_I005_SEC.const
                                  00802334  0080234f        1c   4
ISR_I006_SEC.const
                                  00802350  0080236b        1c   4
TASK_T004_SEC.const
                                  0080236c  0080237b        10   4
TASK_T005_SEC.const
                                  0080237c  0080238b        10   4
TASK_T006_SEC.const
                                  0080238c  0080239b        10   4
OSAPP_A04_SEC.const
                                  0080239c  00802580       1e5   4
ISR_I105_SEC.const
                                  00802584  0080259e        1b   4
ISR_I106_SEC.const
                                  008025a0  008025ba        1b   4
TASK_T104_SEC.const
                                  008025bc  008025bf         4   4
TASK_T105_SEC.const
                                  008025c0  008025c3         4   4
TASK_T106_SEC.const
                                  008025c4  008025c7         4   4
TASK_SysTask_core0.const
                                  008025c8  008025cb         4   4
TASK_SysTask_core1.const
                                  008025cc  008025cf         4   4
GLOBAL_RAM_A.const
                                  008025d0  008025d3         4   4
RETENTION_RAM.const
                                  008025d4  008025d7         4   4
GLOBAL_RAM_B.const
                                  008025d8  008025db         4   4
.data
                                  008025dc  00803d37      175c   4
IOC_RESERVED_SEC.data
                                  00803d38  00803d3b         4   4
USER_SHARED_SEC.data
                                  00803d3c  00803d63        28   4
LOCAL_RAM_PE1.data
                                  00803d64  00803d69         6   4
LOCAL_RAM_PE2.data
                                  00803d6c  00803d6f         4   4
SELF_AREA.data
                                  00803d70  00803d73         4   4
OSAPP_A01_SEC.data
                                  00803d74  00803d7d         a   4
ISR_I001_SEC.data
                                  00803d80  00803d83         4   4
ISR_I002_SEC.data
                                  00803d84  00803d8b         8   4
ISR_I003_SEC.data
                                  00803d8c  00803d8f         4   4
ISR_I004_SEC.data
                                  00803d90  00803d93         4   4
TASK_T001_SEC.data
                                  00803d94  00803d9b         8   4
TASK_T002_SEC.data
                                  00803d9c  00803da3         8   4
TASK_T003_SEC.data
                                  00803da4  00803da7         4   4
OSAPP_A02_SEC.data
                                  00803da8  00803daf         8   4
ISR_I101_SEC.data
                                  00803db0  00803db3         4   4
ISR_I102_SEC.data
                                  00803db4  00803db7         4   4
ISR_I103_SEC.data
                                  00803db8  00803dbb         4   4
ISR_I104_SEC.data
                                  00803dbc  00803dbf         4   4
TASK_T101_SEC.data
                                  00803dc0  00803dc3         4   4
TASK_T102_SEC.data
                                  00803dc4  00803dc7         4   4
TASK_T103_SEC.data
                                  00803dc8  00803dcb         4   4
OSAPP_A03_SEC.data
                                  00803dcc  00803dd7         c   4
ISR_I005_SEC.data
                                  00803dd8  00803ddb         4   4
ISR_I006_SEC.data
                                  00803ddc  00803ddf         4   4
TASK_T004_SEC.data
                                  00803de0  00803de3         4   4
TASK_T005_SEC.data
                                  00803de4  00803de7         4   4
TASK_T006_SEC.data
                                  00803de8  00803deb         4   4
OSAPP_A04_SEC.data
                                  00803dec  00803df3         8   4
ISR_I105_SEC.data
                                  00803df4  00803df7         4   4
ISR_I106_SEC.data
                                  00803df8  00803dfb         4   4
TASK_T104_SEC.data
                                  00803dfc  00803dff         4   4
TASK_T105_SEC.data
                                  00803e00  00803e03         4   4
TASK_T106_SEC.data
                                  00803e04  00803e07         4   4
TASK_SysTask_core0.data
                                  00803e08  00803e0b         4   4
TASK_SysTask_core1.data
                                  00803e0c  00803e0f         4   4
GLOBAL_RAM_A.data
                                  00803e10  00803e13         4   4
RETENTION_RAM.data
                                  00803e14  00803e17         4   4
GLOBAL_RAM_B.data
                                  00803e18  00803e1b         4   4
LOCAL_RAM_PE2.bss
                                  fe9e0000  fe9e0003         4   4
LOCAL_RAM_PE2.data.R
                                  fe9e0004  fe9e0007         4   4
OSAPP_A02_SEC.bss
                                  fe9e0008  fe9e000b         4   4
OSAPP_A02_SEC.data.R
                                  fe9e000c  fe9e0013         8   4
ISR_I101_SEC.bss
                                  fe9e0014  fe9e0017         4   4
ISR_I101_SEC.data.R
                                  fe9e0018  fe9e001b         4   4
ISR_I102_SEC.bss
                                  fe9e001c  fe9e001f         4   4
ISR_I102_SEC.data.R
                                  fe9e0020  fe9e0023         4   4
ISR_I103_SEC.bss
                                  fe9e0024  fe9e0027         4   4
ISR_I103_SEC.data.R
                                  fe9e0028  fe9e002b         4   4
ISR_I104_SEC.bss
                                  fe9e002c  fe9e002f         4   4
ISR_I104_SEC.data.R
                                  fe9e0030  fe9e0033         4   4
TASK_T101_SEC.bss
                                  fe9e0034  fe9e0037         4   4
TASK_T101_SEC.data.R
                                  fe9e0038  fe9e003b         4   4
TASK_T102_SEC.bss
                                  fe9e003c  fe9e003f         4   4
TASK_T102_SEC.data.R
                                  fe9e0040  fe9e0043         4   4
TASK_T103_SEC.bss
                                  fe9e0044  fe9e0047         4   4
TASK_T103_SEC.data.R
                                  fe9e0048  fe9e004b         4   4
OSAPP_A04_SEC.bss
                                  fe9e004c  fe9e004f         4   4
OSAPP_A04_SEC.data.R
                                  fe9e0050  fe9e0057         8   4
ISR_I105_SEC.bss
                                  fe9e0058  fe9e005b         4   4
ISR_I105_SEC.data.R
                                  fe9e005c  fe9e005f         4   4
ISR_I106_SEC.bss
                                  fe9e0060  fe9e0063         4   4
ISR_I106_SEC.data.R
                                  fe9e0064  fe9e0067         4   4
TASK_T104_SEC.bss
                                  fe9e0068  fe9e006b         4   4
TASK_T104_SEC.data.R
                                  fe9e006c  fe9e006f         4   4
TASK_T105_SEC.bss
                                  fe9e0070  fe9e0073         4   4
TASK_T105_SEC.data.R
                                  fe9e0074  fe9e0077         4   4
TASK_T106_SEC.bss
                                  fe9e0078  fe9e007b         4   4
TASK_T106_SEC.data.R
                                  fe9e007c  fe9e007f         4   4
TASK_SysTask_core1.bss
                                  fe9e0080  fe9e0093        14   4
TASK_SysTask_core1.data.R
                                  fe9e0094  fe9e0097         4   4
ALL_TASK_ISR_STACK_PE2.bss
                                  fe9e0098  fe9e1897      1800   4
system_pe2_stack.bss
                                  fe9e1898  fe9e1c97       400   4
LOCAL_RAM_PE1.bss
                                  febc0000  febc0003         4   4
LOCAL_RAM_PE1.data.R
                                  febc0004  febc0009         6   4
OSAPP_A01_SEC.bss
                                  febc000c  febc000f         4   4
OSAPP_A01_SEC.data.R
                                  febc0010  febc0019         a   4
ISR_I001_SEC.bss
                                  febc001c  febc001f         4   4
ISR_I001_SEC.data.R
                                  febc0020  febc0023         4   4
ISR_I002_SEC.bss
                                  febc0024  febc0027         4   4
ISR_I002_SEC.data.R
                                  febc0028  febc002f         8   4
ISR_I003_SEC.bss
                                  febc0030  febc0033         4   4
ISR_I003_SEC.data.R
                                  febc0034  febc0037         4   4
ISR_I004_SEC.bss
                                  febc0038  febc003b         4   4
ISR_I004_SEC.data.R
                                  febc003c  febc003f         4   4
TASK_T001_SEC.bss
                                  febc0040  febc0043         4   4
TASK_T001_SEC.data.R
                                  febc0044  febc004b         8   4
TASK_T002_SEC.bss
                                  febc004c  febc004f         4   4
TASK_T002_SEC.data.R
                                  febc0050  febc0057         8   4
TASK_T003_SEC.bss
                                  febc0058  febc005b         4   4
TASK_T003_SEC.data.R
                                  febc005c  febc005f         4   4
OSAPP_A03_SEC.bss
                                  febc0060  febc0063         4   4
OSAPP_A03_SEC.data.R
                                  febc0064  febc006f         c   4
ISR_I005_SEC.bss
                                  febc0070  febc0073         4   4
ISR_I005_SEC.data.R
                                  febc0074  febc0077         4   4
ISR_I006_SEC.bss
                                  febc0078  febc007b         4   4
ISR_I006_SEC.data.R
                                  febc007c  febc007f         4   4
TASK_T004_SEC.bss
                                  febc0080  febc0083         4   4
TASK_T004_SEC.data.R
                                  febc0084  febc0087         4   4
TASK_T005_SEC.bss
                                  febc0088  febc008b         4   4
TASK_T005_SEC.data.R
                                  febc008c  febc008f         4   4
TASK_T006_SEC.bss
                                  febc0090  febc0093         4   4
TASK_T006_SEC.data.R
                                  febc0094  febc0097         4   4
TASK_SysTask_core0.bss
                                  febc0098  febc00ab        14   4
TASK_SysTask_core0.data.R
                                  febc00ac  febc00af         4   4
ALL_TASK_ISR_STACK_PE1.bss
                                  febc00b0  febc18af      1800   4
system_pe1_stack.bss
                                  febc18b0  febc1caf       400   4
SELF_AREA.bss
                                  fedfe000  fedfe053        54   4
SELF_AREA.data.R
                                  fedfe054  fedfe057         4   4
IOC_RESERVED_SEC.bss
                                  feef8000  feef8003         4   4
IOC_RESERVED_SEC.data.R
                                  feef8004  feef8007         4   4
GLOBAL_RAM_A.bss
                                  feef8008  feef802b        24   4
GLOBAL_RAM_A.data.R
                                  feef802c  feef802f         4   4
.bss
                                  fef01000  fef02779      177a   4
.data.R
                                  fef0277c  fef03ed7      175c   4
RETENTION_RAM.bss
                                  fef03ed8  fef03edb         4   4
RETENTION_RAM.data.R
                                  fef03edc  fef03edf         4   4
USER_SHARED_SEC.bss
                                  feff8000  feff8057        58   4
USER_SHARED_SEC.data.R
                                  feff8058  feff807f        28   4
GLOBAL_RAM_B.bss
                                  feff8080  feff8083         4   4
GLOBAL_RAM_B.data.R
                                  feff8084  feff8087         4   4
TASK_SysTask_core0.text
                                  feff8088  feff8089         2   2
TASK_SysTask_core1.text
                                  feff808a  feff808b         2   2
